Archive member included to satisfy reference by file (symbol)

d:/gcc arm/10 2021.10/bin/../lib/gcc/arm-none-eabi/10.3.1/../../../../arm-none-eabi/lib/thumb/v7e-m+fp/hard\libc_nano.a(lib_a-calloc.o)
                              build/sha256.o (calloc)
d:/gcc arm/10 2021.10/bin/../lib/gcc/arm-none-eabi/10.3.1/../../../../arm-none-eabi/lib/thumb/v7e-m+fp/hard\libc_nano.a(lib_a-exit.o)
                              d:/gcc arm/10 2021.10/bin/../lib/gcc/arm-none-eabi/10.3.1/../../../../arm-none-eabi/lib/thumb/v7e-m+fp/hard/crt0.o (exit)
d:/gcc arm/10 2021.10/bin/../lib/gcc/arm-none-eabi/10.3.1/../../../../arm-none-eabi/lib/thumb/v7e-m+fp/hard\libc_nano.a(lib_a-impure.o)
                              d:/gcc arm/10 2021.10/bin/../lib/gcc/arm-none-eabi/10.3.1/../../../../arm-none-eabi/lib/thumb/v7e-m+fp/hard\libc_nano.a(lib_a-exit.o) (_global_impure_ptr)
d:/gcc arm/10 2021.10/bin/../lib/gcc/arm-none-eabi/10.3.1/../../../../arm-none-eabi/lib/thumb/v7e-m+fp/hard\libc_nano.a(lib_a-init.o)
                              d:/gcc arm/10 2021.10/bin/../lib/gcc/arm-none-eabi/10.3.1/../../../../arm-none-eabi/lib/thumb/v7e-m+fp/hard/crt0.o (__libc_init_array)
d:/gcc arm/10 2021.10/bin/../lib/gcc/arm-none-eabi/10.3.1/../../../../arm-none-eabi/lib/thumb/v7e-m+fp/hard\libc_nano.a(lib_a-malloc.o)
                              build/main.o (malloc)
d:/gcc arm/10 2021.10/bin/../lib/gcc/arm-none-eabi/10.3.1/../../../../arm-none-eabi/lib/thumb/v7e-m+fp/hard\libc_nano.a(lib_a-memcmp.o)
                              build/coap.o (memcmp)
d:/gcc arm/10 2021.10/bin/../lib/gcc/arm-none-eabi/10.3.1/../../../../arm-none-eabi/lib/thumb/v7e-m+fp/hard\libc_nano.a(lib_a-memcpy-stub.o)
                              build/coap_port.o (memcpy)
d:/gcc arm/10 2021.10/bin/../lib/gcc/arm-none-eabi/10.3.1/../../../../arm-none-eabi/lib/thumb/v7e-m+fp/hard\libc_nano.a(lib_a-memset.o)
                              d:/gcc arm/10 2021.10/bin/../lib/gcc/arm-none-eabi/10.3.1/../../../../arm-none-eabi/lib/thumb/v7e-m+fp/hard/crt0.o (memset)
d:/gcc arm/10 2021.10/bin/../lib/gcc/arm-none-eabi/10.3.1/../../../../arm-none-eabi/lib/thumb/v7e-m+fp/hard\libc_nano.a(lib_a-nano-callocr.o)
                              d:/gcc arm/10 2021.10/bin/../lib/gcc/arm-none-eabi/10.3.1/../../../../arm-none-eabi/lib/thumb/v7e-m+fp/hard\libc_nano.a(lib_a-calloc.o) (_calloc_r)
d:/gcc arm/10 2021.10/bin/../lib/gcc/arm-none-eabi/10.3.1/../../../../arm-none-eabi/lib/thumb/v7e-m+fp/hard\libc_nano.a(lib_a-nano-freer.o)
                              d:/gcc arm/10 2021.10/bin/../lib/gcc/arm-none-eabi/10.3.1/../../../../arm-none-eabi/lib/thumb/v7e-m+fp/hard\libc_nano.a(lib_a-malloc.o) (_free_r)
d:/gcc arm/10 2021.10/bin/../lib/gcc/arm-none-eabi/10.3.1/../../../../arm-none-eabi/lib/thumb/v7e-m+fp/hard\libc_nano.a(lib_a-nano-mallocr.o)
                              d:/gcc arm/10 2021.10/bin/../lib/gcc/arm-none-eabi/10.3.1/../../../../arm-none-eabi/lib/thumb/v7e-m+fp/hard\libc_nano.a(lib_a-malloc.o) (_malloc_r)
d:/gcc arm/10 2021.10/bin/../lib/gcc/arm-none-eabi/10.3.1/../../../../arm-none-eabi/lib/thumb/v7e-m+fp/hard\libc_nano.a(lib_a-printf.o)
                              build/w5500_phy.o (printf)
d:/gcc arm/10 2021.10/bin/../lib/gcc/arm-none-eabi/10.3.1/../../../../arm-none-eabi/lib/thumb/v7e-m+fp/hard\libc_nano.a(lib_a-putchar.o)
                              build/sha256.o (putchar)
d:/gcc arm/10 2021.10/bin/../lib/gcc/arm-none-eabi/10.3.1/../../../../arm-none-eabi/lib/thumb/v7e-m+fp/hard\libc_nano.a(lib_a-puts.o)
                              build/w5500_phy.o (puts)
d:/gcc arm/10 2021.10/bin/../lib/gcc/arm-none-eabi/10.3.1/../../../../arm-none-eabi/lib/thumb/v7e-m+fp/hard\libc_nano.a(lib_a-rand.o)
                              build/coap_port.o (rand)
d:/gcc arm/10 2021.10/bin/../lib/gcc/arm-none-eabi/10.3.1/../../../../arm-none-eabi/lib/thumb/v7e-m+fp/hard\libc_nano.a(lib_a-sbrkr.o)
                              d:/gcc arm/10 2021.10/bin/../lib/gcc/arm-none-eabi/10.3.1/../../../../arm-none-eabi/lib/thumb/v7e-m+fp/hard\libc_nano.a(lib_a-nano-mallocr.o) (_sbrk_r)
d:/gcc arm/10 2021.10/bin/../lib/gcc/arm-none-eabi/10.3.1/../../../../arm-none-eabi/lib/thumb/v7e-m+fp/hard\libc_nano.a(lib_a-setbuf.o)
                              build/w5500_host_config.o (setbuf)
d:/gcc arm/10 2021.10/bin/../lib/gcc/arm-none-eabi/10.3.1/../../../../arm-none-eabi/lib/thumb/v7e-m+fp/hard\libc_nano.a(lib_a-setvbuf.o)
                              d:/gcc arm/10 2021.10/bin/../lib/gcc/arm-none-eabi/10.3.1/../../../../arm-none-eabi/lib/thumb/v7e-m+fp/hard\libc_nano.a(lib_a-setbuf.o) (setvbuf)
d:/gcc arm/10 2021.10/bin/../lib/gcc/arm-none-eabi/10.3.1/../../../../arm-none-eabi/lib/thumb/v7e-m+fp/hard\libc_nano.a(lib_a-strlen.o)
                              build/coap_port.o (strlen)
d:/gcc arm/10 2021.10/bin/../lib/gcc/arm-none-eabi/10.3.1/../../../../arm-none-eabi/lib/thumb/v7e-m+fp/hard\libc_nano.a(lib_a-strncat.o)
                              build/endpoints.o (strncat)
[...]
Memory Configuration

Name             Origin             Length             Attributes
FLASH            0x08000000         0x00060000         xr
RAM              0x20000000         0x00018000         xrw
*default*        0x00000000         0xffffffff

Linker script and memory map

LOAD d:/gcc arm/10 2021.10/bin/../lib/gcc/arm-none-eabi/10.3.1/thumb/v7e-m+fp/hard/crti.o
LOAD d:/gcc arm/10 2021.10/bin/../lib/gcc/arm-none-eabi/10.3.1/thumb/v7e-m+fp/hard/crtbegin.o
LOAD d:/gcc arm/10 2021.10/bin/../lib/gcc/arm-none-eabi/10.3.1/../../../../arm-none-eabi/lib/thumb/v7e-m+fp/hard/crt0.o
LOAD build/blink.o
LOAD build/tee.o
LOAD build/boot.o
LOAD build/uart.o
LOAD build/clock.o
LOAD build/main.o
LOAD build/w5500_run.o
LOAD build/ext_int.o
LOAD build/coap_port.o
LOAD build/coap.o
LOAD build/endpoints.o
LOAD build/dhcp.o
LOAD build/socket.o
LOAD build/w5500_host_config.o
LOAD build/w5500_phy.o
LOAD build/w5500_spi.o
LOAD build/wizchip_conf.o
LOAD build/w5500.o
LOAD build/sha256.o
LOAD build/system_stm32f4xx.o
LOAD build/startup_stm32f401.o
LOAD d:/gcc arm/10 2021.10/bin/../lib/gcc/arm-none-eabi/10.3.1/../../../../arm-none-eabi/lib/thumb/v7e-m+fp/hard\libc_nano.a
LOAD d:/gcc arm/10 2021.10/bin/../lib/gcc/arm-none-eabi/10.3.1/../../../../arm-none-eabi/lib/thumb/v7e-m+fp/hard\libm.a
LOAD d:/gcc arm/10 2021.10/bin/../lib/gcc/arm-none-eabi/10.3.1/../../../../arm-none-eabi/lib/thumb/v7e-m+fp/hard\libnosys.a
START GROUP
LOAD d:/gcc arm/10 2021.10/bin/../lib/gcc/arm-none-eabi/10.3.1/thumb/v7e-m+fp/hard\libgcc.a
LOAD d:/gcc arm/10 2021.10/bin/../lib/gcc/arm-none-eabi/10.3.1/../../../../arm-none-eabi/lib/thumb/v7e-m+fp/hard\libc_nano.a
END GROUP
START GROUP
LOAD d:/gcc arm/10 2021.10/bin/../lib/gcc/arm-none-eabi/10.3.1/thumb/v7e-m+fp/hard\libgcc.a
LOAD d:/gcc arm/10 2021.10/bin/../lib/gcc/arm-none-eabi/10.3.1/../../../../arm-none-eabi/lib/thumb/v7e-m+fp/hard\libc_nano.a
END GROUP
LOAD d:/gcc arm/10 2021.10/bin/../lib/gcc/arm-none-eabi/10.3.1/thumb/v7e-m+fp/hard/crtend.o
LOAD d:/gcc arm/10 2021.10/bin/../lib/gcc/arm-none-eabi/10.3.1/thumb/v7e-m+fp/hard/crtn.o
                0x00000200                _Min_Heap_Size = 0x200
                0x00000400                _Min_Stack_Size = 0x400
                0x20018000                _estack = (ORIGIN (RAM) + LENGTH (RAM))

.isr_vector     0x08000000      0x194
                0x08000000                . = ALIGN (0x4)
 *(.isr_vector)
 .isr_vector    0x08000000      0x194 build/startup_stm32f401.o
                0x08000000                g_pfnVectors
                0x08000194                . = ALIGN (0x4)

.text           0x080001a0     0x42fc
                0x080001a0                . = ALIGN (0x4)
 *(.text)
 .text          0x080001a0       0x10 d:/gcc arm/10 2021.10/bin/../lib/gcc/arm-none-eabi/10.3.1/../../../../arm-none-eabi/lib/thumb/v7e-m+fp/hard\libc_nano.a(lib_a-strlen.o)
                0x080001a0                strlen
 .text          0x080001b0       0xa0 d:/gcc arm/10 2021.10/bin/../lib/gcc/arm-none-eabi/10.3.1/../../../../arm-none-eabi/lib/thumb/v7e-m+fp/hard\libc_nano.a(lib_a-memchr.o)
                0x080001b0                memchr
 *(.text*)
 .text.blink_init
                0x08000250       0x3c build/blink.o
                0x08000250                blink_init
 .text.blink_run
                0x0800028c       0x38 build/blink.o
                0x0800028c                blink_run
 .text.SysTick_Handler
                0x080002c4       0x1c build/clock.o
                0x080002c4                SysTick_Handler
 .text.delay_ms
                0x080002e0       0x30 build/clock.o
                0x080002e0                delay_ms
 .text.__NVIC_SetPriority
                0x08000310       0x54 build/main.o
 .text.SysTick_Config
                0x08000364       0x44 build/main.o
 .text.main     0x080003a8       0x60 build/main.o
                0x080003a8                main
 .text.USART1_IRQHandler
                0x08000408       0x70 build/main.o
                0x08000408                USART1_IRQHandler
 .text.w5500_network_init
                0x08000478       0xf4 build/w5500_run.o
                0x08000478                w5500_network_init
 .text.udp_init
                0x0800056c       0x24 build/w5500_run.o
                0x0800056c                udp_init
 .text.coap_init
                0x08000590       0x1c build/coap_port.o
                0x08000590                coap_init
 .text.coap_send
                0x080005ac       0x40 build/coap_port.o
                0x080005ac                coap_send
 .text.coap_receive
                0x080005ec       0x48 build/coap_port.o
                0x080005ec                coap_receive
 .text.coap_send_get
                0x08000634       0xe0 build/coap_port.o
                0x08000634                coap_send_get
 .text.coap_send_put
                0x08000714      0x124 build/coap_port.o
                0x08000714                coap_send_put
 .text.coap_handle_response
                0x08000838       0xe8 build/coap_port.o
                0x08000838                coap_handle_response
 .text.EXTI1_IRQHandler
                0x08000920       0xf0 build/coap_port.o
                0x08000920                EXTI1_IRQHandler
 .text.coap_parseHeader
                0x08000a10       0x74 build/coap.o
                0x08000a10                coap_parseHeader
 .text.coap_parseToken
                0x08000a84       0x62 build/coap.o
                0x08000a84                coap_parseToken
 .text.coap_parseOption
                0x08000ae6      0x182 build/coap.o
                0x08000ae6                coap_parseOption
 .text.coap_parseOptionsAndPayload
                0x08000c68       0xce build/coap.o
                0x08000c68                coap_parseOptionsAndPayload
 .text.coap_parse
                0x08000d36       0x7e build/coap.o
                0x08000d36                coap_parse
 .text.coap_build
                0x08000db4      0x2d8 build/coap.o
                0x08000db4                coap_build
 .text.coap_option_nibble
                0x0800108c       0x48 build/coap.o
                0x0800108c                coap_option_nibble
 .text.socket   0x080010d4      0x22c build/socket.o
                0x080010d4                socket
 .text.close    0x08001300       0xdc build/socket.o
                0x08001300                close
 .text.sendto   0x080013dc      0x26c build/socket.o
                0x080013dc                sendto
 .text.recvfrom
                0x08001648      0x3dc build/socket.o
                0x08001648                recvfrom
 .text.static_host_configuration
                0x08001a24       0xb8 build/w5500_host_config.o
                0x08001a24                static_host_configuration
 .text.check_cable_presence
                0x08001adc       0x6c build/w5500_phy.o
                0x08001adc                check_cable_presence
 .text.check_phy_status
                0x08001b48      0x140 build/w5500_phy.o
                0x08001b48                check_phy_status
 .text.__NVIC_EnableIRQ
                0x08001c88       0x3c build/w5500_spi.o
 .text.__NVIC_SetPriority
                0x08001cc4       0x54 build/w5500_spi.o
 .text.SPIReadWrite
                0x08001d18       0x48 build/w5500_spi.o
                0x08001d18                SPIReadWrite
 .text.wizchip_deselect
                0x08001d60       0x18 build/w5500_spi.o
                0x08001d60                wizchip_deselect
 .text.wizchip_select
                0x08001d78       0x1c build/w5500_spi.o
                0x08001d78                wizchip_select
 .text.wizchip_read
                0x08001d94       0x10 build/w5500_spi.o
                0x08001d94                wizchip_read
 .text.wizchip_write
                0x08001da4       0x1a build/w5500_spi.o
                0x08001da4                wizchip_write
 .text.wizchip_read_burst
                0x08001dbe       0x3a build/w5500_spi.o
                0x08001dbe                wizchip_read_burst
 .text.wizchip_write_burst
                0x08001df8       0x38 build/w5500_spi.o
                0x08001df8                wizchip_write_burst
 .text.w5500_pins_init
                0x08001e30      0x114 build/w5500_spi.o
                0x08001e30                w5500_pins_init
 .text.w5500_init
                0x08001f44       0xcc build/w5500_spi.o
                0x08001f44                w5500_init
 .text.wizchip_cris_enter
                0x08002010        0xe build/wizchip_conf.o
                0x08002010                wizchip_cris_enter
 .text.wizchip_cris_exit
                0x0800201e        0xe build/wizchip_conf.o
                0x0800201e                wizchip_cris_exit
 .text.wizchip_cs_select
                0x0800202c        0xe build/wizchip_conf.o
                0x0800202c                wizchip_cs_select
 .text.wizchip_cs_deselect
                0x0800203a        0xe build/wizchip_conf.o
                0x0800203a                wizchip_cs_deselect
 .text.wizchip_bus_readdata
                0x08002048       0x1a build/wizchip_conf.o
                0x08002048                wizchip_bus_readdata
 .text.wizchip_bus_writedata
                0x08002062       0x1e build/wizchip_conf.o
                0x08002062                wizchip_bus_writedata
 .text.wizchip_spi_readbyte
                0x08002080       0x10 build/wizchip_conf.o
                0x08002080                wizchip_spi_readbyte
 .text.wizchip_spi_writebyte
                0x08002090       0x16 build/wizchip_conf.o
                0x08002090                wizchip_spi_writebyte
 .text.wizchip_spi_readburst
                0x080020a6       0x18 build/wizchip_conf.o
                0x080020a6                wizchip_spi_readburst
 .text.wizchip_spi_writeburst
                0x080020be       0x18 build/wizchip_conf.o
                0x080020be                wizchip_spi_writeburst
 *fill*         0x080020d6        0x2 
 .text.reg_wizchip_cs_cbfunc
                0x080020d8       0x4c build/wizchip_conf.o
                0x080020d8                reg_wizchip_cs_cbfunc
 .text.reg_wizchip_spi_cbfunc
                0x08002124       0x58 build/wizchip_conf.o
                0x08002124                reg_wizchip_spi_cbfunc
 .text.reg_wizchip_spiburst_cbfunc
                0x0800217c       0x58 build/wizchip_conf.o
                0x0800217c                reg_wizchip_spiburst_cbfunc
 .text.ctlwizchip
                0x080021d4      0x1c4 build/wizchip_conf.o
                0x080021d4                ctlwizchip
 .text.ctlnetwork
                0x08002398       0x7c build/wizchip_conf.o
                0x08002398                ctlnetwork
 .text.wizchip_sw_reset
                0x08002414       0x98 build/wizchip_conf.o
                0x08002414                wizchip_sw_reset
 .text.wizchip_init
                0x080024ac      0x118 build/wizchip_conf.o
                0x080024ac                wizchip_init
 .text.wizchip_clrinterrupt
                0x080025c4       0x68 build/wizchip_conf.o
                0x080025c4                wizchip_clrinterrupt
 .text.wizchip_getinterrupt
                0x0800262c       0x4a build/wizchip_conf.o
                0x0800262c                wizchip_getinterrupt
 .text.wizchip_setinterruptmask
                0x08002676       0x36 build/wizchip_conf.o
                0x08002676                wizchip_setinterruptmask
 .text.wizchip_getinterruptmask
                0x080026ac       0x46 build/wizchip_conf.o
                0x080026ac                wizchip_getinterruptmask
 .text.wizphy_getphylink
                0x080026f2       0x2c build/wizchip_conf.o
                0x080026f2                wizphy_getphylink
 .text.wizphy_getphypmode
                0x0800271e       0x32 build/wizchip_conf.o
                0x0800271e                wizphy_getphypmode
 .text.wizphy_reset
                0x08002750       0x4e build/wizchip_conf.o
                0x08002750                wizphy_reset
 .text.wizphy_setphyconf
                0x0800279e       0x84 build/wizchip_conf.o
                0x0800279e                wizphy_setphyconf
 .text.wizphy_getphyconf
                0x08002822       0xd2 build/wizchip_conf.o
                0x08002822                wizphy_getphyconf
 .text.wizphy_setphypmode
                0x080028f4       0x94 build/wizchip_conf.o
                0x080028f4                wizphy_setphypmode
 .text.wizchip_setnetinfo
                0x08002988       0x80 build/wizchip_conf.o
                0x08002988                wizchip_setnetinfo
 .text.wizchip_getnetinfo
                0x08002a08       0x80 build/wizchip_conf.o
                0x08002a08                wizchip_getnetinfo
 .text.wizchip_setnetmode
                0x08002a88       0x44 build/wizchip_conf.o
                0x08002a88                wizchip_setnetmode
 .text.wizchip_getnetmode
                0x08002acc       0x10 build/wizchip_conf.o
                0x08002acc                wizchip_getnetmode
 .text.wizchip_settimeout
                0x08002adc       0x42 build/wizchip_conf.o
                0x08002adc                wizchip_settimeout
 .text.wizchip_gettimeout
                0x08002b1e       0x44 build/wizchip_conf.o
                0x08002b1e                wizchip_gettimeout
 *fill*         0x08002b62        0x2 
 .text.WIZCHIP_READ
                0x08002b64       0x98 build/w5500.o
                0x08002b64                WIZCHIP_READ
 .text.WIZCHIP_WRITE
                0x08002bfc       0x9c build/w5500.o
                0x08002bfc                WIZCHIP_WRITE
 .text.WIZCHIP_READ_BUF
                0x08002c98       0xc0 build/w5500.o
                0x08002c98                WIZCHIP_READ_BUF
 .text.WIZCHIP_WRITE_BUF
                0x08002d58       0xc0 build/w5500.o
                0x08002d58                WIZCHIP_WRITE_BUF
 .text.getSn_TX_FSR
                0x08002e18       0x96 build/w5500.o
                0x08002e18                getSn_TX_FSR
 .text.getSn_RX_RSR
                0x08002eae       0x96 build/w5500.o
                0x08002eae                getSn_RX_RSR
 .text.wiz_send_data
                0x08002f44       0xb8 build/w5500.o
                0x08002f44                wiz_send_data
 .text.wiz_recv_data
                0x08002ffc       0xb8 build/w5500.o
                0x08002ffc                wiz_recv_data
 .text.wiz_recv_ignore
                0x080030b4       0x90 build/w5500.o
                0x080030b4                wiz_recv_ignore
 .text.SystemInit
                0x08003144       0x24 build/system_stm32f4xx.o
                0x08003144                SystemInit
 .text.Reset_Handler
                0x08003168       0x50 build/startup_stm32f401.o
                0x08003168                Reset_Handler
 .text.Default_Handler
                0x080031b8        0x2 build/startup_stm32f401.o
                0x080031b8                RTC_Alarm_IRQHandler
                0x080031b8                EXTI2_IRQHandler
                0x080031b8                DebugMon_Handler
                0x080031b8                SPI4_IRQHandler
                0x080031b8                TIM1_CC_IRQHandler
                0x080031b8                DMA2_Stream5_IRQHandler
                0x080031b8                HardFault_Handler
                0x080031b8                DMA1_Stream5_IRQHandler
                0x080031b8                PVD_IRQHandler
                0x080031b8                SDIO_IRQHandler
                0x080031b8                TAMP_STAMP_IRQHandler
                0x080031b8                PendSV_Handler
                0x080031b8                NMI_Handler
                0x080031b8                EXTI3_IRQHandler
                0x080031b8                TIM1_UP_TIM10_IRQHandler
                0x080031b8                I2C3_ER_IRQHandler
                0x080031b8                EXTI0_IRQHandler
                0x080031b8                I2C2_EV_IRQHandler
                0x080031b8                DMA1_Stream2_IRQHandler
                0x080031b8                FPU_IRQHandler
                0x080031b8                UsageFault_Handler
                0x080031b8                DMA2_Stream2_IRQHandler
                0x080031b8                SPI1_IRQHandler
                0x080031b8                TIM1_BRK_TIM9_IRQHandler
                0x080031b8                DMA2_Stream3_IRQHandler
                0x080031b8                USART6_IRQHandler
                0x080031b8                DMA2_Stream0_IRQHandler
                0x080031b8                TIM4_IRQHandler
                0x080031b8                I2C1_EV_IRQHandler
                0x080031b8                DMA1_Stream6_IRQHandler
                0x080031b8                DMA1_Stream1_IRQHandler
                0x080031b8                TIM3_IRQHandler
                0x080031b8                RCC_IRQHandler
                0x080031b8                Default_Handler
                0x080031b8                EXTI15_10_IRQHandler
                0x080031b8                ADC_IRQHandler
                0x080031b8                DMA1_Stream7_IRQHandler
                0x080031b8                TIM5_IRQHandler
                0x080031b8                DMA2_Stream7_IRQHandler
                0x080031b8                I2C3_EV_IRQHandler
                0x080031b8                EXTI9_5_IRQHandler
                0x080031b8                RTC_WKUP_IRQHandler
                0x080031b8                SPI2_IRQHandler
                0x080031b8                MemManage_Handler
                0x080031b8                DMA1_Stream0_IRQHandler
                0x080031b8                SVC_Handler
                0x080031b8                EXTI4_IRQHandler
                0x080031b8                WWDG_IRQHandler
                0x080031b8                TIM2_IRQHandler
                0x080031b8                OTG_FS_WKUP_IRQHandler
                0x080031b8                TIM1_TRG_COM_TIM11_IRQHandler
                0x080031b8                USART2_IRQHandler
                0x080031b8                I2C2_ER_IRQHandler
                0x080031b8                DMA2_Stream1_IRQHandler
                0x080031b8                FLASH_IRQHandler
                0x080031b8                DMA2_Stream4_IRQHandler
                0x080031b8                BusFault_Handler
                0x080031b8                OTG_FS_IRQHandler
                0x080031b8                SPI3_IRQHandler
                0x080031b8                DMA1_Stream4_IRQHandler
                0x080031b8                I2C1_ER_IRQHandler
                0x080031b8                DMA2_Stream6_IRQHandler
                0x080031b8                DMA1_Stream3_IRQHandler
 *fill*         0x080031ba        0x2 
 .text.__libc_init_array
                0x080031bc       0x48 d:/gcc arm/10 2021.10/bin/../lib/gcc/arm-none-eabi/10.3.1/../../../../arm-none-eabi/lib/thumb/v7e-m+fp/hard\libc_nano.a(lib_a-init.o)
                0x080031bc                __libc_init_array
 .text.malloc   0x08003204       0x10 d:/gcc arm/10 2021.10/bin/../lib/gcc/arm-none-eabi/10.3.1/../../../../arm-none-eabi/lib/thumb/v7e-m+fp/hard\libc_nano.a(lib_a-malloc.o)
                0x08003204                malloc
 .text.memcpy   0x08003214       0x1c d:/gcc arm/10 2021.10/bin/../lib/gcc/arm-none-eabi/10.3.1/../../../../arm-none-eabi/lib/thumb/v7e-m+fp/hard\libc_nano.a(lib_a-memcpy-stub.o)
                0x08003214                memcpy
 .text.memset   0x08003230       0x10 d:/gcc arm/10 2021.10/bin/../lib/gcc/arm-none-eabi/10.3.1/../../../../arm-none-eabi/lib/thumb/v7e-m+fp/hard\libc_nano.a(lib_a-memset.o)
                0x08003230                memset
 .text._free_r  0x08003240       0x98 d:/gcc arm/10 2021.10/bin/../lib/gcc/arm-none-eabi/10.3.1/../../../../arm-none-eabi/lib/thumb/v7e-m+fp/hard\libc_nano.a(lib_a-nano-freer.o)
                0x08003240                _free_r
 .text.sbrk_aligned
                0x080032d8       0x40 d:/gcc arm/10 2021.10/bin/../lib/gcc/arm-none-eabi/10.3.1/../../../../arm-none-eabi/lib/thumb/v7e-m+fp/hard\libc_nano.a(lib_a-nano-mallocr.o)
 .text._malloc_r
                0x08003318       0xe8 d:/gcc arm/10 2021.10/bin/../lib/gcc/arm-none-eabi/10.3.1/../../../../arm-none-eabi/lib/thumb/v7e-m+fp/hard\libc_nano.a(lib_a-nano-mallocr.o)
                0x08003318                _malloc_r
 .text.printf   0x08003400       0x30 d:/gcc arm/10 2021.10/bin/../lib/gcc/arm-none-eabi/10.3.1/../../../../arm-none-eabi/lib/thumb/v7e-m+fp/hard\libc_nano.a(lib_a-printf.o)
                0x08003400                iprintf
                0x08003400                printf
 .text._puts_r  0x08003430       0xdc d:/gcc arm/10 2021.10/bin/../lib/gcc/arm-none-eabi/10.3.1/../../../../arm-none-eabi/lib/thumb/v7e-m+fp/hard\libc_nano.a(lib_a-puts.o)
                0x08003430                _puts_r
 .text.puts     0x0800350c       0x10 d:/gcc arm/10 2021.10/bin/../lib/gcc/arm-none-eabi/10.3.1/../../../../arm-none-eabi/lib/thumb/v7e-m+fp/hard\libc_nano.a(lib_a-puts.o)
                0x0800350c                puts
 .text.rand     0x0800351c       0x7c d:/gcc arm/10 2021.10/bin/../lib/gcc/arm-none-eabi/10.3.1/../../../../arm-none-eabi/lib/thumb/v7e-m+fp/hard\libc_nano.a(lib_a-rand.o)
                0x0800351c                rand
 .text._sbrk_r  0x08003598       0x20 d:/gcc arm/10 2021.10/bin/../lib/gcc/arm-none-eabi/10.3.1/../../../../arm-none-eabi/lib/thumb/v7e-m+fp/hard\libc_nano.a(lib_a-sbrkr.o)
                0x08003598                _sbrk_r
 .text.strncmp  0x080035b8       0x28 d:/gcc arm/10 2021.10/bin/../lib/gcc/arm-none-eabi/10.3.1/../../../../arm-none-eabi/lib/thumb/v7e-m+fp/hard\libc_nano.a(lib_a-strncmp.o)
                0x080035b8                strncmp
 .text.__swbuf_r
                0x080035e0       0xa4 d:/gcc arm/10 2021.10/bin/../lib/gcc/arm-none-eabi/10.3.1/../../../../arm-none-eabi/lib/thumb/v7e-m+fp/hard\libc_nano.a(lib_a-wbuf.o)
                0x080035e0                __swbuf_r
 .text.__swsetup_r
                0x08003684       0xdc d:/gcc arm/10 2021.10/bin/../lib/gcc/arm-none-eabi/10.3.1/../../../../arm-none-eabi/lib/thumb/v7e-m+fp/hard\libc_nano.a(lib_a-wsetup.o)
                0x08003684                __swsetup_r
 .text.__assert_func
                0x08003760       0x3c d:/gcc arm/10 2021.10/bin/../lib/gcc/arm-none-eabi/10.3.1/../../../../arm-none-eabi/lib/thumb/v7e-m+fp/hard\libc_nano.a(lib_a-assert.o)
                0x08003760                __assert_func
 .text.__sflush_r
                0x0800379c      0x10c d:/gcc arm/10 2021.10/bin/../lib/gcc/arm-none-eabi/10.3.1/../../../../arm-none-eabi/lib/thumb/v7e-m+fp/hard\libc_nano.a(lib_a-fflush.o)
                0x0800379c                __sflush_r
 .text._fflush_r
                0x080038a8       0x78 d:/gcc arm/10 2021.10/bin/../lib/gcc/arm-none-eabi/10.3.1/../../../../arm-none-eabi/lib/thumb/v7e-m+fp/hard\libc_nano.a(lib_a-fflush.o)
                0x080038a8                _fflush_r
 .text.std      0x08003920       0x48 d:/gcc arm/10 2021.10/bin/../lib/gcc/arm-none-eabi/10.3.1/../../../../arm-none-eabi/lib/thumb/v7e-m+fp/hard\libc_nano.a(lib_a-findfp.o)
 .text._cleanup_r
                0x08003968        0xc d:/gcc arm/10 2021.10/bin/../lib/gcc/arm-none-eabi/10.3.1/../../../../arm-none-eabi/lib/thumb/v7e-m+fp/hard\libc_nano.a(lib_a-findfp.o)
                0x08003968                _cleanup_r
 .text.__sfmoreglue
                0x08003974       0x2c d:/gcc arm/10 2021.10/bin/../lib/gcc/arm-none-eabi/10.3.1/../../../../arm-none-eabi/lib/thumb/v7e-m+fp/hard\libc_nano.a(lib_a-findfp.o)
                0x08003974                __sfmoreglue
 .text.__sfp_lock_acquire
                0x080039a0        0xc d:/gcc arm/10 2021.10/bin/../lib/gcc/arm-none-eabi/10.3.1/../../../../arm-none-eabi/lib/thumb/v7e-m+fp/hard\libc_nano.a(lib_a-findfp.o)
                0x080039a0                __sfp_lock_acquire
 .text.__sfp_lock_release
                0x080039ac        0xc d:/gcc arm/10 2021.10/bin/../lib/gcc/arm-none-eabi/10.3.1/../../../../arm-none-eabi/lib/thumb/v7e-m+fp/hard\libc_nano.a(lib_a-findfp.o)
                0x080039ac                __sfp_lock_release
 .text.__sinit_lock_acquire
                0x080039b8        0xc d:/gcc arm/10 2021.10/bin/../lib/gcc/arm-none-eabi/10.3.1/../../../../arm-none-eabi/lib/thumb/v7e-m+fp/hard\libc_nano.a(lib_a-findfp.o)
                0x080039b8                __sinit_lock_acquire
 .text.__sinit_lock_release
                0x080039c4        0xc d:/gcc arm/10 2021.10/bin/../lib/gcc/arm-none-eabi/10.3.1/../../../../arm-none-eabi/lib/thumb/v7e-m+fp/hard\libc_nano.a(lib_a-findfp.o)
                0x080039c4                __sinit_lock_release
 .text.__sinit  0x080039d0       0x70 d:/gcc arm/10 2021.10/bin/../lib/gcc/arm-none-eabi/10.3.1/../../../../arm-none-eabi/lib/thumb/v7e-m+fp/hard\libc_nano.a(lib_a-findfp.o)
                0x080039d0                __sinit
 .text.__sfp    0x08003a40       0x8c d:/gcc arm/10 2021.10/bin/../lib/gcc/arm-none-eabi/10.3.1/../../../../arm-none-eabi/lib/thumb/v7e-m+fp/hard\libc_nano.a(lib_a-findfp.o)
                0x08003a40                __sfp
 .text.fprintf  0x08003acc       0x24 d:/gcc arm/10 2021.10/bin/../lib/gcc/arm-none-eabi/10.3.1/../../../../arm-none-eabi/lib/thumb/v7e-m+fp/hard\libc_nano.a(lib_a-fprintf.o)
                0x08003acc                fiprintf
                0x08003acc                fprintf
 .text._fwalk_reent
                0x08003af0       0x3e d:/gcc arm/10 2021.10/bin/../lib/gcc/arm-none-eabi/10.3.1/../../../../arm-none-eabi/lib/thumb/v7e-m+fp/hard\libc_nano.a(lib_a-fwalk.o)
                0x08003af0                _fwalk_reent
 .text.__retarget_lock_init_recursive
                0x08003b2e        0x2 d:/gcc arm/10 2021.10/bin/../lib/gcc/arm-none-eabi/10.3.1/../../../../arm-none-eabi/lib/thumb/v7e-m+fp/hard\libc_nano.a(lib_a-lock.o)
                0x08003b2e                __retarget_lock_init_recursive
 .text.__retarget_lock_acquire_recursive
                0x08003b30        0x2 d:/gcc arm/10 2021.10/bin/../lib/gcc/arm-none-eabi/10.3.1/../../../../arm-none-eabi/lib/thumb/v7e-m+fp/hard\libc_nano.a(lib_a-lock.o)
                0x08003b30                __retarget_lock_acquire_recursive
 .text.__retarget_lock_release_recursive
                0x08003b32        0x2 d:/gcc arm/10 2021.10/bin/../lib/gcc/arm-none-eabi/10.3.1/../../../../arm-none-eabi/lib/thumb/v7e-m+fp/hard\libc_nano.a(lib_a-lock.o)
                0x08003b32                __retarget_lock_release_recursive
 .text.__swhatbuf_r
                0x08003b34       0x4a d:/gcc arm/10 2021.10/bin/../lib/gcc/arm-none-eabi/10.3.1/../../../../arm-none-eabi/lib/thumb/v7e-m+fp/hard\libc_nano.a(lib_a-makebuf.o)
                0x08003b34                __swhatbuf_r
 *fill*         0x08003b7e        0x2 
 .text.__smakebuf_r
                0x08003b80       0x80 d:/gcc arm/10 2021.10/bin/../lib/gcc/arm-none-eabi/10.3.1/../../../../arm-none-eabi/lib/thumb/v7e-m+fp/hard\libc_nano.a(lib_a-makebuf.o)
                0x08003b80                __smakebuf_r
 .text.__malloc_lock
                0x08003c00        0xc d:/gcc arm/10 2021.10/bin/../lib/gcc/arm-none-eabi/10.3.1/../../../../arm-none-eabi/lib/thumb/v7e-m+fp/hard\libc_nano.a(lib_a-mlock.o)
                0x08003c00                __malloc_lock
 .text.__malloc_unlock
                0x08003c0c        0xc d:/gcc arm/10 2021.10/bin/../lib/gcc/arm-none-eabi/10.3.1/../../../../arm-none-eabi/lib/thumb/v7e-m+fp/hard\libc_nano.a(lib_a-mlock.o)
                0x08003c0c                __malloc_unlock
 .text.__sfputc_r
                0x08003c18       0x2e d:/gcc arm/10 2021.10/bin/../lib/gcc/arm-none-eabi/10.3.1/../../../../arm-none-eabi/lib/thumb/v7e-m+fp/hard\libc_nano.a(lib_a-nano-vfprintf.o)
 .text.__sfputs_r
                0x08003c46       0x24 d:/gcc arm/10 2021.10/bin/../lib/gcc/arm-none-eabi/10.3.1/../../../../arm-none-eabi/lib/thumb/v7e-m+fp/hard\libc_nano.a(lib_a-nano-vfprintf.o)
                0x08003c46                __sfputs_r
 *fill*         0x08003c6a        0x2 
 .text._vfprintf_r
                0x08003c6c      0x260 d:/gcc arm/10 2021.10/bin/../lib/gcc/arm-none-eabi/10.3.1/../../../../arm-none-eabi/lib/thumb/v7e-m+fp/hard\libc_nano.a(lib_a-nano-vfprintf.o)
                0x08003c6c                _vfprintf_r
                0x08003c6c                _vfiprintf_r
 .text._printf_common
                0x08003ecc       0xda d:/gcc arm/10 2021.10/bin/../lib/gcc/arm-none-eabi/10.3.1/../../../../arm-none-eabi/lib/thumb/v7e-m+fp/hard\libc_nano.a(lib_a-nano-vfprintf_i.o)
                0x08003ecc                _printf_common
 *fill*         0x08003fa6        0x2 
 .text._printf_i
                0x08003fa8      0x24c d:/gcc arm/10 2021.10/bin/../lib/gcc/arm-none-eabi/10.3.1/../../../../arm-none-eabi/lib/thumb/v7e-m+fp/hard\libc_nano.a(lib_a-nano-vfprintf_i.o)
                0x08003fa8                _printf_i
 .text.__sread  0x080041f4       0x22 d:/gcc arm/10 2021.10/bin/../lib/gcc/arm-none-eabi/10.3.1/../../../../arm-none-eabi/lib/thumb/v7e-m+fp/hard\libc_nano.a(lib_a-stdio.o)
                0x080041f4                __sread
 .text.__swrite
                0x08004216       0x38 d:/gcc arm/10 2021.10/bin/../lib/gcc/arm-none-eabi/10.3.1/../../../../arm-none-eabi/lib/thumb/v7e-m+fp/hard\libc_nano.a(lib_a-stdio.o)
                0x08004216                __swrite
 .text.__sseek  0x0800424e       0x24 d:/gcc arm/10 2021.10/bin/../lib/gcc/arm-none-eabi/10.3.1/../../../../arm-none-eabi/lib/thumb/v7e-m+fp/hard\libc_nano.a(lib_a-stdio.o)
                0x0800424e                __sseek
 .text.__sclose
                0x08004272        0x8 d:/gcc arm/10 2021.10/bin/../lib/gcc/arm-none-eabi/10.3.1/../../../../arm-none-eabi/lib/thumb/v7e-m+fp/hard\libc_nano.a(lib_a-stdio.o)
                0x08004272                __sclose
 *fill*         0x0800427a        0x2 
 .text._write_r
                0x0800427c       0x24 d:/gcc arm/10 2021.10/bin/../lib/gcc/arm-none-eabi/10.3.1/../../../../arm-none-eabi/lib/thumb/v7e-m+fp/hard\libc_nano.a(lib_a-writer.o)
                0x0800427c                _write_r
 .text.abort    0x080042a0        0xe d:/gcc arm/10 2021.10/bin/../lib/gcc/arm-none-eabi/10.3.1/../../../../arm-none-eabi/lib/thumb/v7e-m+fp/hard\libc_nano.a(lib_a-abort.o)
                0x080042a0                abort
 *fill*         0x080042ae        0x2 
 .text._close_r
                0x080042b0       0x20 d:/gcc arm/10 2021.10/bin/../lib/gcc/arm-none-eabi/10.3.1/../../../../arm-none-eabi/lib/thumb/v7e-m+fp/hard\libc_nano.a(lib_a-closer.o)
                0x080042b0                _close_r
 .text._fstat_r
                0x080042d0       0x24 d:/gcc arm/10 2021.10/bin/../lib/gcc/arm-none-eabi/10.3.1/../../../../arm-none-eabi/lib/thumb/v7e-m+fp/hard\libc_nano.a(lib_a-fstatr.o)
                0x080042d0                _fstat_r
 .text._isatty_r
                0x080042f4       0x20 d:/gcc arm/10 2021.10/bin/../lib/gcc/arm-none-eabi/10.3.1/../../../../arm-none-eabi/lib/thumb/v7e-m+fp/hard\libc_nano.a(lib_a-isattyr.o)
                0x080042f4                _isatty_r
 .text._lseek_r
                0x08004314       0x24 d:/gcc arm/10 2021.10/bin/../lib/gcc/arm-none-eabi/10.3.1/../../../../arm-none-eabi/lib/thumb/v7e-m+fp/hard\libc_nano.a(lib_a-lseekr.o)
                0x08004314                _lseek_r
 .text._read_r  0x08004338       0x24 d:/gcc arm/10 2021.10/bin/../lib/gcc/arm-none-eabi/10.3.1/../../../../arm-none-eabi/lib/thumb/v7e-m+fp/hard\libc_nano.a(lib_a-readr.o)
                0x08004338                _read_r
 .text._raise_r
                0x0800435c       0x50 d:/gcc arm/10 2021.10/bin/../lib/gcc/arm-none-eabi/10.3.1/../../../../arm-none-eabi/lib/thumb/v7e-m+fp/hard\libc_nano.a(lib_a-signal.o)
                0x0800435c                _raise_r
 .text.raise    0x080043ac       0x10 d:/gcc arm/10 2021.10/bin/../lib/gcc/arm-none-eabi/10.3.1/../../../../arm-none-eabi/lib/thumb/v7e-m+fp/hard\libc_nano.a(lib_a-signal.o)
                0x080043ac                raise
 .text._kill_r  0x080043bc       0x24 d:/gcc arm/10 2021.10/bin/../lib/gcc/arm-none-eabi/10.3.1/../../../../arm-none-eabi/lib/thumb/v7e-m+fp/hard\libc_nano.a(lib_a-signalr.o)
                0x080043bc                _kill_r
 .text._getpid_r
                0x080043e0        0x4 d:/gcc arm/10 2021.10/bin/../lib/gcc/arm-none-eabi/10.3.1/../../../../arm-none-eabi/lib/thumb/v7e-m+fp/hard\libc_nano.a(lib_a-signalr.o)
                0x080043e0                _getpid_r
 .text._close   0x080043e4       0x10 d:/gcc arm/10 2021.10/bin/../lib/gcc/arm-none-eabi/10.3.1/../../../../arm-none-eabi/lib/thumb/v7e-m+fp/hard\libnosys.a(close.o)
                0x080043e4                _close
 .text._fstat   0x080043f4       0x10 d:/gcc arm/10 2021.10/bin/../lib/gcc/arm-none-eabi/10.3.1/../../../../arm-none-eabi/lib/thumb/v7e-m+fp/hard\libnosys.a(fstat.o)
                0x080043f4                _fstat
 .text._getpid  0x08004404       0x10 d:/gcc arm/10 2021.10/bin/../lib/gcc/arm-none-eabi/10.3.1/../../../../arm-none-eabi/lib/thumb/v7e-m+fp/hard\libnosys.a(getpid.o)
                0x08004404                _getpid
 .text._isatty  0x08004414       0x10 d:/gcc arm/10 2021.10/bin/../lib/gcc/arm-none-eabi/10.3.1/../../../../arm-none-eabi/lib/thumb/v7e-m+fp/hard\libnosys.a(isatty.o)
                0x08004414                _isatty
 .text._kill    0x08004424       0x10 d:/gcc arm/10 2021.10/bin/../lib/gcc/arm-none-eabi/10.3.1/../../../../arm-none-eabi/lib/thumb/v7e-m+fp/hard\libnosys.a(kill.o)
                0x08004424                _kill
 .text._lseek   0x08004434       0x10 d:/gcc arm/10 2021.10/bin/../lib/gcc/arm-none-eabi/10.3.1/../../../../arm-none-eabi/lib/thumb/v7e-m+fp/hard\libnosys.a(lseek.o)
                0x08004434                _lseek
 .text._read    0x08004444       0x10 d:/gcc arm/10 2021.10/bin/../lib/gcc/arm-none-eabi/10.3.1/../../../../arm-none-eabi/lib/thumb/v7e-m+fp/hard\libnosys.a(read.o)
                0x08004444                _read
 .text._sbrk    0x08004454       0x1c d:/gcc arm/10 2021.10/bin/../lib/gcc/arm-none-eabi/10.3.1/../../../../arm-none-eabi/lib/thumb/v7e-m+fp/hard\libnosys.a(sbrk.o)
                0x08004454                _sbrk
 .text._write   0x08004470       0x10 d:/gcc arm/10 2021.10/bin/../lib/gcc/arm-none-eabi/10.3.1/../../../../arm-none-eabi/lib/thumb/v7e-m+fp/hard\libnosys.a(write.o)
                0x08004470                _write
 .text._exit    0x08004480        0x4 d:/gcc arm/10 2021.10/bin/../lib/gcc/arm-none-eabi/10.3.1/../../../../arm-none-eabi/lib/thumb/v7e-m+fp/hard\libnosys.a(_exit.o)
                0x08004480                _exit
 *(.glue_7)
 .glue_7        0x08004484        0x0 linker stubs
 *(.glue_7t)
 .glue_7t       0x08004484        0x0 linker stubs
 *(.eh_frame)
 *(.init)
 .init          0x08004484        0x4 d:/gcc arm/10 2021.10/bin/../lib/gcc/arm-none-eabi/10.3.1/thumb/v7e-m+fp/hard/crti.o
                0x08004484                _init
 .init          0x08004488        0x8 d:/gcc arm/10 2021.10/bin/../lib/gcc/arm-none-eabi/10.3.1/thumb/v7e-m+fp/hard/crtn.o
 *(.fini)
 .fini          0x08004490        0x4 d:/gcc arm/10 2021.10/bin/../lib/gcc/arm-none-eabi/10.3.1/thumb/v7e-m+fp/hard/crti.o
                0x08004490                _fini
 .fini          0x08004494        0x8 d:/gcc arm/10 2021.10/bin/../lib/gcc/arm-none-eabi/10.3.1/thumb/v7e-m+fp/hard/crtn.o
                0x0800449c                . = ALIGN (0x4)
                0x0800449c                _etext = .

.vfp11_veneer   0x0800449c        0x0
 .vfp11_veneer  0x0800449c        0x0 linker stubs

.v4_bx          0x0800449c        0x0
 .v4_bx         0x0800449c        0x0 linker stubs

.iplt           0x0800449c        0x0
 .iplt          0x0800449c        0x0 build/blink.o

.rodata         0x0800449c      0x468
                0x0800449c                . = ALIGN (0x4)
 *(.rodata)
 .rodata        0x0800449c       0x17 build/main.o
 *fill*         0x080044b3        0x1 
 .rodata        0x080044b4        0x6 build/w5500_run.o
 *fill*         0x080044ba        0x2 
 .rodata        0x080044bc       0x33 build/coap_port.o
 *fill*         0x080044ef        0x1 
 .rodata        0x080044f0      0x24b build/w5500_phy.o
 *fill*         0x0800473b        0x1 
 .rodata        0x0800473c       0x5c build/w5500_spi.o
 *(.rodata*)
 .rodata._global_impure_ptr
                0x08004798        0x4 d:/gcc arm/10 2021.10/bin/../lib/gcc/arm-none-eabi/10.3.1/../../../../arm-none-eabi/lib/thumb/v7e-m+fp/hard\libc_nano.a(lib_a-impure.o)
                0x08004798                _global_impure_ptr
 .rodata.srand.str1.1
                0x0800479c       0x95 d:/gcc arm/10 2021.10/bin/../lib/gcc/arm-none-eabi/10.3.1/../../../../arm-none-eabi/lib/thumb/v7e-m+fp/hard\libc_nano.a(lib_a-rand.o)
 .rodata.__assert_func.str1.1
                0x08004831       0x3c d:/gcc arm/10 2021.10/bin/../lib/gcc/arm-none-eabi/10.3.1/../../../../arm-none-eabi/lib/thumb/v7e-m+fp/hard\libc_nano.a(lib_a-assert.o)
                                 0x3d (size before relaxing)
 *fill*         0x0800486d        0x3 
 .rodata.__sf_fake_stderr
                0x08004870       0x20 d:/gcc arm/10 2021.10/bin/../lib/gcc/arm-none-eabi/10.3.1/../../../../arm-none-eabi/lib/thumb/v7e-m+fp/hard\libc_nano.a(lib_a-findfp.o)
                0x08004870                __sf_fake_stderr
 .rodata.__sf_fake_stdin
                0x08004890       0x20 d:/gcc arm/10 2021.10/bin/../lib/gcc/arm-none-eabi/10.3.1/../../../../arm-none-eabi/lib/thumb/v7e-m+fp/hard\libc_nano.a(lib_a-findfp.o)
                0x08004890                __sf_fake_stdin
 .rodata.__sf_fake_stdout
                0x080048b0       0x20 d:/gcc arm/10 2021.10/bin/../lib/gcc/arm-none-eabi/10.3.1/../../../../arm-none-eabi/lib/thumb/v7e-m+fp/hard\libc_nano.a(lib_a-findfp.o)
                0x080048b0                __sf_fake_stdout
 .rodata._vfprintf_r.str1.1
                0x080048d0       0x11 d:/gcc arm/10 2021.10/bin/../lib/gcc/arm-none-eabi/10.3.1/../../../../arm-none-eabi/lib/thumb/v7e-m+fp/hard\libc_nano.a(lib_a-nano-vfprintf.o)
 .rodata._printf_i.str1.1
                0x080048e1       0x22 d:/gcc arm/10 2021.10/bin/../lib/gcc/arm-none-eabi/10.3.1/../../../../arm-none-eabi/lib/thumb/v7e-m+fp/hard\libc_nano.a(lib_a-nano-vfprintf_i.o)
                0x08004904                . = ALIGN (0x4)
 *fill*         0x08004903        0x1 
                0x08004904                _sidata = LOADADDR (.data)

.rel.dyn        0x08004904        0x0
 .rel.iplt      0x08004904        0x0 build/blink.o

.data           0x20000000       0x98 load address 0x08004904
                0x20000000                . = ALIGN (0x4)
                0x20000000                _sdata = .
 *(.data)
 *(.data*)
 .data.sock_any_port
                0x20000000        0x2 build/socket.o
 *fill*         0x20000002        0x2 
 .data.WIZCHIP  0x20000004       0x2c build/wizchip_conf.o
                0x20000004                WIZCHIP
 .data.SystemCoreClock
                0x20000030        0x4 build/system_stm32f4xx.o
                0x20000030                SystemCoreClock
 .data._impure_ptr
                0x20000034        0x4 d:/gcc arm/10 2021.10/bin/../lib/gcc/arm-none-eabi/10.3.1/../../../../arm-none-eabi/lib/thumb/v7e-m+fp/hard\libc_nano.a(lib_a-impure.o)
                0x20000034                _impure_ptr
 .data.impure_data
                0x20000038       0x60 d:/gcc arm/10 2021.10/bin/../lib/gcc/arm-none-eabi/10.3.1/../../../../arm-none-eabi/lib/thumb/v7e-m+fp/hard\libc_nano.a(lib_a-impure.o)
                0x20000098                . = ALIGN (0x4)
                0x20000098                _edata = .

.igot.plt       0x20000098        0x0 load address 0x0800499c
 .igot.plt      0x20000098        0x0 build/blink.o
                0x20000098                . = ALIGN (0x4)

.bss            0x20000098       0x44 load address 0x0800499c
                0x20000098                _sbss = .
                0x20000098                __bss_start__ = _sbss
 *(.bss)
 *(.bss*)
 .bss.ticks     0x20000098        0x4 build/clock.o
                0x20000098                ticks
 .bss.ptr_buff  0x2000009c        0x4 build/main.o
                0x2000009c                ptr_buff
 .bss.flag_receive
                0x200000a0        0x1 build/main.o
                0x200000a0                flag_receive
 .bss.flag_transmit
                0x200000a1        0x1 build/main.o
                0x200000a1                flag_transmit
 .bss.size      0x200000a2        0x1 build/main.o
                0x200000a2                size
 .bss.socket_id
                0x200000a3        0x1 build/coap_port.o
 .bss.sock_io_mode
                0x200000a4        0x2 build/socket.o
 .bss.sock_is_sending
                0x200000a6        0x2 build/socket.o
 .bss.sock_remained_size
                0x200000a8       0x10 build/socket.o
 .bss.sock_pack_info
                0x200000b8        0x8 build/socket.o
                0x200000b8                sock_pack_info
 .bss._DNS_     0x200000c0        0x4 build/wizchip_conf.o
 .bss._DHCP_    0x200000c4        0x1 build/wizchip_conf.o
 *fill*         0x200000c5        0x3 
 .bss.__malloc_free_list
                0x200000c8        0x4 d:/gcc arm/10 2021.10/bin/../lib/gcc/arm-none-eabi/10.3.1/../../../../arm-none-eabi/lib/thumb/v7e-m+fp/hard\libc_nano.a(lib_a-nano-mallocr.o)
                0x200000c8                __malloc_free_list
 .bss.__malloc_sbrk_start
                0x200000cc        0x4 d:/gcc arm/10 2021.10/bin/../lib/gcc/arm-none-eabi/10.3.1/../../../../arm-none-eabi/lib/thumb/v7e-m+fp/hard\libc_nano.a(lib_a-nano-mallocr.o)
                0x200000cc                __malloc_sbrk_start
 .bss.__lock___malloc_recursive_mutex
                0x200000d0        0x1 d:/gcc arm/10 2021.10/bin/../lib/gcc/arm-none-eabi/10.3.1/../../../../arm-none-eabi/lib/thumb/v7e-m+fp/hard\libc_nano.a(lib_a-lock.o)
                0x200000d0                __lock___malloc_recursive_mutex
 .bss.__lock___sfp_recursive_mutex
                0x200000d1        0x1 d:/gcc arm/10 2021.10/bin/../lib/gcc/arm-none-eabi/10.3.1/../../../../arm-none-eabi/lib/thumb/v7e-m+fp/hard\libc_nano.a(lib_a-lock.o)
                0x200000d1                __lock___sfp_recursive_mutex
 .bss.__lock___sinit_recursive_mutex
                0x200000d2        0x1 d:/gcc arm/10 2021.10/bin/../lib/gcc/arm-none-eabi/10.3.1/../../../../arm-none-eabi/lib/thumb/v7e-m+fp/hard\libc_nano.a(lib_a-lock.o)
                0x200000d2                __lock___sinit_recursive_mutex
 *fill*         0x200000d3        0x1 
 .bss.errno     0x200000d4        0x4 d:/gcc arm/10 2021.10/bin/../lib/gcc/arm-none-eabi/10.3.1/../../../../arm-none-eabi/lib/thumb/v7e-m+fp/hard\libc_nano.a(lib_a-reent.o)
                0x200000d4                errno
 .bss.heap_end.0
                0x200000d8        0x4 d:/gcc arm/10 2021.10/bin/../lib/gcc/arm-none-eabi/10.3.1/../../../../arm-none-eabi/lib/thumb/v7e-m+fp/hard\libnosys.a(sbrk.o)
 *(COMMON)
                0x200000dc                . = ALIGN (0x4)
                0x200000dc                _ebss = .
                0x200000dc                __bss_end__ = _ebss

._user_heap_stack
                0x200000dc      0x604 load address 0x0800499c
                0x200000e0                . = ALIGN (0x8)
 *fill*         0x200000dc        0x4 
                0x200000e0                PROVIDE (end = .)
                [!provide]                PROVIDE (_end = .)
                0x200002e0                . = (. + _Min_Heap_Size)
 *fill*         0x200000e0      0x200 
                0x200006e0                . = (. + _Min_Stack_Size)
 *fill*         0x200002e0      0x400 
                0x200006e0                . = ALIGN (0x8)

/DISCARD/
 libc.a(*)
 libm.a(*)
 libgcc.a(*)

.ARM.attributes
                0x00000000       0x30
 *(.ARM.attributes)
 .ARM.attributes
                0x00000000       0x1e d:/gcc arm/10 2021.10/bin/../lib/gcc/arm-none-eabi/10.3.1/thumb/v7e-m+fp/hard/crti.o
 .ARM.attributes
                0x0000001e       0x34 build/blink.o
 .ARM.attributes
                0x00000052       0x34 build/clock.o
 .ARM.attributes
                0x00000086       0x34 build/main.o
 .ARM.attributes
                0x000000ba       0x34 build/w5500_run.o
 .ARM.attributes
                0x000000ee       0x34 build/coap_port.o
 .ARM.attributes
                0x00000122       0x34 build/coap.o
 .ARM.attributes
                0x00000156       0x34 build/socket.o
 .ARM.attributes
                0x0000018a       0x34 build/w5500_host_config.o
 .ARM.attributes
                0x000001be       0x34 build/w5500_phy.o
 .ARM.attributes
                0x000001f2       0x34 build/w5500_spi.o
 .ARM.attributes
                0x00000226       0x34 build/wizchip_conf.o
 .ARM.attributes
                0x0000025a       0x34 build/w5500.o
 .ARM.attributes
                0x0000028e       0x34 build/system_stm32f4xx.o
 .ARM.attributes
                0x000002c2       0x21 build/startup_stm32f401.o
 .ARM.attributes
                0x000002e3       0x34 d:/gcc arm/10 2021.10/bin/../lib/gcc/arm-none-eabi/10.3.1/../../../../arm-none-eabi/lib/thumb/v7e-m+fp/hard\libc_nano.a(lib_a-impure.o)
 .ARM.attributes
                0x00000317       0x34 d:/gcc arm/10 2021.10/bin/../lib/gcc/arm-none-eabi/10.3.1/../../../../arm-none-eabi/lib/thumb/v7e-m+fp/hard\libc_nano.a(lib_a-init.o)
 .ARM.attributes
                0x0000034b       0x34 d:/gcc arm/10 2021.10/bin/../lib/gcc/arm-none-eabi/10.3.1/../../../../arm-none-eabi/lib/thumb/v7e-m+fp/hard\libc_nano.a(lib_a-malloc.o)
 .ARM.attributes
                0x0000037f       0x34 d:/gcc arm/10 2021.10/bin/../lib/gcc/arm-none-eabi/10.3.1/../../../../arm-none-eabi/lib/thumb/v7e-m+fp/hard\libc_nano.a(lib_a-memcpy-stub.o)
 .ARM.attributes
                0x000003b3       0x34 d:/gcc arm/10 2021.10/bin/../lib/gcc/arm-none-eabi/10.3.1/../../../../arm-none-eabi/lib/thumb/v7e-m+fp/hard\libc_nano.a(lib_a-memset.o)
 .ARM.attributes
                0x000003e7       0x34 d:/gcc arm/10 2021.10/bin/../lib/gcc/arm-none-eabi/10.3.1/../../../../arm-none-eabi/lib/thumb/v7e-m+fp/hard\libc_nano.a(lib_a-nano-freer.o)
 .ARM.attributes
                0x0000041b       0x34 d:/gcc arm/10 2021.10/bin/../lib/gcc/arm-none-eabi/10.3.1/../../../../arm-none-eabi/lib/thumb/v7e-m+fp/hard\libc_nano.a(lib_a-nano-mallocr.o)
 .ARM.attributes
                0x0000044f       0x34 d:/gcc arm/10 2021.10/bin/../lib/gcc/arm-none-eabi/10.3.1/../../../../arm-none-eabi/lib/thumb/v7e-m+fp/hard\libc_nano.a(lib_a-printf.o)
 .ARM.attributes
                0x00000483       0x34 d:/gcc arm/10 2021.10/bin/../lib/gcc/arm-none-eabi/10.3.1/../../../../arm-none-eabi/lib/thumb/v7e-m+fp/hard\libc_nano.a(lib_a-puts.o)
 .ARM.attributes
                0x000004b7       0x34 d:/gcc arm/10 2021.10/bin/../lib/gcc/arm-none-eabi/10.3.1/../../../../arm-none-eabi/lib/thumb/v7e-m+fp/hard\libc_nano.a(lib_a-rand.o)
 .ARM.attributes
                0x000004eb       0x34 d:/gcc arm/10 2021.10/bin/../lib/gcc/arm-none-eabi/10.3.1/../../../../arm-none-eabi/lib/thumb/v7e-m+fp/hard\libc_nano.a(lib_a-sbrkr.o)
 .ARM.attributes
                0x0000051f       0x17 d:/gcc arm/10 2021.10/bin/../lib/gcc/arm-none-eabi/10.3.1/../../../../arm-none-eabi/lib/thumb/v7e-m+fp/hard\libc_nano.a(lib_a-strlen.o)
 .ARM.attributes
                0x00000536       0x34 d:/gcc arm/10 2021.10/bin/../lib/gcc/arm-none-eabi/10.3.1/../../../../arm-none-eabi/lib/thumb/v7e-m+fp/hard\libc_nano.a(lib_a-strncmp.o)
 .ARM.attributes
                0x0000056a       0x34 d:/gcc arm/10 2021.10/bin/../lib/gcc/arm-none-eabi/10.3.1/../../../../arm-none-eabi/lib/thumb/v7e-m+fp/hard\libc_nano.a(lib_a-wbuf.o)
 .ARM.attributes
                0x0000059e       0x34 d:/gcc arm/10 2021.10/bin/../lib/gcc/arm-none-eabi/10.3.1/../../../../arm-none-eabi/lib/thumb/v7e-m+fp/hard\libc_nano.a(lib_a-wsetup.o)
 .ARM.attributes
                0x000005d2       0x34 d:/gcc arm/10 2021.10/bin/../lib/gcc/arm-none-eabi/10.3.1/../../../../arm-none-eabi/lib/thumb/v7e-m+fp/hard\libc_nano.a(lib_a-assert.o)
 .ARM.attributes
                0x00000606       0x34 d:/gcc arm/10 2021.10/bin/../lib/gcc/arm-none-eabi/10.3.1/../../../../arm-none-eabi/lib/thumb/v7e-m+fp/hard\libc_nano.a(lib_a-fflush.o)
 .ARM.attributes
                0x0000063a       0x34 d:/gcc arm/10 2021.10/bin/../lib/gcc/arm-none-eabi/10.3.1/../../../../arm-none-eabi/lib/thumb/v7e-m+fp/hard\libc_nano.a(lib_a-findfp.o)
 .ARM.attributes
                0x0000066e       0x34 d:/gcc arm/10 2021.10/bin/../lib/gcc/arm-none-eabi/10.3.1/../../../../arm-none-eabi/lib/thumb/v7e-m+fp/hard\libc_nano.a(lib_a-fprintf.o)
 .ARM.attributes
                0x000006a2       0x34 d:/gcc arm/10 2021.10/bin/../lib/gcc/arm-none-eabi/10.3.1/../../../../arm-none-eabi/lib/thumb/v7e-m+fp/hard\libc_nano.a(lib_a-fwalk.o)
 .ARM.attributes
                0x000006d6       0x34 d:/gcc arm/10 2021.10/bin/../lib/gcc/arm-none-eabi/10.3.1/../../../../arm-none-eabi/lib/thumb/v7e-m+fp/hard\libc_nano.a(lib_a-lock.o)
 .ARM.attributes
                0x0000070a       0x34 d:/gcc arm/10 2021.10/bin/../lib/gcc/arm-none-eabi/10.3.1/../../../../arm-none-eabi/lib/thumb/v7e-m+fp/hard\libc_nano.a(lib_a-makebuf.o)
 .ARM.attributes
                0x0000073e       0x34 d:/gcc arm/10 2021.10/bin/../lib/gcc/arm-none-eabi/10.3.1/../../../../arm-none-eabi/lib/thumb/v7e-m+fp/hard\libc_nano.a(lib_a-mlock.o)
 .ARM.attributes
                0x00000772       0x34 d:/gcc arm/10 2021.10/bin/../lib/gcc/arm-none-eabi/10.3.1/../../../../arm-none-eabi/lib/thumb/v7e-m+fp/hard\libc_nano.a(lib_a-nano-vfprintf.o)
 .ARM.attributes
                0x000007a6       0x34 d:/gcc arm/10 2021.10/bin/../lib/gcc/arm-none-eabi/10.3.1/../../../../arm-none-eabi/lib/thumb/v7e-m+fp/hard\libc_nano.a(lib_a-nano-vfprintf_i.o)
 .ARM.attributes
                0x000007da       0x34 d:/gcc arm/10 2021.10/bin/../lib/gcc/arm-none-eabi/10.3.1/../../../../arm-none-eabi/lib/thumb/v7e-m+fp/hard\libc_nano.a(lib_a-reent.o)
 .ARM.attributes
                0x0000080e       0x34 d:/gcc arm/10 2021.10/bin/../lib/gcc/arm-none-eabi/10.3.1/../../../../arm-none-eabi/lib/thumb/v7e-m+fp/hard\libc_nano.a(lib_a-stdio.o)
 .ARM.attributes
                0x00000842       0x34 d:/gcc arm/10 2021.10/bin/../lib/gcc/arm-none-eabi/10.3.1/../../../../arm-none-eabi/lib/thumb/v7e-m+fp/hard\libc_nano.a(lib_a-writer.o)
 .ARM.attributes
                0x00000876       0x34 d:/gcc arm/10 2021.10/bin/../lib/gcc/arm-none-eabi/10.3.1/../../../../arm-none-eabi/lib/thumb/v7e-m+fp/hard\libc_nano.a(lib_a-abort.o)
 .ARM.attributes
                0x000008aa       0x34 d:/gcc arm/10 2021.10/bin/../lib/gcc/arm-none-eabi/10.3.1/../../../../arm-none-eabi/lib/thumb/v7e-m+fp/hard\libc_nano.a(lib_a-closer.o)
 .ARM.attributes
                0x000008de       0x34 d:/gcc arm/10 2021.10/bin/../lib/gcc/arm-none-eabi/10.3.1/../../../../arm-none-eabi/lib/thumb/v7e-m+fp/hard\libc_nano.a(lib_a-fstatr.o)
 .ARM.attributes
                0x00000912       0x34 d:/gcc arm/10 2021.10/bin/../lib/gcc/arm-none-eabi/10.3.1/../../../../arm-none-eabi/lib/thumb/v7e-m+fp/hard\libc_nano.a(lib_a-isattyr.o)
 .ARM.attributes
                0x00000946       0x34 d:/gcc arm/10 2021.10/bin/../lib/gcc/arm-none-eabi/10.3.1/../../../../arm-none-eabi/lib/thumb/v7e-m+fp/hard\libc_nano.a(lib_a-lseekr.o)
 .ARM.attributes
                0x0000097a       0x1c d:/gcc arm/10 2021.10/bin/../lib/gcc/arm-none-eabi/10.3.1/../../../../arm-none-eabi/lib/thumb/v7e-m+fp/hard\libc_nano.a(lib_a-memchr.o)
 .ARM.attributes
                0x00000996       0x34 d:/gcc arm/10 2021.10/bin/../lib/gcc/arm-none-eabi/10.3.1/../../../../arm-none-eabi/lib/thumb/v7e-m+fp/hard\libc_nano.a(lib_a-readr.o)
 .ARM.attributes
                0x000009ca       0x34 d:/gcc arm/10 2021.10/bin/../lib/gcc/arm-none-eabi/10.3.1/../../../../arm-none-eabi/lib/thumb/v7e-m+fp/hard\libc_nano.a(lib_a-signal.o)
 .ARM.attributes
                0x000009fe       0x34 d:/gcc arm/10 2021.10/bin/../lib/gcc/arm-none-eabi/10.3.1/../../../../arm-none-eabi/lib/thumb/v7e-m+fp/hard\libc_nano.a(lib_a-signalr.o)
 .ARM.attributes
                0x00000a32       0x34 d:/gcc arm/10 2021.10/bin/../lib/gcc/arm-none-eabi/10.3.1/../../../../arm-none-eabi/lib/thumb/v7e-m+fp/hard\libnosys.a(close.o)
 .ARM.attributes
                0x00000a66       0x34 d:/gcc arm/10 2021.10/bin/../lib/gcc/arm-none-eabi/10.3.1/../../../../arm-none-eabi/lib/thumb/v7e-m+fp/hard\libnosys.a(fstat.o)
 .ARM.attributes
                0x00000a9a       0x34 d:/gcc arm/10 2021.10/bin/../lib/gcc/arm-none-eabi/10.3.1/../../../../arm-none-eabi/lib/thumb/v7e-m+fp/hard\libnosys.a(getpid.o)
 .ARM.attributes
                0x00000ace       0x34 d:/gcc arm/10 2021.10/bin/../lib/gcc/arm-none-eabi/10.3.1/../../../../arm-none-eabi/lib/thumb/v7e-m+fp/hard\libnosys.a(isatty.o)
 .ARM.attributes
                0x00000b02       0x34 d:/gcc arm/10 2021.10/bin/../lib/gcc/arm-none-eabi/10.3.1/../../../../arm-none-eabi/lib/thumb/v7e-m+fp/hard\libnosys.a(kill.o)
 .ARM.attributes
                0x00000b36       0x34 d:/gcc arm/10 2021.10/bin/../lib/gcc/arm-none-eabi/10.3.1/../../../../arm-none-eabi/lib/thumb/v7e-m+fp/hard\libnosys.a(lseek.o)
 .ARM.attributes
                0x00000b6a       0x34 d:/gcc arm/10 2021.10/bin/../lib/gcc/arm-none-eabi/10.3.1/../../../../arm-none-eabi/lib/thumb/v7e-m+fp/hard\libnosys.a(read.o)
 .ARM.attributes
                0x00000b9e       0x34 d:/gcc arm/10 2021.10/bin/../lib/gcc/arm-none-eabi/10.3.1/../../../../arm-none-eabi/lib/thumb/v7e-m+fp/hard\libnosys.a(sbrk.o)
 .ARM.attributes
                0x00000bd2       0x34 d:/gcc arm/10 2021.10/bin/../lib/gcc/arm-none-eabi/10.3.1/../../../../arm-none-eabi/lib/thumb/v7e-m+fp/hard\libnosys.a(write.o)
 .ARM.attributes
                0x00000c06       0x34 d:/gcc arm/10 2021.10/bin/../lib/gcc/arm-none-eabi/10.3.1/../../../../arm-none-eabi/lib/thumb/v7e-m+fp/hard\libnosys.a(_exit.o)
 .ARM.attributes
                0x00000c3a       0x1e d:/gcc arm/10 2021.10/bin/../lib/gcc/arm-none-eabi/10.3.1/thumb/v7e-m+fp/hard/crtn.o
OUTPUT(build/tee_boot.elf elf32-littlearm)
LOAD linker stubs
LOAD d:/gcc arm/10 2021.10/bin/../lib/gcc/arm-none-eabi/10.3.1/../../../../arm-none-eabi/lib/thumb/v7e-m+fp/hard\libc.a
LOAD d:/gcc arm/10 2021.10/bin/../lib/gcc/arm-none-eabi/10.3.1/../../../../arm-none-eabi/lib/thumb/v7e-m+fp/hard\libm.a
LOAD d:/gcc arm/10 2021.10/bin/../lib/gcc/arm-none-eabi/10.3.1/thumb/v7e-m+fp/hard\libgcc.a

.debug_info     0x00000000     0x5c5d
 .debug_info    0x00000000      0x3d4 build/blink.o
 .debug_info    0x000003d4       0xfe build/clock.o
 .debug_info    0x000004d2      0x797 build/main.o
 .debug_info    0x00000c69      0x21b build/w5500_run.o
 .debug_info    0x00000e84      0x6f0 build/coap_port.o
 .debug_info    0x00001574      0xad8 build/coap.o
 .debug_info    0x0000204c      0x6de build/socket.o
 .debug_info    0x0000272a      0xc26 build/w5500_host_config.o
 .debug_info    0x00003350      0x2ef build/w5500_phy.o
 .debug_info    0x0000363f      0xcbf build/w5500_spi.o
 .debug_info    0x000042fe      0xdbf build/wizchip_conf.o
 .debug_info    0x000050bd      0x5d9 build/w5500.o
 .debug_info    0x00005696      0x5c7 build/system_stm32f4xx.o

.debug_abbrev   0x00000000     0x14c0
 .debug_abbrev  0x00000000       0xdb build/blink.o
 .debug_abbrev  0x000000db       0xad build/clock.o
 .debug_abbrev  0x00000188      0x195 build/main.o
 .debug_abbrev  0x0000031d      0x125 build/w5500_run.o
 .debug_abbrev  0x00000442      0x152 build/coap_port.o
 .debug_abbrev  0x00000594      0x22b build/coap.o
 .debug_abbrev  0x000007bf      0x17a build/socket.o
 .debug_abbrev  0x00000939      0x242 build/w5500_host_config.o
 .debug_abbrev  0x00000b7b       0xee build/w5500_phy.o
 .debug_abbrev  0x00000c69      0x255 build/w5500_spi.o
 .debug_abbrev  0x00000ebe      0x2dd build/wizchip_conf.o
 .debug_abbrev  0x0000119b      0x210 build/w5500.o
 .debug_abbrev  0x000013ab      0x115 build/system_stm32f4xx.o

.debug_loc      0x00000000     0x211d
 .debug_loc     0x00000000       0x94 build/blink.o
 .debug_loc     0x00000094       0xa0 build/clock.o
 .debug_loc     0x00000134      0x11c build/main.o
 .debug_loc     0x00000250       0xa2 build/w5500_run.o
 .debug_loc     0x000002f2      0x214 build/coap_port.o
 .debug_loc     0x00000506      0x3fd build/coap.o
 .debug_loc     0x00000903      0x3c0 build/socket.o
 .debug_loc     0x00000cc3      0x16e build/w5500_host_config.o
 .debug_loc     0x00000e31       0xf0 build/w5500_phy.o
 .debug_loc     0x00000f21      0x334 build/w5500_spi.o
 .debug_loc     0x00001255      0xb58 build/wizchip_conf.o
 .debug_loc     0x00001dad      0x2d0 build/w5500.o
 .debug_loc     0x0000207d       0xa0 build/system_stm32f4xx.o

.debug_aranges  0x00000000      0x490
 .debug_aranges
                0x00000000       0x28 build/blink.o
 .debug_aranges
                0x00000028       0x28 build/clock.o
 .debug_aranges
                0x00000050       0x38 build/main.o
 .debug_aranges
                0x00000088       0x28 build/w5500_run.o
 .debug_aranges
                0x000000b0       0x50 build/coap_port.o
 .debug_aranges
                0x00000100       0x78 build/coap.o
 .debug_aranges
                0x00000178       0x78 build/socket.o
 .debug_aranges
                0x000001f0       0x40 build/w5500_host_config.o
 .debug_aranges
                0x00000230       0x30 build/w5500_phy.o
 .debug_aranges
                0x00000260       0x70 build/w5500_spi.o
 .debug_aranges
                0x000002d0      0x138 build/wizchip_conf.o
 .debug_aranges
                0x00000408       0x60 build/w5500.o
 .debug_aranges
                0x00000468       0x28 build/system_stm32f4xx.o

.debug_ranges   0x00000000      0x3d8
 .debug_ranges  0x00000000       0x18 build/blink.o
 .debug_ranges  0x00000018       0x18 build/clock.o
 .debug_ranges  0x00000030       0x28 build/main.o
 .debug_ranges  0x00000058       0x18 build/w5500_run.o
 .debug_ranges  0x00000070       0x40 build/coap_port.o
 .debug_ranges  0x000000b0       0x68 build/coap.o
 .debug_ranges  0x00000118       0x80 build/socket.o
 .debug_ranges  0x00000198       0x30 build/w5500_host_config.o
 .debug_ranges  0x000001c8       0x20 build/w5500_phy.o
 .debug_ranges  0x000001e8       0x60 build/w5500_spi.o
 .debug_ranges  0x00000248      0x128 build/wizchip_conf.o
 .debug_ranges  0x00000370       0x50 build/w5500.o
 .debug_ranges  0x000003c0       0x18 build/system_stm32f4xx.o

.debug_line     0x00000000     0x2f72
 .debug_line    0x00000000      0x118 build/blink.o
 .debug_line    0x00000118       0xef build/clock.o
 .debug_line    0x00000207      0x1fa build/main.o
 .debug_line    0x00000401      0x18e build/w5500_run.o
 .debug_line    0x0000058f      0x315 build/coap_port.o
 .debug_line    0x000008a4      0x6c6 build/coap.o
 .debug_line    0x00000f6a      0xa61 build/socket.o
 .debug_line    0x000019cb      0x1ed build/w5500_host_config.o
 .debug_line    0x00001bb8      0x215 build/w5500_phy.o
 .debug_line    0x00001dcd      0x369 build/w5500_spi.o
 .debug_line    0x00002136      0x83b build/wizchip_conf.o
 .debug_line    0x00002971      0x414 build/w5500.o
 .debug_line    0x00002d85      0x1ed build/system_stm32f4xx.o

.debug_str      0x00000000     0x1ff0
 .debug_str     0x00000000      0x27f build/blink.o
                                0x2c6 (size before relaxing)
 .debug_str     0x0000027f       0x34 build/clock.o
                                0x198 (size before relaxing)
 .debug_str     0x000002b3      0x4e7 build/main.o
                                0x69d (size before relaxing)
 .debug_str     0x0000079a       0x9f build/w5500_run.o
                                0x20a (size before relaxing)
 .debug_str     0x00000839      0x318 build/coap_port.o
                                0x4da (size before relaxing)
 .debug_str     0x00000b51      0x4ba build/coap.o
                                0x897 (size before relaxing)
 .debug_str     0x0000100b      0x25c build/socket.o
                                0x412 (size before relaxing)
 .debug_str     0x00001267      0x490 build/w5500_host_config.o
                                0x67e (size before relaxing)
 .debug_str     0x000016f7      0x1a3 build/w5500_phy.o
                                0x3b4 (size before relaxing)
 .debug_str     0x0000189a      0x116 build/w5500_spi.o
                                0x959 (size before relaxing)
 .debug_str     0x000019b0      0x4f4 build/wizchip_conf.o
                                0x8b4 (size before relaxing)
 .debug_str     0x00001ea4       0xb6 build/w5500.o
                                0x2d9 (size before relaxing)
 .debug_str     0x00001f5a       0x96 build/system_stm32f4xx.o
                                0x36d (size before relaxing)

.comment        0x00000000       0x49
 .comment       0x00000000       0x49 build/blink.o
                                 0x4a (size before relaxing)
 .comment       0x00000049       0x4a build/clock.o
 .comment       0x00000049       0x4a build/main.o
 .comment       0x00000049       0x4a build/w5500_run.o
 .comment       0x00000049       0x4a build/coap_port.o
 .comment       0x00000049       0x4a build/coap.o
 .comment       0x00000049       0x4a build/socket.o
 .comment       0x00000049       0x4a build/w5500_host_config.o
 .comment       0x00000049       0x4a build/w5500_phy.o
 .comment       0x00000049       0x4a build/w5500_spi.o
 .comment       0x00000049       0x4a build/wizchip_conf.o
 .comment       0x00000049       0x4a build/w5500.o
 .comment       0x00000049       0x4a build/system_stm32f4xx.o

.debug_frame    0x00000000     0x1c54
 .debug_frame   0x00000000       0x54 build/blink.o
 .debug_frame   0x00000054       0x58 build/clock.o
 .debug_frame   0x000000ac       0x98 build/main.o
 .debug_frame   0x00000144       0x5c build/w5500_run.o
 .debug_frame   0x000001a0      0x114 build/coap_port.o
 .debug_frame   0x000002b4      0x1e0 build/coap.o
 .debug_frame   0x00000494      0x1d4 build/socket.o
 .debug_frame   0x00000668       0xbc build/w5500_host_config.o
 .debug_frame   0x00000724       0x84 build/w5500_phy.o
 .debug_frame   0x000007a8      0x198 build/w5500_spi.o
 .debug_frame   0x00000940      0x534 build/wizchip_conf.o
 .debug_frame   0x00000e74      0x16c build/w5500.o
 .debug_frame   0x00000fe0       0x58 build/system_stm32f4xx.o
 .debug_frame   0x00001038       0x2c d:/gcc arm/10 2021.10/bin/../lib/gcc/arm-none-eabi/10.3.1/../../../../arm-none-eabi/lib/thumb/v7e-m+fp/hard\libc_nano.a(lib_a-init.o)
 .debug_frame   0x00001064       0x30 d:/gcc arm/10 2021.10/bin/../lib/gcc/arm-none-eabi/10.3.1/../../../../arm-none-eabi/lib/thumb/v7e-m+fp/hard\libc_nano.a(lib_a-malloc.o)
 .debug_frame   0x00001094       0x28 d:/gcc arm/10 2021.10/bin/../lib/gcc/arm-none-eabi/10.3.1/../../../../arm-none-eabi/lib/thumb/v7e-m+fp/hard\libc_nano.a(lib_a-memcpy-stub.o)
 .debug_frame   0x000010bc       0x20 d:/gcc arm/10 2021.10/bin/../lib/gcc/arm-none-eabi/10.3.1/../../../../arm-none-eabi/lib/thumb/v7e-m+fp/hard\libc_nano.a(lib_a-memset.o)
 .debug_frame   0x000010dc       0x38 d:/gcc arm/10 2021.10/bin/../lib/gcc/arm-none-eabi/10.3.1/../../../../arm-none-eabi/lib/thumb/v7e-m+fp/hard\libc_nano.a(lib_a-nano-freer.o)
 .debug_frame   0x00001114       0x4c d:/gcc arm/10 2021.10/bin/../lib/gcc/arm-none-eabi/10.3.1/../../../../arm-none-eabi/lib/thumb/v7e-m+fp/hard\libc_nano.a(lib_a-nano-mallocr.o)
 .debug_frame   0x00001160       0x74 d:/gcc arm/10 2021.10/bin/../lib/gcc/arm-none-eabi/10.3.1/../../../../arm-none-eabi/lib/thumb/v7e-m+fp/hard\libc_nano.a(lib_a-printf.o)
 .debug_frame   0x000011d4       0x3c d:/gcc arm/10 2021.10/bin/../lib/gcc/arm-none-eabi/10.3.1/../../../../arm-none-eabi/lib/thumb/v7e-m+fp/hard\libc_nano.a(lib_a-puts.o)
 .debug_frame   0x00001210       0x44 d:/gcc arm/10 2021.10/bin/../lib/gcc/arm-none-eabi/10.3.1/../../../../arm-none-eabi/lib/thumb/v7e-m+fp/hard\libc_nano.a(lib_a-rand.o)
 .debug_frame   0x00001254       0x2c d:/gcc arm/10 2021.10/bin/../lib/gcc/arm-none-eabi/10.3.1/../../../../arm-none-eabi/lib/thumb/v7e-m+fp/hard\libc_nano.a(lib_a-sbrkr.o)
 .debug_frame   0x00001280       0x28 d:/gcc arm/10 2021.10/bin/../lib/gcc/arm-none-eabi/10.3.1/../../../../arm-none-eabi/lib/thumb/v7e-m+fp/hard\libc_nano.a(lib_a-strncmp.o)
 .debug_frame   0x000012a8       0x40 d:/gcc arm/10 2021.10/bin/../lib/gcc/arm-none-eabi/10.3.1/../../../../arm-none-eabi/lib/thumb/v7e-m+fp/hard\libc_nano.a(lib_a-wbuf.o)
 .debug_frame   0x000012e8       0x2c d:/gcc arm/10 2021.10/bin/../lib/gcc/arm-none-eabi/10.3.1/../../../../arm-none-eabi/lib/thumb/v7e-m+fp/hard\libc_nano.a(lib_a-wsetup.o)
 .debug_frame   0x00001314       0x40 d:/gcc arm/10 2021.10/bin/../lib/gcc/arm-none-eabi/10.3.1/../../../../arm-none-eabi/lib/thumb/v7e-m+fp/hard\libc_nano.a(lib_a-assert.o)
 .debug_frame   0x00001354       0x5c d:/gcc arm/10 2021.10/bin/../lib/gcc/arm-none-eabi/10.3.1/../../../../arm-none-eabi/lib/thumb/v7e-m+fp/hard\libc_nano.a(lib_a-fflush.o)
 .debug_frame   0x000013b0      0x14c d:/gcc arm/10 2021.10/bin/../lib/gcc/arm-none-eabi/10.3.1/../../../../arm-none-eabi/lib/thumb/v7e-m+fp/hard\libc_nano.a(lib_a-findfp.o)
 .debug_frame   0x000014fc       0x64 d:/gcc arm/10 2021.10/bin/../lib/gcc/arm-none-eabi/10.3.1/../../../../arm-none-eabi/lib/thumb/v7e-m+fp/hard\libc_nano.a(lib_a-fprintf.o)
 .debug_frame   0x00001560       0x54 d:/gcc arm/10 2021.10/bin/../lib/gcc/arm-none-eabi/10.3.1/../../../../arm-none-eabi/lib/thumb/v7e-m+fp/hard\libc_nano.a(lib_a-fwalk.o)
 .debug_frame   0x000015b4       0xb0 d:/gcc arm/10 2021.10/bin/../lib/gcc/arm-none-eabi/10.3.1/../../../../arm-none-eabi/lib/thumb/v7e-m+fp/hard\libc_nano.a(lib_a-lock.o)
 .debug_frame   0x00001664       0x58 d:/gcc arm/10 2021.10/bin/../lib/gcc/arm-none-eabi/10.3.1/../../../../arm-none-eabi/lib/thumb/v7e-m+fp/hard\libc_nano.a(lib_a-makebuf.o)
 .debug_frame   0x000016bc       0x30 d:/gcc arm/10 2021.10/bin/../lib/gcc/arm-none-eabi/10.3.1/../../../../arm-none-eabi/lib/thumb/v7e-m+fp/hard\libc_nano.a(lib_a-mlock.o)
 .debug_frame   0x000016ec       0xac d:/gcc arm/10 2021.10/bin/../lib/gcc/arm-none-eabi/10.3.1/../../../../arm-none-eabi/lib/thumb/v7e-m+fp/hard\libc_nano.a(lib_a-nano-vfprintf.o)
 .debug_frame   0x00001798       0x60 d:/gcc arm/10 2021.10/bin/../lib/gcc/arm-none-eabi/10.3.1/../../../../arm-none-eabi/lib/thumb/v7e-m+fp/hard\libc_nano.a(lib_a-nano-vfprintf_i.o)
 .debug_frame   0x000017f8       0x5c d:/gcc arm/10 2021.10/bin/../lib/gcc/arm-none-eabi/10.3.1/../../../../arm-none-eabi/lib/thumb/v7e-m+fp/hard\libc_nano.a(lib_a-reent.o)
 .debug_frame   0x00001854       0x88 d:/gcc arm/10 2021.10/bin/../lib/gcc/arm-none-eabi/10.3.1/../../../../arm-none-eabi/lib/thumb/v7e-m+fp/hard\libc_nano.a(lib_a-stdio.o)
 .debug_frame   0x000018dc       0x2c d:/gcc arm/10 2021.10/bin/../lib/gcc/arm-none-eabi/10.3.1/../../../../arm-none-eabi/lib/thumb/v7e-m+fp/hard\libc_nano.a(lib_a-writer.o)
 .debug_frame   0x00001908       0x28 d:/gcc arm/10 2021.10/bin/../lib/gcc/arm-none-eabi/10.3.1/../../../../arm-none-eabi/lib/thumb/v7e-m+fp/hard\libc_nano.a(lib_a-abort.o)
 .debug_frame   0x00001930       0x2c d:/gcc arm/10 2021.10/bin/../lib/gcc/arm-none-eabi/10.3.1/../../../../arm-none-eabi/lib/thumb/v7e-m+fp/hard\libc_nano.a(lib_a-closer.o)
 .debug_frame   0x0000195c       0x2c d:/gcc arm/10 2021.10/bin/../lib/gcc/arm-none-eabi/10.3.1/../../../../arm-none-eabi/lib/thumb/v7e-m+fp/hard\libc_nano.a(lib_a-fstatr.o)
 .debug_frame   0x00001988       0x2c d:/gcc arm/10 2021.10/bin/../lib/gcc/arm-none-eabi/10.3.1/../../../../arm-none-eabi/lib/thumb/v7e-m+fp/hard\libc_nano.a(lib_a-isattyr.o)
 .debug_frame   0x000019b4       0x2c d:/gcc arm/10 2021.10/bin/../lib/gcc/arm-none-eabi/10.3.1/../../../../arm-none-eabi/lib/thumb/v7e-m+fp/hard\libc_nano.a(lib_a-lseekr.o)
 .debug_frame   0x000019e0       0x2c d:/gcc arm/10 2021.10/bin/../lib/gcc/arm-none-eabi/10.3.1/../../../../arm-none-eabi/lib/thumb/v7e-m+fp/hard\libc_nano.a(lib_a-readr.o)
 .debug_frame   0x00001a0c       0xcc d:/gcc arm/10 2021.10/bin/../lib/gcc/arm-none-eabi/10.3.1/../../../../arm-none-eabi/lib/thumb/v7e-m+fp/hard\libc_nano.a(lib_a-signal.o)
 .debug_frame   0x00001ad8       0x3c d:/gcc arm/10 2021.10/bin/../lib/gcc/arm-none-eabi/10.3.1/../../../../arm-none-eabi/lib/thumb/v7e-m+fp/hard\libc_nano.a(lib_a-signalr.o)
 .debug_frame   0x00001b14       0x20 d:/gcc arm/10 2021.10/bin/../lib/gcc/arm-none-eabi/10.3.1/../../../../arm-none-eabi/lib/thumb/v7e-m+fp/hard\libnosys.a(close.o)
 .debug_frame   0x00001b34       0x20 d:/gcc arm/10 2021.10/bin/../lib/gcc/arm-none-eabi/10.3.1/../../../../arm-none-eabi/lib/thumb/v7e-m+fp/hard\libnosys.a(fstat.o)
 .debug_frame   0x00001b54       0x20 d:/gcc arm/10 2021.10/bin/../lib/gcc/arm-none-eabi/10.3.1/../../../../arm-none-eabi/lib/thumb/v7e-m+fp/hard\libnosys.a(getpid.o)
 .debug_frame   0x00001b74       0x20 d:/gcc arm/10 2021.10/bin/../lib/gcc/arm-none-eabi/10.3.1/../../../../arm-none-eabi/lib/thumb/v7e-m+fp/hard\libnosys.a(isatty.o)
 .debug_frame   0x00001b94       0x20 d:/gcc arm/10 2021.10/bin/../lib/gcc/arm-none-eabi/10.3.1/../../../../arm-none-eabi/lib/thumb/v7e-m+fp/hard\libnosys.a(kill.o)
 .debug_frame   0x00001bb4       0x20 d:/gcc arm/10 2021.10/bin/../lib/gcc/arm-none-eabi/10.3.1/../../../../arm-none-eabi/lib/thumb/v7e-m+fp/hard\libnosys.a(lseek.o)
 .debug_frame   0x00001bd4       0x20 d:/gcc arm/10 2021.10/bin/../lib/gcc/arm-none-eabi/10.3.1/../../../../arm-none-eabi/lib/thumb/v7e-m+fp/hard\libnosys.a(read.o)
 .debug_frame   0x00001bf4       0x20 d:/gcc arm/10 2021.10/bin/../lib/gcc/arm-none-eabi/10.3.1/../../../../arm-none-eabi/lib/thumb/v7e-m+fp/hard\libnosys.a(sbrk.o)
 .debug_frame   0x00001c14       0x20 d:/gcc arm/10 2021.10/bin/../lib/gcc/arm-none-eabi/10.3.1/../../../../arm-none-eabi/lib/thumb/v7e-m+fp/hard\libnosys.a(write.o)
 .debug_frame   0x00001c34       0x20 d:/gcc arm/10 2021.10/bin/../lib/gcc/arm-none-eabi/10.3.1/../../../../arm-none-eabi/lib/thumb/v7e-m+fp/hard\libnosys.a(_exit.o)

.stab           0x00000000       0xcc
 .stab          0x00000000       0x24 d:/gcc arm/10 2021.10/bin/../lib/gcc/arm-none-eabi/10.3.1/../../../../arm-none-eabi/lib/thumb/v7e-m+fp/hard\libnosys.a(close.o)
 .stab          0x00000024       0x18 d:/gcc arm/10 2021.10/bin/../lib/gcc/arm-none-eabi/10.3.1/../../../../arm-none-eabi/lib/thumb/v7e-m+fp/hard\libnosys.a(fstat.o)
                                 0x24 (size before relaxing)
 .stab          0x0000003c       0x18 d:/gcc arm/10 2021.10/bin/../lib/gcc/arm-none-eabi/10.3.1/../../../../arm-none-eabi/lib/thumb/v7e-m+fp/hard\libnosys.a(getpid.o)
                                 0x24 (size before relaxing)
 .stab          0x00000054       0x18 d:/gcc arm/10 2021.10/bin/../lib/gcc/arm-none-eabi/10.3.1/../../../../arm-none-eabi/lib/thumb/v7e-m+fp/hard\libnosys.a(isatty.o)
                                 0x24 (size before relaxing)
 .stab          0x0000006c       0x18 d:/gcc arm/10 2021.10/bin/../lib/gcc/arm-none-eabi/10.3.1/../../../../arm-none-eabi/lib/thumb/v7e-m+fp/hard\libnosys.a(kill.o)
                                 0x24 (size before relaxing)
 .stab          0x00000084       0x18 d:/gcc arm/10 2021.10/bin/../lib/gcc/arm-none-eabi/10.3.1/../../../../arm-none-eabi/lib/thumb/v7e-m+fp/hard\libnosys.a(lseek.o)
                                 0x24 (size before relaxing)
 .stab          0x0000009c       0x18 d:/gcc arm/10 2021.10/bin/../lib/gcc/arm-none-eabi/10.3.1/../../../../arm-none-eabi/lib/thumb/v7e-m+fp/hard\libnosys.a(read.o)
                                 0x24 (size before relaxing)
 .stab          0x000000b4       0x18 d:/gcc arm/10 2021.10/bin/../lib/gcc/arm-none-eabi/10.3.1/../../../../arm-none-eabi/lib/thumb/v7e-m+fp/hard\libnosys.a(write.o)
                                 0x24 (size before relaxing)

.stabstr        0x00000000      0x1b9
 .stabstr       0x00000000      0x1b9 d:/gcc arm/10 2021.10/bin/../lib/gcc/arm-none-eabi/10.3.1/../../../../arm-none-eabi/lib/thumb/v7e-m+fp/hard\libnosys.a(close.o)

Cross Reference Table

Symbol                                            File
ADC_IRQHandler                                    build/startup_stm32f401.o
AHBPrescTable                                     build/system_stm32f4xx.o
APBPrescTable                                     build/system_stm32f4xx.o
Bootloader_Main                                   build/boot.o
BusFault_Handler                                  build/startup_stm32f401.o
DHCP_CHADDR                                       build/dhcp.o
DHCP_REAL_SIP                                     build/dhcp.o
DHCP_SIP                                          build/dhcp.o
DHCP_SOCKET                                       build/dhcp.o
DHCP_XID                                          build/dhcp.o
DHCP_allocated_dns                                build/dhcp.o
DHCP_allocated_gw                                 build/dhcp.o
DHCP_allocated_ip                                 build/dhcp.o
DHCP_allocated_sn                                 build/dhcp.o
DHCP_init                                         build/dhcp.o
                                                  build/w5500_host_config.o
DHCP_run                                          build/dhcp.o
                                                  build/w5500_host_config.o
DHCP_stop                                         build/dhcp.o
DHCP_time_handler                                 build/dhcp.o
DMA1_Stream0_IRQHandler                           build/startup_stm32f401.o
DMA1_Stream1_IRQHandler                           build/startup_stm32f401.o
DMA1_Stream2_IRQHandler                           build/startup_stm32f401.o
DMA1_Stream3_IRQHandler                           build/startup_stm32f401.o
DMA1_Stream4_IRQHandler                           build/startup_stm32f401.o
DMA1_Stream5_IRQHandler                           build/startup_stm32f401.o
DMA1_Stream6_IRQHandler                           build/startup_stm32f401.o
DMA1_Stream7_IRQHandler                           build/startup_stm32f401.o
DMA2_Stream0_IRQHandler                           build/startup_stm32f401.o
DMA2_Stream1_IRQHandler                           build/startup_stm32f401.o
DMA2_Stream2_IRQHandler                           build/startup_stm32f401.o
DMA2_Stream3_IRQHandler                           build/startup_stm32f401.o
DMA2_Stream4_IRQHandler                           build/startup_stm32f401.o
DMA2_Stream5_IRQHandler                           build/startup_stm32f401.o
DMA2_Stream6_IRQHandler                           build/startup_stm32f401.o
DMA2_Stream7_IRQHandler                           build/startup_stm32f401.o
DebugMon_Handler                                  build/startup_stm32f401.o
Default_Handler                                   build/startup_stm32f401.o
EXTI0_IRQHandler                                  build/startup_stm32f401.o
EXTI15_10_IRQHandler                              build/startup_stm32f401.o
EXTI1_IRQHandler                                  build/coap_port.o
EXTI2_IRQHandler                                  build/startup_stm32f401.o
EXTI3_IRQHandler                                  build/startup_stm32f401.o
EXTI4_IRQHandler                                  build/startup_stm32f401.o
EXTI9_5_IRQHandler                                build/startup_stm32f401.o
FLASH_IRQHandler                                  build/startup_stm32f401.o
FPU_IRQHandler                                    build/startup_stm32f401.o
HOST_NAME                                         build/dhcp.o
HardFault_Handler                                 build/startup_stm32f401.o
I2C1_ER_IRQHandler                                build/startup_stm32f401.o
I2C1_EV_IRQHandler                                build/startup_stm32f401.o
I2C2_ER_IRQHandler                                build/startup_stm32f401.o
I2C2_EV_IRQHandler                                build/startup_stm32f401.o
I2C3_ER_IRQHandler                                build/startup_stm32f401.o
I2C3_EV_IRQHandler                                build/startup_stm32f401.o
MemManage_Handler                                 build/startup_stm32f401.o
NMI_Handler                                       build/startup_stm32f401.o
NibbleToHex                                       build/dhcp.o
OLD_allocated_ip                                  build/dhcp.o
OTG_FS_IRQHandler                                 build/startup_stm32f401.o
OTG_FS_WKUP_IRQHandler                            build/startup_stm32f401.o
PVD_IRQHandler                                    build/startup_stm32f401.o
PendSV_Handler                                    build/startup_stm32f401.o
RCC_IRQHandler                                    build/startup_stm32f401.o
RTC_Alarm_IRQHandler                              build/startup_stm32f401.o
RTC_WKUP_IRQHandler                               build/startup_stm32f401.o
Reset_Handler                                     build/startup_stm32f401.o
SDIO_IRQHandler                                   build/startup_stm32f401.o
SPI1_IRQHandler                                   build/startup_stm32f401.o
SPI2_IRQHandler                                   build/startup_stm32f401.o
SPI3_IRQHandler                                   build/startup_stm32f401.o
SPI4_IRQHandler                                   build/startup_stm32f401.o
SPIReadWrite                                      build/w5500_spi.o
SVC_Handler                                       build/startup_stm32f401.o
SysTick_Handler                                   build/clock.o
SystemCoreClock                                   build/system_stm32f4xx.o
                                                  build/main.o
                                                  build/uart.o
SystemCoreClockUpdate                             build/system_stm32f4xx.o
SystemInit                                        build/system_stm32f4xx.o
                                                  build/startup_stm32f401.o
TAMP_STAMP_IRQHandler                             build/startup_stm32f401.o
TEE_Init                                          build/tee.o
TIM1_BRK_TIM9_IRQHandler                          build/startup_stm32f401.o
TIM1_CC_IRQHandler                                build/startup_stm32f401.o
TIM1_TRG_COM_TIM11_IRQHandler                     build/startup_stm32f401.o
TIM1_UP_TIM10_IRQHandler                          build/startup_stm32f401.o
TIM2_IRQHandler                                   build/startup_stm32f401.o
TIM3_IRQHandler                                   build/startup_stm32f401.o
TIM4_IRQHandler                                   build/startup_stm32f401.o
TIM5_IRQHandler                                   build/startup_stm32f401.o
USART1_IRQHandler                                 build/main.o
USART2_IRQHandler                                 build/startup_stm32f401.o
USART6_IRQHandler                                 build/startup_stm32f401.o
UsageFault_Handler                                build/startup_stm32f401.o
WIZCHIP                                           build/wizchip_conf.o
                                                  build/w5500.o
WIZCHIP_READ                                      build/w5500.o
                                                  build/wizchip_conf.o
                                                  build/socket.o
                                                  build/dhcp.o
                                                  build/coap_port.o
WIZCHIP_READ_BUF                                  build/w5500.o
                                                  build/wizchip_conf.o
                                                  build/socket.o
                                                  build/dhcp.o
WIZCHIP_WRITE                                     build/w5500.o
                                                  build/wizchip_conf.o
                                                  build/w5500_spi.o
                                                  build/socket.o
                                                  build/dhcp.o
                                                  build/coap_port.o
WIZCHIP_WRITE_BUF                                 build/w5500.o
                                                  build/wizchip_conf.o
                                                  build/w5500_host_config.o
                                                  build/socket.o
                                                  build/dhcp.o
WWDG_IRQHandler                                   build/startup_stm32f401.o
__assert                                          d:/gcc arm/10 2021.10/bin/../lib/gcc/arm-none-eabi/10.3.1/../../../../arm-none-eabi/lib/thumb/v7e-m+fp/hard\libc_nano.a(lib_a-assert.o)
__assert_func                                     d:/gcc arm/10 2021.10/bin/../lib/gcc/arm-none-eabi/10.3.1/../../../../arm-none-eabi/lib/thumb/v7e-m+fp/hard\libc_nano.a(lib_a-assert.o)
                                                  d:/gcc arm/10 2021.10/bin/../lib/gcc/arm-none-eabi/10.3.1/../../../../arm-none-eabi/lib/thumb/v7e-m+fp/hard\libc_nano.a(lib_a-rand.o)
__bss_end__                                       d:/gcc arm/10 2021.10/bin/../lib/gcc/arm-none-eabi/10.3.1/../../../../arm-none-eabi/lib/thumb/v7e-m+fp/hard/crt0.o
__bss_start__                                     d:/gcc arm/10 2021.10/bin/../lib/gcc/arm-none-eabi/10.3.1/../../../../arm-none-eabi/lib/thumb/v7e-m+fp/hard/crt0.o
__call_exitprocs                                  d:/gcc arm/10 2021.10/bin/../lib/gcc/arm-none-eabi/10.3.1/../../../../arm-none-eabi/lib/thumb/v7e-m+fp/hard\libc_nano.a(lib_a-exit.o)
__deregister_frame_info                           d:/gcc arm/10 2021.10/bin/../lib/gcc/arm-none-eabi/10.3.1/thumb/v7e-m+fp/hard/crtbegin.o
__dso_handle                                      d:/gcc arm/10 2021.10/bin/../lib/gcc/arm-none-eabi/10.3.1/thumb/v7e-m+fp/hard/crtbegin.o
__fp_lock_all                                     d:/gcc arm/10 2021.10/bin/../lib/gcc/arm-none-eabi/10.3.1/../../../../arm-none-eabi/lib/thumb/v7e-m+fp/hard\libc_nano.a(lib_a-findfp.o)
__fp_unlock_all                                   d:/gcc arm/10 2021.10/bin/../lib/gcc/arm-none-eabi/10.3.1/../../../../arm-none-eabi/lib/thumb/v7e-m+fp/hard\libc_nano.a(lib_a-findfp.o)
__init_array_end                                  d:/gcc arm/10 2021.10/bin/../lib/gcc/arm-none-eabi/10.3.1/../../../../arm-none-eabi/lib/thumb/v7e-m+fp/hard\libc_nano.a(lib_a-init.o)
__init_array_start                                d:/gcc arm/10 2021.10/bin/../lib/gcc/arm-none-eabi/10.3.1/../../../../arm-none-eabi/lib/thumb/v7e-m+fp/hard\libc_nano.a(lib_a-init.o)
__libc_fini_array                                 d:/gcc arm/10 2021.10/bin/../lib/gcc/arm-none-eabi/10.3.1/../../../../arm-none-eabi/lib/thumb/v7e-m+fp/hard/crt0.o
__libc_init_array                                 d:/gcc arm/10 2021.10/bin/../lib/gcc/arm-none-eabi/10.3.1/../../../../arm-none-eabi/lib/thumb/v7e-m+fp/hard\libc_nano.a(lib_a-init.o)
                                                  build/startup_stm32f401.o
                                                  d:/gcc arm/10 2021.10/bin/../lib/gcc/arm-none-eabi/10.3.1/../../../../arm-none-eabi/lib/thumb/v7e-m+fp/hard/crt0.o
__lock___arc4random_mutex                         d:/gcc arm/10 2021.10/bin/../lib/gcc/arm-none-eabi/10.3.1/../../../../arm-none-eabi/lib/thumb/v7e-m+fp/hard\libc_nano.a(lib_a-lock.o)
__lock___at_quick_exit_mutex                      d:/gcc arm/10 2021.10/bin/../lib/gcc/arm-none-eabi/10.3.1/../../../../arm-none-eabi/lib/thumb/v7e-m+fp/hard\libc_nano.a(lib_a-lock.o)
__lock___atexit_recursive_mutex                   d:/gcc arm/10 2021.10/bin/../lib/gcc/arm-none-eabi/10.3.1/../../../../arm-none-eabi/lib/thumb/v7e-m+fp/hard\libc_nano.a(lib_a-lock.o)
__lock___dd_hash_mutex                            d:/gcc arm/10 2021.10/bin/../lib/gcc/arm-none-eabi/10.3.1/../../../../arm-none-eabi/lib/thumb/v7e-m+fp/hard\libc_nano.a(lib_a-lock.o)
__lock___env_recursive_mutex                      d:/gcc arm/10 2021.10/bin/../lib/gcc/arm-none-eabi/10.3.1/../../../../arm-none-eabi/lib/thumb/v7e-m+fp/hard\libc_nano.a(lib_a-lock.o)
__lock___malloc_recursive_mutex                   d:/gcc arm/10 2021.10/bin/../lib/gcc/arm-none-eabi/10.3.1/../../../../arm-none-eabi/lib/thumb/v7e-m+fp/hard\libc_nano.a(lib_a-lock.o)
                                                  d:/gcc arm/10 2021.10/bin/../lib/gcc/arm-none-eabi/10.3.1/../../../../arm-none-eabi/lib/thumb/v7e-m+fp/hard\libc_nano.a(lib_a-mlock.o)
__lock___sfp_recursive_mutex                      d:/gcc arm/10 2021.10/bin/../lib/gcc/arm-none-eabi/10.3.1/../../../../arm-none-eabi/lib/thumb/v7e-m+fp/hard\libc_nano.a(lib_a-lock.o)
                                                  d:/gcc arm/10 2021.10/bin/../lib/gcc/arm-none-eabi/10.3.1/../../../../arm-none-eabi/lib/thumb/v7e-m+fp/hard\libc_nano.a(lib_a-findfp.o)
__lock___sinit_recursive_mutex                    d:/gcc arm/10 2021.10/bin/../lib/gcc/arm-none-eabi/10.3.1/../../../../arm-none-eabi/lib/thumb/v7e-m+fp/hard\libc_nano.a(lib_a-lock.o)
                                                  d:/gcc arm/10 2021.10/bin/../lib/gcc/arm-none-eabi/10.3.1/../../../../arm-none-eabi/lib/thumb/v7e-m+fp/hard\libc_nano.a(lib_a-findfp.o)
__lock___tz_mutex                                 d:/gcc arm/10 2021.10/bin/../lib/gcc/arm-none-eabi/10.3.1/../../../../arm-none-eabi/lib/thumb/v7e-m+fp/hard\libc_nano.a(lib_a-lock.o)
__malloc_free_list                                d:/gcc arm/10 2021.10/bin/../lib/gcc/arm-none-eabi/10.3.1/../../../../arm-none-eabi/lib/thumb/v7e-m+fp/hard\libc_nano.a(lib_a-nano-mallocr.o)
                                                  d:/gcc arm/10 2021.10/bin/../lib/gcc/arm-none-eabi/10.3.1/../../../../arm-none-eabi/lib/thumb/v7e-m+fp/hard\libc_nano.a(lib_a-nano-freer.o)
__malloc_lock                                     d:/gcc arm/10 2021.10/bin/../lib/gcc/arm-none-eabi/10.3.1/../../../../arm-none-eabi/lib/thumb/v7e-m+fp/hard\libc_nano.a(lib_a-mlock.o)
                                                  d:/gcc arm/10 2021.10/bin/../lib/gcc/arm-none-eabi/10.3.1/../../../../arm-none-eabi/lib/thumb/v7e-m+fp/hard\libc_nano.a(lib_a-nano-mallocr.o)
                                                  d:/gcc arm/10 2021.10/bin/../lib/gcc/arm-none-eabi/10.3.1/../../../../arm-none-eabi/lib/thumb/v7e-m+fp/hard\libc_nano.a(lib_a-nano-freer.o)
__malloc_sbrk_start                               d:/gcc arm/10 2021.10/bin/../lib/gcc/arm-none-eabi/10.3.1/../../../../arm-none-eabi/lib/thumb/v7e-m+fp/hard\libc_nano.a(lib_a-nano-mallocr.o)
__malloc_unlock                                   d:/gcc arm/10 2021.10/bin/../lib/gcc/arm-none-eabi/10.3.1/../../../../arm-none-eabi/lib/thumb/v7e-m+fp/hard\libc_nano.a(lib_a-mlock.o)
                                                  d:/gcc arm/10 2021.10/bin/../lib/gcc/arm-none-eabi/10.3.1/../../../../arm-none-eabi/lib/thumb/v7e-m+fp/hard\libc_nano.a(lib_a-nano-mallocr.o)
                                                  d:/gcc arm/10 2021.10/bin/../lib/gcc/arm-none-eabi/10.3.1/../../../../arm-none-eabi/lib/thumb/v7e-m+fp/hard\libc_nano.a(lib_a-nano-freer.o)
__preinit_array_end                               d:/gcc arm/10 2021.10/bin/../lib/gcc/arm-none-eabi/10.3.1/../../../../arm-none-eabi/lib/thumb/v7e-m+fp/hard\libc_nano.a(lib_a-init.o)
__preinit_array_start                             d:/gcc arm/10 2021.10/bin/../lib/gcc/arm-none-eabi/10.3.1/../../../../arm-none-eabi/lib/thumb/v7e-m+fp/hard\libc_nano.a(lib_a-init.o)
__register_frame_info                             d:/gcc arm/10 2021.10/bin/../lib/gcc/arm-none-eabi/10.3.1/thumb/v7e-m+fp/hard/crtbegin.o
__retarget_lock_acquire                           d:/gcc arm/10 2021.10/bin/../lib/gcc/arm-none-eabi/10.3.1/../../../../arm-none-eabi/lib/thumb/v7e-m+fp/hard\libc_nano.a(lib_a-lock.o)
__retarget_lock_acquire_recursive                 d:/gcc arm/10 2021.10/bin/../lib/gcc/arm-none-eabi/10.3.1/../../../../arm-none-eabi/lib/thumb/v7e-m+fp/hard\libc_nano.a(lib_a-lock.o)
                                                  d:/gcc arm/10 2021.10/bin/../lib/gcc/arm-none-eabi/10.3.1/../../../../arm-none-eabi/lib/thumb/v7e-m+fp/hard\libc_nano.a(lib_a-putc.o)
                                                  d:/gcc arm/10 2021.10/bin/../lib/gcc/arm-none-eabi/10.3.1/../../../../arm-none-eabi/lib/thumb/v7e-m+fp/hard\libc_nano.a(lib_a-nano-vfprintf.o)
                                                  d:/gcc arm/10 2021.10/bin/../lib/gcc/arm-none-eabi/10.3.1/../../../../arm-none-eabi/lib/thumb/v7e-m+fp/hard\libc_nano.a(lib_a-mlock.o)
                                                  d:/gcc arm/10 2021.10/bin/../lib/gcc/arm-none-eabi/10.3.1/../../../../arm-none-eabi/lib/thumb/v7e-m+fp/hard\libc_nano.a(lib_a-findfp.o)
                                                  d:/gcc arm/10 2021.10/bin/../lib/gcc/arm-none-eabi/10.3.1/../../../../arm-none-eabi/lib/thumb/v7e-m+fp/hard\libc_nano.a(lib_a-fflush.o)
                                                  d:/gcc arm/10 2021.10/bin/../lib/gcc/arm-none-eabi/10.3.1/../../../../arm-none-eabi/lib/thumb/v7e-m+fp/hard\libc_nano.a(lib_a-setvbuf.o)
                                                  d:/gcc arm/10 2021.10/bin/../lib/gcc/arm-none-eabi/10.3.1/../../../../arm-none-eabi/lib/thumb/v7e-m+fp/hard\libc_nano.a(lib_a-puts.o)
__retarget_lock_close                             d:/gcc arm/10 2021.10/bin/../lib/gcc/arm-none-eabi/10.3.1/../../../../arm-none-eabi/lib/thumb/v7e-m+fp/hard\libc_nano.a(lib_a-lock.o)
__retarget_lock_close_recursive                   d:/gcc arm/10 2021.10/bin/../lib/gcc/arm-none-eabi/10.3.1/../../../../arm-none-eabi/lib/thumb/v7e-m+fp/hard\libc_nano.a(lib_a-lock.o)
__retarget_lock_init                              d:/gcc arm/10 2021.10/bin/../lib/gcc/arm-none-eabi/10.3.1/../../../../arm-none-eabi/lib/thumb/v7e-m+fp/hard\libc_nano.a(lib_a-lock.o)
__retarget_lock_init_recursive                    d:/gcc arm/10 2021.10/bin/../lib/gcc/arm-none-eabi/10.3.1/../../../../arm-none-eabi/lib/thumb/v7e-m+fp/hard\libc_nano.a(lib_a-lock.o)
                                                  d:/gcc arm/10 2021.10/bin/../lib/gcc/arm-none-eabi/10.3.1/../../../../arm-none-eabi/lib/thumb/v7e-m+fp/hard\libc_nano.a(lib_a-findfp.o)
__retarget_lock_release                           d:/gcc arm/10 2021.10/bin/../lib/gcc/arm-none-eabi/10.3.1/../../../../arm-none-eabi/lib/thumb/v7e-m+fp/hard\libc_nano.a(lib_a-lock.o)
__retarget_lock_release_recursive                 d:/gcc arm/10 2021.10/bin/../lib/gcc/arm-none-eabi/10.3.1/../../../../arm-none-eabi/lib/thumb/v7e-m+fp/hard\libc_nano.a(lib_a-lock.o)
                                                  d:/gcc arm/10 2021.10/bin/../lib/gcc/arm-none-eabi/10.3.1/../../../../arm-none-eabi/lib/thumb/v7e-m+fp/hard\libc_nano.a(lib_a-putc.o)
                                                  d:/gcc arm/10 2021.10/bin/../lib/gcc/arm-none-eabi/10.3.1/../../../../arm-none-eabi/lib/thumb/v7e-m+fp/hard\libc_nano.a(lib_a-nano-vfprintf.o)
                                                  d:/gcc arm/10 2021.10/bin/../lib/gcc/arm-none-eabi/10.3.1/../../../../arm-none-eabi/lib/thumb/v7e-m+fp/hard\libc_nano.a(lib_a-mlock.o)
                                                  d:/gcc arm/10 2021.10/bin/../lib/gcc/arm-none-eabi/10.3.1/../../../../arm-none-eabi/lib/thumb/v7e-m+fp/hard\libc_nano.a(lib_a-findfp.o)
                                                  d:/gcc arm/10 2021.10/bin/../lib/gcc/arm-none-eabi/10.3.1/../../../../arm-none-eabi/lib/thumb/v7e-m+fp/hard\libc_nano.a(lib_a-fflush.o)
                                                  d:/gcc arm/10 2021.10/bin/../lib/gcc/arm-none-eabi/10.3.1/../../../../arm-none-eabi/lib/thumb/v7e-m+fp/hard\libc_nano.a(lib_a-setvbuf.o)
                                                  d:/gcc arm/10 2021.10/bin/../lib/gcc/arm-none-eabi/10.3.1/../../../../arm-none-eabi/lib/thumb/v7e-m+fp/hard\libc_nano.a(lib_a-puts.o)
__retarget_lock_try_acquire                       d:/gcc arm/10 2021.10/bin/../lib/gcc/arm-none-eabi/10.3.1/../../../../arm-none-eabi/lib/thumb/v7e-m+fp/hard\libc_nano.a(lib_a-lock.o)
__retarget_lock_try_acquire_recursive             d:/gcc arm/10 2021.10/bin/../lib/gcc/arm-none-eabi/10.3.1/../../../../arm-none-eabi/lib/thumb/v7e-m+fp/hard\libc_nano.a(lib_a-lock.o)
__sclose                                          d:/gcc arm/10 2021.10/bin/../lib/gcc/arm-none-eabi/10.3.1/../../../../arm-none-eabi/lib/thumb/v7e-m+fp/hard\libc_nano.a(lib_a-stdio.o)
                                                  d:/gcc arm/10 2021.10/bin/../lib/gcc/arm-none-eabi/10.3.1/../../../../arm-none-eabi/lib/thumb/v7e-m+fp/hard\libc_nano.a(lib_a-findfp.o)
__seofread                                        d:/gcc arm/10 2021.10/bin/../lib/gcc/arm-none-eabi/10.3.1/../../../../arm-none-eabi/lib/thumb/v7e-m+fp/hard\libc_nano.a(lib_a-stdio.o)
__sf_fake_stderr                                  d:/gcc arm/10 2021.10/bin/../lib/gcc/arm-none-eabi/10.3.1/../../../../arm-none-eabi/lib/thumb/v7e-m+fp/hard\libc_nano.a(lib_a-findfp.o)
                                                  d:/gcc arm/10 2021.10/bin/../lib/gcc/arm-none-eabi/10.3.1/../../../../arm-none-eabi/lib/thumb/v7e-m+fp/hard\libc_nano.a(lib_a-putc.o)
                                                  d:/gcc arm/10 2021.10/bin/../lib/gcc/arm-none-eabi/10.3.1/../../../../arm-none-eabi/lib/thumb/v7e-m+fp/hard\libc_nano.a(lib_a-nano-vfprintf.o)
                                                  d:/gcc arm/10 2021.10/bin/../lib/gcc/arm-none-eabi/10.3.1/../../../../arm-none-eabi/lib/thumb/v7e-m+fp/hard\libc_nano.a(lib_a-fflush.o)
                                                  d:/gcc arm/10 2021.10/bin/../lib/gcc/arm-none-eabi/10.3.1/../../../../arm-none-eabi/lib/thumb/v7e-m+fp/hard\libc_nano.a(lib_a-wsetup.o)
                                                  d:/gcc arm/10 2021.10/bin/../lib/gcc/arm-none-eabi/10.3.1/../../../../arm-none-eabi/lib/thumb/v7e-m+fp/hard\libc_nano.a(lib_a-wbuf.o)
                                                  d:/gcc arm/10 2021.10/bin/../lib/gcc/arm-none-eabi/10.3.1/../../../../arm-none-eabi/lib/thumb/v7e-m+fp/hard\libc_nano.a(lib_a-setvbuf.o)
                                                  d:/gcc arm/10 2021.10/bin/../lib/gcc/arm-none-eabi/10.3.1/../../../../arm-none-eabi/lib/thumb/v7e-m+fp/hard\libc_nano.a(lib_a-puts.o)
                                                  d:/gcc arm/10 2021.10/bin/../lib/gcc/arm-none-eabi/10.3.1/../../../../arm-none-eabi/lib/thumb/v7e-m+fp/hard\libc_nano.a(lib_a-impure.o)
__sf_fake_stdin                                   d:/gcc arm/10 2021.10/bin/../lib/gcc/arm-none-eabi/10.3.1/../../../../arm-none-eabi/lib/thumb/v7e-m+fp/hard\libc_nano.a(lib_a-findfp.o)
                                                  d:/gcc arm/10 2021.10/bin/../lib/gcc/arm-none-eabi/10.3.1/../../../../arm-none-eabi/lib/thumb/v7e-m+fp/hard\libc_nano.a(lib_a-putc.o)