Archive member included to satisfy reference by file (symbol)

d:/gcc arm/10 2021.10/bin/../lib/gcc/arm-none-eabi/10.3.1/../../../../arm-none-eabi/lib/thumb/v7e-m+fp/hard\libc_nano.a(lib_a-exit.o)
                              d:/gcc arm/10 2021.10/bin/../lib/gcc/arm-none-eabi/10.3.1/../../../../arm-none-eabi/lib/thumb/v7e-m+fp/hard/crt0.o (exit)
d:/gcc arm/10 2021.10/bin/../lib/gcc/arm-none-eabi/10.3.1/../../../../arm-none-eabi/lib/thumb/v7e-m+fp/hard\libc_nano.a(lib_a-impure.o)
                              d:/gcc arm/10 2021.10/bin/../lib/gcc/arm-none-eabi/10.3.1/../../../../arm-none-eabi/lib/thumb/v7e-m+fp/hard\libc_nano.a(lib_a-exit.o) (_global_impure_ptr)
d:/gcc arm/10 2021.10/bin/../lib/gcc/arm-none-eabi/10.3.1/../../../../arm-none-eabi/lib/thumb/v7e-m+fp/hard\libc_nano.a(lib_a-init.o)
                              d:/gcc arm/10 2021.10/bin/../lib/gcc/arm-none-eabi/10.3.1/../../../../arm-none-eabi/lib/thumb/v7e-m+fp/hard/crt0.o (__libc_init_array)
d:/gcc arm/10 2021.10/bin/../lib/gcc/arm-none-eabi/10.3.1/../../../../arm-none-eabi/lib/thumb/v7e-m+fp/hard\libc_nano.a(lib_a-memcmp.o)
                              build/cipher_coap.o (memcmp)
d:/gcc arm/10 2021.10/bin/../lib/gcc/arm-none-eabi/10.3.1/../../../../arm-none-eabi/lib/thumb/v7e-m+fp/hard\libc_nano.a(lib_a-memcpy-stub.o)
                              build/coap.o (memcpy)
d:/gcc arm/10 2021.10/bin/../lib/gcc/arm-none-eabi/10.3.1/../../../../arm-none-eabi/lib/thumb/v7e-m+fp/hard\libc_nano.a(lib_a-memset.o)
                              d:/gcc arm/10 2021.10/bin/../lib/gcc/arm-none-eabi/10.3.1/../../../../arm-none-eabi/lib/thumb/v7e-m+fp/hard/crt0.o (memset)
d:/gcc arm/10 2021.10/bin/../lib/gcc/arm-none-eabi/10.3.1/../../../../arm-none-eabi/lib/thumb/v7e-m+fp/hard\libc_nano.a(lib_a-printf.o)
                              build/w5500_phy.o (printf)
d:/gcc arm/10 2021.10/bin/../lib/gcc/arm-none-eabi/10.3.1/../../../../arm-none-eabi/lib/thumb/v7e-m+fp/hard\libc_nano.a(lib_a-puts.o)
                              build/w5500_phy.o (puts)
d:/gcc arm/10 2021.10/bin/../lib/gcc/arm-none-eabi/10.3.1/../../../../arm-none-eabi/lib/thumb/v7e-m+fp/hard\libc_nano.a(lib_a-rand.o)
                              build/cipher_coap.o (rand)
d:/gcc arm/10 2021.10/bin/../lib/gcc/arm-none-eabi/10.3.1/../../../../arm-none-eabi/lib/thumb/v7e-m+fp/hard\libc_nano.a(lib_a-setbuf.o)
                              build/w5500_host_config.o (setbuf)
d:/gcc arm/10 2021.10/bin/../lib/gcc/arm-none-eabi/10.3.1/../../../../arm-none-eabi/lib/thumb/v7e-m+fp/hard\libc_nano.a(lib_a-setvbuf.o)
                              d:/gcc arm/10 2021.10/bin/../lib/gcc/arm-none-eabi/10.3.1/../../../../arm-none-eabi/lib/thumb/v7e-m+fp/hard\libc_nano.a(lib_a-setbuf.o) (setvbuf)
d:/gcc arm/10 2021.10/bin/../lib/gcc/arm-none-eabi/10.3.1/../../../../arm-none-eabi/lib/thumb/v7e-m+fp/hard\libc_nano.a(lib_a-strlen.o)
                              build/coap.o (strlen)
d:/gcc arm/10 2021.10/bin/../lib/gcc/arm-none-eabi/10.3.1/../../../../arm-none-eabi/lib/thumb/v7e-m+fp/hard\libc_nano.a(lib_a-strncat.o)
                              build/endpoints.o (strncat)
d:/gcc arm/10 2021.10/bin/../lib/gcc/arm-none-eabi/10.3.1/../../../../arm-none-eabi/lib/thumb/v7e-m+fp/hard\libc_nano.a(lib_a-wbuf.o)
                              d:/gcc arm/10 2021.10/bin/../lib/gcc/arm-none-eabi/10.3.1/../../../../arm-none-eabi/lib/thumb/v7e-m+fp/hard\libc_nano.a(lib_a-puts.o) (__swbuf_r)
d:/gcc arm/10 2021.10/bin/../lib/gcc/arm-none-eabi/10.3.1/../../../../arm-none-eabi/lib/thumb/v7e-m+fp/hard\libc_nano.a(lib_a-wsetup.o)
                              d:/gcc arm/10 2021.10/bin/../lib/gcc/arm-none-eabi/10.3.1/../../../../arm-none-eabi/lib/thumb/v7e-m+fp/hard\libc_nano.a(lib_a-puts.o) (__swsetup_r)
d:/gcc arm/10 2021.10/bin/../lib/gcc/arm-none-eabi/10.3.1/../../../../arm-none-eabi/lib/thumb/v7e-m+fp/hard\libc_nano.a(lib_a-assert.o)
                              d:/gcc arm/10 2021.10/bin/../lib/gcc/arm-none-eabi/10.3.1/../../../../arm-none-eabi/lib/thumb/v7e-m+fp/hard\libc_nano.a(lib_a-rand.o) (__assert_func)
d:/gcc arm/10 2021.10/bin/../lib/gcc/arm-none-eabi/10.3.1/../../../../arm-none-eabi/lib/thumb/v7e-m+fp/hard\libc_nano.a(lib_a-fflush.o)
                              d:/gcc arm/10 2021.10/bin/../lib/gcc/arm-none-eabi/10.3.1/../../../../arm-none-eabi/lib/thumb/v7e-m+fp/hard\libc_nano.a(lib_a-setvbuf.o) (_fflush_r)
d:/gcc arm/10 2021.10/bin/../lib/gcc/arm-none-eabi/10.3.1/../../../../arm-none-eabi/lib/thumb/v7e-m+fp/hard\libc_nano.a(lib_a-findfp.o)
                              d:/gcc arm/10 2021.10/bin/../lib/gcc/arm-none-eabi/10.3.1/../../../../arm-none-eabi/lib/thumb/v7e-m+fp/hard\libc_nano.a(lib_a-printf.o) (__sinit)
d:/gcc arm/10 2021.10/bin/../lib/gcc/arm-none-eabi/10.3.1/../../../../arm-none-eabi/lib/thumb/v7e-m+fp/hard\libc_nano.a(lib_a-fprintf.o)
                              d:/gcc arm/10 2021.10/bin/../lib/gcc/arm-none-eabi/10.3.1/../../../../arm-none-eabi/lib/thumb/v7e-m+fp/hard\libc_nano.a(lib_a-assert.o) (fiprintf)
[...]
Memory Configuration

Name             Origin             Length             Attributes
FLASH            0x08000000         0x00060000         xr
RAM              0x20000000         0x00018000         xrw
*default*        0x00000000         0xffffffff

Linker script and memory map

LOAD d:/gcc arm/10 2021.10/bin/../lib/gcc/arm-none-eabi/10.3.1/thumb/v7e-m+fp/hard/crti.o
LOAD d:/gcc arm/10 2021.10/bin/../lib/gcc/arm-none-eabi/10.3.1/thumb/v7e-m+fp/hard/crtbegin.o
LOAD d:/gcc arm/10 2021.10/bin/../lib/gcc/arm-none-eabi/10.3.1/../../../../arm-none-eabi/lib/thumb/v7e-m+fp/hard/crt0.o
LOAD build/w5500.o
LOAD build/system_stm32f4xx.o
LOAD build/blink.o
LOAD build/boot.o
LOAD build/cipher_coap.o
LOAD build/clock.o
LOAD build/main.o
LOAD build/tee.o
LOAD build/uart.o
LOAD build/w5500_run.o
LOAD build/dhcp.o
LOAD build/socket.o
LOAD build/w5500_host_config.o
LOAD build/w5500_phy.o
LOAD build/w5500_spi.o
LOAD build/wizchip_conf.o
LOAD build/coap.o
LOAD build/coap_port.o
LOAD build/endpoints.o
LOAD build/test.o
LOAD build/startup_stm32f401xc.o
LOAD d:/gcc arm/10 2021.10/bin/../lib/gcc/arm-none-eabi/10.3.1/../../../../arm-none-eabi/lib/thumb/v7e-m+fp/hard\libc_nano.a
LOAD d:/gcc arm/10 2021.10/bin/../lib/gcc/arm-none-eabi/10.3.1/../../../../arm-none-eabi/lib/thumb/v7e-m+fp/hard\libm.a
LOAD d:/gcc arm/10 2021.10/bin/../lib/gcc/arm-none-eabi/10.3.1/../../../../arm-none-eabi/lib/thumb/v7e-m+fp/hard\libnosys.a
LOAD mbedTLS/library\libmbedcrypto.a
START GROUP
LOAD d:/gcc arm/10 2021.10/bin/../lib/gcc/arm-none-eabi/10.3.1/thumb/v7e-m+fp/hard\libgcc.a
LOAD d:/gcc arm/10 2021.10/bin/../lib/gcc/arm-none-eabi/10.3.1/../../../../arm-none-eabi/lib/thumb/v7e-m+fp/hard\libc_nano.a
END GROUP
START GROUP
LOAD d:/gcc arm/10 2021.10/bin/../lib/gcc/arm-none-eabi/10.3.1/thumb/v7e-m+fp/hard\libgcc.a
LOAD d:/gcc arm/10 2021.10/bin/../lib/gcc/arm-none-eabi/10.3.1/../../../../arm-none-eabi/lib/thumb/v7e-m+fp/hard\libc_nano.a
END GROUP
LOAD d:/gcc arm/10 2021.10/bin/../lib/gcc/arm-none-eabi/10.3.1/thumb/v7e-m+fp/hard/crtend.o
LOAD d:/gcc arm/10 2021.10/bin/../lib/gcc/arm-none-eabi/10.3.1/thumb/v7e-m+fp/hard/crtn.o
                0x00000200                _Min_Heap_Size = 0x200
                0x00000400                _Min_Stack_Size = 0x400
                0x20018000                _estack = (ORIGIN (RAM) + LENGTH (RAM))

.isr_vector     0x08000000      0x194
                0x08000000                . = ALIGN (0x4)
 *(.isr_vector)
 .isr_vector    0x08000000      0x194 build/startup_stm32f401xc.o
                0x08000000                g_pfnVectors
                0x08000194                . = ALIGN (0x4)

.text           0x080001a0     0x9548
                0x080001a0                . = ALIGN (0x4)
 *(.text)
 .text          0x080001a0       0x10 d:/gcc arm/10 2021.10/bin/../lib/gcc/arm-none-eabi/10.3.1/../../../../arm-none-eabi/lib/thumb/v7e-m+fp/hard\libc_nano.a(lib_a-strlen.o)
                0x080001a0                strlen
 .text          0x080001b0       0xa0 d:/gcc arm/10 2021.10/bin/../lib/gcc/arm-none-eabi/10.3.1/../../../../arm-none-eabi/lib/thumb/v7e-m+fp/hard\libc_nano.a(lib_a-memchr.o)
                0x080001b0                memchr
 .text          0x08000250      0xd3c mbedTLS/library\libmbedcrypto.a(gcm.o)
                0x08000514                mbedtls_gcm_init
                0x08000520                mbedtls_gcm_setkey
                0x080006e0                mbedtls_gcm_starts
                0x080008ac                mbedtls_gcm_update_ad
                0x08000aec                mbedtls_gcm_update
                0x08000ca8                mbedtls_gcm_finish
                0x08000ea4                mbedtls_gcm_crypt_and_tag
                0x08000ef8                mbedtls_gcm_auth_decrypt
                0x08000f70                mbedtls_gcm_free
 .text          0x08000f8c       0x74 mbedTLS/library\libmbedcrypto.a(platform_util.o)
                0x08000f8c                mbedtls_platform_zeroize
                0x08000fa4                mbedtls_zeroize_and_free
                0x08000fc4                mbedtls_platform_gmtime_r
 .text          0x08001000      0xc74 mbedTLS/library\libmbedcrypto.a(cipher.o)
                0x08001274                mbedtls_cipher_list
                0x080012a8                mbedtls_cipher_info_from_type
                0x080012cc                mbedtls_cipher_info_from_string
                0x080012f4                mbedtls_cipher_info_from_values
                0x0800133c                mbedtls_cipher_init
                0x08001344                mbedtls_cipher_free
                0x0800137c                mbedtls_cipher_setup
                0x080013bc                mbedtls_cipher_setkey
                0x08001438                mbedtls_cipher_set_iv
                0x080014ec                mbedtls_cipher_reset
                0x08001500                mbedtls_cipher_update_ad
                0x08001524                mbedtls_cipher_update
                0x080017f0                mbedtls_cipher_finish
                0x08001914                mbedtls_cipher_set_padding_mode
                0x080019a0                mbedtls_cipher_write_tag
                0x080019e8                mbedtls_cipher_check_tag
                0x08001a58                mbedtls_cipher_crypt
                0x08001b40                mbedtls_cipher_auth_encrypt_ext
                0x08001bd4                mbedtls_cipher_auth_decrypt_ext
 .text          0x08001c74      0x1cc mbedTLS/library\libmbedcrypto.a(cipher_wrap.o)
 .text          0x08001e40      0x210 mbedTLS/library\libmbedcrypto.a(constant_time.o)
                0x08001e40                mbedtls_ct_memcmp
                0x08001ec4                mbedtls_ct_memcpy_if
                0x08001f78                mbedtls_ct_memcpy_offset
 .text          0x08002050     0x1db0 mbedTLS/library\libmbedcrypto.a(aes.o)
                0x0800230c                mbedtls_aes_init
                0x08002318                mbedtls_aes_free
                0x08002324                mbedtls_aes_xts_init
                0x08002344                mbedtls_aes_xts_free
                0x08002364                mbedtls_aes_setkey_enc
                0x08002ad8                mbedtls_aes_setkey_dec
                0x08002cf0                mbedtls_aes_xts_setkey_enc
                0x08002d38                mbedtls_aes_xts_setkey_dec
                0x08002d80                mbedtls_internal_aes_encrypt
                0x080031e4                mbedtls_internal_aes_decrypt
                0x0800365c                mbedtls_aes_crypt_ecb
                0x08003684                mbedtls_aes_crypt_cbc
                0x08003794                mbedtls_aes_crypt_xts
                0x08003b08                mbedtls_aes_crypt_cfb128
                0x08003b9c                mbedtls_aes_crypt_cfb8
                0x08003c68                mbedtls_aes_crypt_ofb
                0x08003cc0                mbedtls_aes_crypt_ctr
 .text          0x08003e00      0xbb8 mbedTLS/library\libmbedcrypto.a(aria.o)
                0x08003f3c                mbedtls_aria_setkey_enc
                0x08004354                mbedtls_aria_setkey_dec
                0x08004428                mbedtls_aria_crypt_ecb
                0x080046e4                mbedtls_aria_init
                0x080046f0                mbedtls_aria_free
                0x080046fc                mbedtls_aria_crypt_cbc
                0x080047f0                mbedtls_aria_crypt_cfb128
                0x080048a8                mbedtls_aria_crypt_ctr
 .text          0x080049b8      0xc44 mbedTLS/library\libmbedcrypto.a(camellia.o)
                0x08004a44                mbedtls_camellia_init
                0x08004a50                mbedtls_camellia_free
                0x08004a5c                mbedtls_camellia_setkey_enc
                0x0800516c                mbedtls_camellia_setkey_dec
                0x08005228                mbedtls_camellia_crypt_ecb
                0x08005338                mbedtls_camellia_crypt_cbc
                0x08005430                mbedtls_camellia_crypt_cfb128
                0x080054ec                mbedtls_camellia_crypt_ctr
 .text          0x080055fc      0xb18 mbedTLS/library\libmbedcrypto.a(ccm.o)
                0x08005764                mbedtls_ccm_init
                0x0800576c                mbedtls_ccm_setkey
                0x080057bc                mbedtls_ccm_free
                0x080057d8                mbedtls_ccm_starts
                0x0800583c                mbedtls_ccm_set_lengths
                0x080058ec                mbedtls_ccm_update_ad
                0x08005a58                mbedtls_ccm_update
                0x08005cd4                mbedtls_ccm_finish
                0x08005d5c                mbedtls_ccm_star_encrypt_and_tag
                0x08005e38                mbedtls_ccm_encrypt_and_tag
                0x08005f1c                mbedtls_ccm_star_auth_decrypt
                0x08006018                mbedtls_ccm_auth_decrypt
 .text          0x08006114       0x14 d:/gcc arm/10 2021.10/bin/../lib/gcc/arm-none-eabi/10.3.1/../../../../arm-none-eabi/lib/thumb/v7e-m+fp/hard\libc_nano.a(lib_a-strcmp.o)
                0x08006114                strcmp
 .text          0x08006128       0xa0 d:/gcc arm/10 2021.10/bin/../lib/gcc/arm-none-eabi/10.3.1/thumb/v7e-m+fp/hard\libgcc.a(_aeabi_ldivmod.o)
                0x08006128                __aeabi_ldivmod
 .text          0x080061c8      0x2d0 d:/gcc arm/10 2021.10/bin/../lib/gcc/arm-none-eabi/10.3.1/thumb/v7e-m+fp/hard\libgcc.a(_udivmoddi4.o)
                0x080061c8                __udivmoddi4
 .text          0x08006498        0x4 d:/gcc arm/10 2021.10/bin/../lib/gcc/arm-none-eabi/10.3.1/thumb/v7e-m+fp/hard\libgcc.a(_dvmd_tls.o)
                0x08006498                __aeabi_idiv0
                0x08006498                __aeabi_ldiv0
 *(.text*)
 .text.WIZCHIP_READ
                0x0800649c       0x60 build/w5500.o
                0x0800649c                WIZCHIP_READ
 .text.WIZCHIP_WRITE
                0x080064fc       0x64 build/w5500.o
                0x080064fc                WIZCHIP_WRITE
 .text.WIZCHIP_READ_BUF
                0x08006560       0x84 build/w5500.o
                0x08006560                WIZCHIP_READ_BUF
 .text.WIZCHIP_WRITE_BUF
                0x080065e4       0x7c build/w5500.o
                0x080065e4                WIZCHIP_WRITE_BUF
 .text.getSn_TX_FSR
                0x08006660       0x50 build/w5500.o
                0x08006660                getSn_TX_FSR
 .text.getSn_RX_RSR
                0x080066b0       0x50 build/w5500.o
                0x080066b0                getSn_RX_RSR
 .text.wiz_send_data
                0x08006700       0x58 build/w5500.o
                0x08006700                wiz_send_data
 .text.wiz_recv_data
                0x08006758       0x58 build/w5500.o
                0x08006758                wiz_recv_data
 .text.wiz_recv_ignore
                0x080067b0       0x3c build/w5500.o
                0x080067b0                wiz_recv_ignore
 .text.SystemInit
                0x080067ec       0x14 build/system_stm32f4xx.o
                0x080067ec                SystemInit
 .text.blink_init
                0x08006800       0x28 build/blink.o
                0x08006800                blink_init
 .text.blink_run
                0x08006828       0x28 build/blink.o
                0x08006828                blink_run
 .text.encrypt_payload
                0x08006850       0xac build/cipher_coap.o
                0x08006850                encrypt_payload
 .text.decrypt_payload
                0x080068fc       0x80 build/cipher_coap.o
                0x080068fc                decrypt_payload
 .text.SysTick_Handler
                0x0800697c       0x10 build/clock.o
                0x0800697c                SysTick_Handler
 .text.delay_ms
                0x0800698c       0x14 build/clock.o
                0x0800698c                delay_ms
 .text.startup.main
                0x080069a0       0x88 build/main.o
                0x080069a0                main
 .text.w5500_network_init
                0x08006a28       0x6c build/w5500_run.o
                0x08006a28                w5500_network_init
 .text.udp_init
                0x08006a94        0xc build/w5500_run.o
                0x08006a94                udp_init
 .text.close.part.0
                0x08006aa0       0x70 build/socket.o
 .text.socket   0x08006b10      0x138 build/socket.o
                0x08006b10                socket
 .text.disconnect
                0x08006c48       0x90 build/socket.o
                0x08006c48                disconnect
 .text.sendto   0x08006cd8      0x17c build/socket.o
                0x08006cd8                sendto
 .text.recvfrom
                0x08006e54      0x254 build/socket.o
                0x08006e54                recvfrom
 .text.static_host_configuration
                0x080070a8       0x90 build/w5500_host_config.o
                0x080070a8                static_host_configuration
 .text.check_cable_presence
                0x08007138       0x5c build/w5500_phy.o
                0x08007138                check_cable_presence
 .text.check_phy_status
                0x08007194      0x158 build/w5500_phy.o
                0x08007194                check_phy_status
 .text.wizchip_deselect
                0x080072ec        0xc build/w5500_spi.o
                0x080072ec                wizchip_deselect
 .text.wizchip_select
                0x080072f8       0x10 build/w5500_spi.o
                0x080072f8                wizchip_select
 .text.wizchip_read
                0x08007308       0x1c build/w5500_spi.o
                0x08007308                wizchip_read
 .text.wizchip_write
                0x08007324       0x1c build/w5500_spi.o
                0x08007324                wizchip_write
 .text.wizchip_read_burst
                0x08007340       0x2c build/w5500_spi.o
                0x08007340                wizchip_read_burst
 .text.wizchip_write_burst
                0x0800736c       0x28 build/w5500_spi.o
                0x0800736c                wizchip_write_burst
 .text.w5500_pins_init
                0x08007394       0xf0 build/w5500_spi.o
                0x08007394                w5500_pins_init
 .text.w5500_init
                0x08007484       0x90 build/w5500_spi.o
                0x08007484                w5500_init
 .text.wizchip_cris_enter
                0x08007514        0x4 build/wizchip_conf.o
                0x08007514                wizchip_cris_enter
 .text.wizchip_bus_readdata
                0x08007518        0x4 build/wizchip_conf.o
                0x08007518                wizchip_bus_readdata
 .text.wizchip_bus_writedata
                0x0800751c        0x4 build/wizchip_conf.o
                0x0800751c                wizchip_bus_writedata
 .text.wizchip_spi_readbyte
                0x08007520        0x4 build/wizchip_conf.o
                0x08007520                wizchip_spi_readbyte
 .text.wizchip_spi_writebyte
                0x08007524        0x4 build/wizchip_conf.o
                0x08007524                wizchip_spi_writebyte
 .text.wizchip_spi_readburst
                0x08007528        0x4 build/wizchip_conf.o
                0x08007528                wizchip_spi_readburst
 .text.wizchip_spi_writeburst
                0x0800752c        0x4 build/wizchip_conf.o
                0x0800752c                wizchip_spi_writeburst
 .text.wizchip_cris_exit
                0x08007530        0x4 build/wizchip_conf.o
                0x08007530                wizchip_cris_exit
 .text.wizchip_cs_select
                0x08007534        0x4 build/wizchip_conf.o
                0x08007534                wizchip_cs_select
 .text.wizchip_cs_deselect
                0x08007538        0x4 build/wizchip_conf.o
                0x08007538                wizchip_cs_deselect
 .text.reg_wizchip_cs_cbfunc
                0x0800753c       0x24 build/wizchip_conf.o
                0x0800753c                reg_wizchip_cs_cbfunc
 .text.reg_wizchip_spi_cbfunc
                0x08007560       0x2c build/wizchip_conf.o
                0x08007560                reg_wizchip_spi_cbfunc
 .text.reg_wizchip_spiburst_cbfunc
                0x0800758c       0x2c build/wizchip_conf.o
                0x0800758c                reg_wizchip_spiburst_cbfunc
 .text.ctlnetwork
                0x080075b8      0x128 build/wizchip_conf.o
                0x080075b8                ctlnetwork
 .text.wizchip_sw_reset
                0x080076e0       0x7c build/wizchip_conf.o
                0x080076e0                wizchip_sw_reset
 .text.wizchip_init
                0x0800775c      0x108 build/wizchip_conf.o
                0x0800775c                wizchip_init
 .text.wizphy_setphyconf
                0x08007864       0x80 build/wizchip_conf.o
                0x08007864                wizphy_setphyconf
 .text.wizphy_getphyconf
                0x080078e4       0x6c build/wizchip_conf.o
                0x080078e4                wizphy_getphyconf
 .text.wizphy_setphypmode
                0x08007950       0xb8 build/wizchip_conf.o
                0x08007950                wizphy_setphypmode
 .text.ctlwizchip
                0x08007a08      0x1fc build/wizchip_conf.o
                0x08007a08                ctlwizchip
 .text.coap_parseOptionsAndPayload
                0x08007c04      0x130 build/coap.o
                0x08007c04                coap_parseOptionsAndPayload
 .text.coap_parse
                0x08007d34       0x7c build/coap.o
                0x08007d34                coap_parse
 .text.coap_build
                0x08007db0      0x1b0 build/coap.o
                0x08007db0                coap_build
 .text.coap_init
                0x08007f60        0xc build/coap_port.o
                0x08007f60                coap_init
 .text.coap_send_get
                0x08007f6c       0x90 build/coap_port.o
                0x08007f6c                coap_send_get
 .text.coap_send_put
                0x08007ffc       0xc0 build/coap_port.o
                0x08007ffc                coap_send_put
 .text.coap_handle_response
                0x080080bc       0x74 build/coap_port.o
                0x080080bc                coap_handle_response
 .text.EXTI1_IRQHandler
                0x08008130       0x98 build/coap_port.o
                0x08008130                EXTI1_IRQHandler
 .text.Reset_Handler
                0x080081c8       0x50 build/startup_stm32f401xc.o
                0x080081c8                Reset_Handler
 .text.Default_Handler
                0x08008218        0x2 build/startup_stm32f401xc.o
                0x08008218                RTC_Alarm_IRQHandler
                0x08008218                EXTI2_IRQHandler
                0x08008218                DebugMon_Handler
                0x08008218                SPI4_IRQHandler
                0x08008218                TIM1_CC_IRQHandler
                0x08008218                DMA2_Stream5_IRQHandler
                0x08008218                HardFault_Handler
                0x08008218                DMA1_Stream5_IRQHandler
                0x08008218                PVD_IRQHandler
                0x08008218                SDIO_IRQHandler
                0x08008218                TAMP_STAMP_IRQHandler
                0x08008218                PendSV_Handler
                0x08008218                NMI_Handler
                0x08008218                EXTI3_IRQHandler
                0x08008218                TIM1_UP_TIM10_IRQHandler
                0x08008218                I2C3_ER_IRQHandler
                0x08008218                EXTI0_IRQHandler
                0x08008218                I2C2_EV_IRQHandler
                0x08008218                DMA1_Stream2_IRQHandler
                0x08008218                FPU_IRQHandler
                0x08008218                UsageFault_Handler
                0x08008218                DMA2_Stream2_IRQHandler
                0x08008218                SPI1_IRQHandler
                0x08008218                TIM1_BRK_TIM9_IRQHandler
                0x08008218                DMA2_Stream3_IRQHandler
                0x08008218                USART6_IRQHandler
                0x08008218                DMA2_Stream0_IRQHandler
                0x08008218                TIM4_IRQHandler
                0x08008218                I2C1_EV_IRQHandler
                0x08008218                DMA1_Stream6_IRQHandler
                0x08008218                DMA1_Stream1_IRQHandler
                0x08008218                TIM3_IRQHandler
                0x08008218                RCC_IRQHandler
                0x08008218                Default_Handler
                0x08008218                EXTI15_10_IRQHandler
                0x08008218                ADC_IRQHandler
                0x08008218                DMA1_Stream7_IRQHandler
                0x08008218                TIM5_IRQHandler
                0x08008218                DMA2_Stream7_IRQHandler
                0x08008218                I2C3_EV_IRQHandler
                0x08008218                EXTI9_5_IRQHandler
                0x08008218                RTC_WKUP_IRQHandler
                0x08008218                SPI2_IRQHandler
                0x08008218                MemManage_Handler
                0x08008218                DMA1_Stream0_IRQHandler
                0x08008218                SVC_Handler
                0x08008218                EXTI4_IRQHandler
                0x08008218                WWDG_IRQHandler
                0x08008218                TIM2_IRQHandler
                0x08008218                OTG_FS_WKUP_IRQHandler
                0x08008218                TIM1_TRG_COM_TIM11_IRQHandler
                0x08008218                USART2_IRQHandler
                0x08008218                I2C2_ER_IRQHandler
                0x08008218                DMA2_Stream1_IRQHandler
                0x08008218                FLASH_IRQHandler
                0x08008218                DMA2_Stream4_IRQHandler
                0x08008218                BusFault_Handler
                0x08008218                USART1_IRQHandler
                0x08008218                OTG_FS_IRQHandler
                0x08008218                SPI3_IRQHandler
                0x08008218                DMA1_Stream4_IRQHandler
                0x08008218                I2C1_ER_IRQHandler
                0x08008218                DMA2_Stream6_IRQHandler
                0x08008218                DMA1_Stream3_IRQHandler
 *fill*         0x0800821a        0x2 
 .text.__libc_init_array
                0x0800821c       0x48 d:/gcc arm/10 2021.10/bin/../lib/gcc/arm-none-eabi/10.3.1/../../../../arm-none-eabi/lib/thumb/v7e-m+fp/hard\libc_nano.a(lib_a-init.o)
                0x0800821c                __libc_init_array
 .text.memcpy   0x08008264       0x1c d:/gcc arm/10 2021.10/bin/../lib/gcc/arm-none-eabi/10.3.1/../../../../arm-none-eabi/lib/thumb/v7e-m+fp/hard\libc_nano.a(lib_a-memcpy-stub.o)
                0x08008264                memcpy
 .text.memset   0x08008280       0x10 d:/gcc arm/10 2021.10/bin/../lib/gcc/arm-none-eabi/10.3.1/../../../../arm-none-eabi/lib/thumb/v7e-m+fp/hard\libc_nano.a(lib_a-memset.o)
                0x08008280                memset
 .text.printf   0x08008290       0x30 d:/gcc arm/10 2021.10/bin/../lib/gcc/arm-none-eabi/10.3.1/../../../../arm-none-eabi/lib/thumb/v7e-m+fp/hard\libc_nano.a(lib_a-printf.o)
                0x08008290                iprintf
                0x08008290                printf
 .text._puts_r  0x080082c0       0xdc d:/gcc arm/10 2021.10/bin/../lib/gcc/arm-none-eabi/10.3.1/../../../../arm-none-eabi/lib/thumb/v7e-m+fp/hard\libc_nano.a(lib_a-puts.o)
                0x080082c0                _puts_r
 .text.puts     0x0800839c       0x10 d:/gcc arm/10 2021.10/bin/../lib/gcc/arm-none-eabi/10.3.1/../../../../arm-none-eabi/lib/thumb/v7e-m+fp/hard\libc_nano.a(lib_a-puts.o)
                0x0800839c                puts
 .text.rand     0x080083ac       0x7c d:/gcc arm/10 2021.10/bin/../lib/gcc/arm-none-eabi/10.3.1/../../../../arm-none-eabi/lib/thumb/v7e-m+fp/hard\libc_nano.a(lib_a-rand.o)
                0x080083ac                rand
 .text.__swbuf_r
                0x08008428       0xa4 d:/gcc arm/10 2021.10/bin/../lib/gcc/arm-none-eabi/10.3.1/../../../../arm-none-eabi/lib/thumb/v7e-m+fp/hard\libc_nano.a(lib_a-wbuf.o)
                0x08008428                __swbuf_r
 .text.__swsetup_r
                0x080084cc       0xdc d:/gcc arm/10 2021.10/bin/../lib/gcc/arm-none-eabi/10.3.1/../../../../arm-none-eabi/lib/thumb/v7e-m+fp/hard\libc_nano.a(lib_a-wsetup.o)
                0x080084cc                __swsetup_r
 .text.__assert_func
                0x080085a8       0x3c d:/gcc arm/10 2021.10/bin/../lib/gcc/arm-none-eabi/10.3.1/../../../../arm-none-eabi/lib/thumb/v7e-m+fp/hard\libc_nano.a(lib_a-assert.o)
                0x080085a8                __assert_func
 .text.__sflush_r
                0x080085e4      0x10c d:/gcc arm/10 2021.10/bin/../lib/gcc/arm-none-eabi/10.3.1/../../../../arm-none-eabi/lib/thumb/v7e-m+fp/hard\libc_nano.a(lib_a-fflush.o)
                0x080085e4                __sflush_r
 .text._fflush_r
                0x080086f0       0x78 d:/gcc arm/10 2021.10/bin/../lib/gcc/arm-none-eabi/10.3.1/../../../../arm-none-eabi/lib/thumb/v7e-m+fp/hard\libc_nano.a(lib_a-fflush.o)
                0x080086f0                _fflush_r
 .text.std      0x08008768       0x48 d:/gcc arm/10 2021.10/bin/../lib/gcc/arm-none-eabi/10.3.1/../../../../arm-none-eabi/lib/thumb/v7e-m+fp/hard\libc_nano.a(lib_a-findfp.o)
 .text._cleanup_r
                0x080087b0        0xc d:/gcc arm/10 2021.10/bin/../lib/gcc/arm-none-eabi/10.3.1/../../../../arm-none-eabi/lib/thumb/v7e-m+fp/hard\libc_nano.a(lib_a-findfp.o)
                0x080087b0                _cleanup_r
 .text.__sfmoreglue
                0x080087bc       0x2c d:/gcc arm/10 2021.10/bin/../lib/gcc/arm-none-eabi/10.3.1/../../../../arm-none-eabi/lib/thumb/v7e-m+fp/hard\libc_nano.a(lib_a-findfp.o)
                0x080087bc                __sfmoreglue
 .text.__sfp_lock_acquire
                0x080087e8        0xc d:/gcc arm/10 2021.10/bin/../lib/gcc/arm-none-eabi/10.3.1/../../../../arm-none-eabi/lib/thumb/v7e-m+fp/hard\libc_nano.a(lib_a-findfp.o)
                0x080087e8                __sfp_lock_acquire
 .text.__sfp_lock_release
                0x080087f4        0xc d:/gcc arm/10 2021.10/bin/../lib/gcc/arm-none-eabi/10.3.1/../../../../arm-none-eabi/lib/thumb/v7e-m+fp/hard\libc_nano.a(lib_a-findfp.o)
                0x080087f4                __sfp_lock_release
 .text.__sinit_lock_acquire
                0x08008800        0xc d:/gcc arm/10 2021.10/bin/../lib/gcc/arm-none-eabi/10.3.1/../../../../arm-none-eabi/lib/thumb/v7e-m+fp/hard\libc_nano.a(lib_a-findfp.o)
                0x08008800                __sinit_lock_acquire
 .text.__sinit_lock_release
                0x0800880c        0xc d:/gcc arm/10 2021.10/bin/../lib/gcc/arm-none-eabi/10.3.1/../../../../arm-none-eabi/lib/thumb/v7e-m+fp/hard\libc_nano.a(lib_a-findfp.o)
                0x0800880c                __sinit_lock_release
 .text.__sinit  0x08008818       0x70 d:/gcc arm/10 2021.10/bin/../lib/gcc/arm-none-eabi/10.3.1/../../../../arm-none-eabi/lib/thumb/v7e-m+fp/hard\libc_nano.a(lib_a-findfp.o)
                0x08008818                __sinit
 .text.__sfp    0x08008888       0x8c d:/gcc arm/10 2021.10/bin/../lib/gcc/arm-none-eabi/10.3.1/../../../../arm-none-eabi/lib/thumb/v7e-m+fp/hard\libc_nano.a(lib_a-findfp.o)
                0x08008888                __sfp
 .text.fprintf  0x08008914       0x24 d:/gcc arm/10 2021.10/bin/../lib/gcc/arm-none-eabi/10.3.1/../../../../arm-none-eabi/lib/thumb/v7e-m+fp/hard\libc_nano.a(lib_a-fprintf.o)
                0x08008914                fiprintf
                0x08008914                fprintf
 .text._fwalk_reent
                0x08008938       0x3e d:/gcc arm/10 2021.10/bin/../lib/gcc/arm-none-eabi/10.3.1/../../../../arm-none-eabi/lib/thumb/v7e-m+fp/hard\libc_nano.a(lib_a-fwalk.o)
                0x08008938                _fwalk_reent
 .text.__retarget_lock_init_recursive
                0x08008976        0x2 d:/gcc arm/10 2021.10/bin/../lib/gcc/arm-none-eabi/10.3.1/../../../../arm-none-eabi/lib/thumb/v7e-m+fp/hard\libc_nano.a(lib_a-lock.o)
                0x08008976                __retarget_lock_init_recursive
 .text.__retarget_lock_acquire_recursive
                0x08008978        0x2 d:/gcc arm/10 2021.10/bin/../lib/gcc/arm-none-eabi/10.3.1/../../../../arm-none-eabi/lib/thumb/v7e-m+fp/hard\libc_nano.a(lib_a-lock.o)
                0x08008978                __retarget_lock_acquire_recursive
 .text.__retarget_lock_release_recursive
                0x0800897a        0x2 d:/gcc arm/10 2021.10/bin/../lib/gcc/arm-none-eabi/10.3.1/../../../../arm-none-eabi/lib/thumb/v7e-m+fp/hard\libc_nano.a(lib_a-lock.o)
                0x0800897a                __retarget_lock_release_recursive
 .text.__swhatbuf_r
                0x0800897c       0x4a d:/gcc arm/10 2021.10/bin/../lib/gcc/arm-none-eabi/10.3.1/../../../../arm-none-eabi/lib/thumb/v7e-m+fp/hard\libc_nano.a(lib_a-makebuf.o)
                0x0800897c                __swhatbuf_r
 *fill*         0x080089c6        0x2 
 .text.__smakebuf_r
                0x080089c8       0x80 d:/gcc arm/10 2021.10/bin/../lib/gcc/arm-none-eabi/10.3.1/../../../../arm-none-eabi/lib/thumb/v7e-m+fp/hard\libc_nano.a(lib_a-makebuf.o)
                0x080089c8                __smakebuf_r
 .text.malloc   0x08008a48       0x10 d:/gcc arm/10 2021.10/bin/../lib/gcc/arm-none-eabi/10.3.1/../../../../arm-none-eabi/lib/thumb/v7e-m+fp/hard\libc_nano.a(lib_a-malloc.o)
                0x08008a48                malloc
 .text.free     0x08008a58       0x10 d:/gcc arm/10 2021.10/bin/../lib/gcc/arm-none-eabi/10.3.1/../../../../arm-none-eabi/lib/thumb/v7e-m+fp/hard\libc_nano.a(lib_a-malloc.o)
                0x08008a58                free
 .text._free_r  0x08008a68       0x98 d:/gcc arm/10 2021.10/bin/../lib/gcc/arm-none-eabi/10.3.1/../../../../arm-none-eabi/lib/thumb/v7e-m+fp/hard\libc_nano.a(lib_a-nano-freer.o)
                0x08008a68                _free_r
 .text.sbrk_aligned
                0x08008b00       0x40 d:/gcc arm/10 2021.10/bin/../lib/gcc/arm-none-eabi/10.3.1/../../../../arm-none-eabi/lib/thumb/v7e-m+fp/hard\libc_nano.a(lib_a-nano-mallocr.o)
 .text._malloc_r
                0x08008b40       0xe8 d:/gcc arm/10 2021.10/bin/../lib/gcc/arm-none-eabi/10.3.1/../../../../arm-none-eabi/lib/thumb/v7e-m+fp/hard\libc_nano.a(lib_a-nano-mallocr.o)
                0x08008b40                _malloc_r
 .text.__sfputc_r
                0x08008c28       0x2e d:/gcc arm/10 2021.10/bin/../lib/gcc/arm-none-eabi/10.3.1/../../../../arm-none-eabi/lib/thumb/v7e-m+fp/hard\libc_nano.a(lib_a-nano-vfprintf.o)
 .text.__sfputs_r
                0x08008c56       0x24 d:/gcc arm/10 2021.10/bin/../lib/gcc/arm-none-eabi/10.3.1/../../../../arm-none-eabi/lib/thumb/v7e-m+fp/hard\libc_nano.a(lib_a-nano-vfprintf.o)
                0x08008c56                __sfputs_r
 *fill*         0x08008c7a        0x2 
 .text._vfprintf_r
                0x08008c7c      0x260 d:/gcc arm/10 2021.10/bin/../lib/gcc/arm-none-eabi/10.3.1/../../../../arm-none-eabi/lib/thumb/v7e-m+fp/hard\libc_nano.a(lib_a-nano-vfprintf.o)
                0x08008c7c                _vfprintf_r
                0x08008c7c                _vfiprintf_r
 .text._printf_common
                0x08008edc       0xda d:/gcc arm/10 2021.10/bin/../lib/gcc/arm-none-eabi/10.3.1/../../../../arm-none-eabi/lib/thumb/v7e-m+fp/hard\libc_nano.a(lib_a-nano-vfprintf_i.o)
                0x08008edc                _printf_common
 *fill*         0x08008fb6        0x2 
 .text._printf_i
                0x08008fb8      0x24c d:/gcc arm/10 2021.10/bin/../lib/gcc/arm-none-eabi/10.3.1/../../../../arm-none-eabi/lib/thumb/v7e-m+fp/hard\libc_nano.a(lib_a-nano-vfprintf_i.o)
                0x08008fb8                _printf_i
 .text._sbrk_r  0x08009204       0x20 d:/gcc arm/10 2021.10/bin/../lib/gcc/arm-none-eabi/10.3.1/../../../../arm-none-eabi/lib/thumb/v7e-m+fp/hard\libc_nano.a(lib_a-sbrkr.o)
                0x08009204                _sbrk_r
 .text.__sread  0x08009224       0x22 d:/gcc arm/10 2021.10/bin/../lib/gcc/arm-none-eabi/10.3.1/../../../../arm-none-eabi/lib/thumb/v7e-m+fp/hard\libc_nano.a(lib_a-stdio.o)
                0x08009224                __sread
 .text.__swrite
                0x08009246       0x38 d:/gcc arm/10 2021.10/bin/../lib/gcc/arm-none-eabi/10.3.1/../../../../arm-none-eabi/lib/thumb/v7e-m+fp/hard\libc_nano.a(lib_a-stdio.o)
                0x08009246                __swrite
 .text.__sseek  0x0800927e       0x24 d:/gcc arm/10 2021.10/bin/../lib/gcc/arm-none-eabi/10.3.1/../../../../arm-none-eabi/lib/thumb/v7e-m+fp/hard\libc_nano.a(lib_a-stdio.o)
                0x0800927e                __sseek
 .text.__sclose
                0x080092a2        0x8 d:/gcc arm/10 2021.10/bin/../lib/gcc/arm-none-eabi/10.3.1/../../../../arm-none-eabi/lib/thumb/v7e-m+fp/hard\libc_nano.a(lib_a-stdio.o)
                0x080092a2                __sclose
 *fill*         0x080092aa        0x2 
 .text._write_r
                0x080092ac       0x24 d:/gcc arm/10 2021.10/bin/../lib/gcc/arm-none-eabi/10.3.1/../../../../arm-none-eabi/lib/thumb/v7e-m+fp/hard\libc_nano.a(lib_a-writer.o)
                0x080092ac                _write_r
 .text.abort    0x080092d0        0xe d:/gcc arm/10 2021.10/bin/../lib/gcc/arm-none-eabi/10.3.1/../../../../arm-none-eabi/lib/thumb/v7e-m+fp/hard\libc_nano.a(lib_a-abort.o)
                0x080092d0                abort
 *fill*         0x080092de        0x2 
 .text._close_r
                0x080092e0       0x20 d:/gcc arm/10 2021.10/bin/../lib/gcc/arm-none-eabi/10.3.1/../../../../arm-none-eabi/lib/thumb/v7e-m+fp/hard\libc_nano.a(lib_a-closer.o)
                0x080092e0                _close_r
 .text._fstat_r
                0x08009300       0x24 d:/gcc arm/10 2021.10/bin/../lib/gcc/arm-none-eabi/10.3.1/../../../../arm-none-eabi/lib/thumb/v7e-m+fp/hard\libc_nano.a(lib_a-fstatr.o)
                0x08009300                _fstat_r
 .text._isatty_r
                0x08009324       0x20 d:/gcc arm/10 2021.10/bin/../lib/gcc/arm-none-eabi/10.3.1/../../../../arm-none-eabi/lib/thumb/v7e-m+fp/hard\libc_nano.a(lib_a-isattyr.o)
                0x08009324                _isatty_r
 .text._lseek_r
                0x08009344       0x24 d:/gcc arm/10 2021.10/bin/../lib/gcc/arm-none-eabi/10.3.1/../../../../arm-none-eabi/lib/thumb/v7e-m+fp/hard\libc_nano.a(lib_a-lseekr.o)
                0x08009344                _lseek_r
 .text.memmove  0x08009368       0x34 d:/gcc arm/10 2021.10/bin/../lib/gcc/arm-none-eabi/10.3.1/../../../../arm-none-eabi/lib/thumb/v7e-m+fp/hard\libc_nano.a(lib_a-memmove.o)
                0x08009368                memmove
 .text.__malloc_lock
                0x0800939c        0xc d:/gcc arm/10 2021.10/bin/../lib/gcc/arm-none-eabi/10.3.1/../../../../arm-none-eabi/lib/thumb/v7e-m+fp/hard\libc_nano.a(lib_a-mlock.o)
                0x0800939c                __malloc_lock
 .text.__malloc_unlock
                0x080093a8        0xc d:/gcc arm/10 2021.10/bin/../lib/gcc/arm-none-eabi/10.3.1/../../../../arm-none-eabi/lib/thumb/v7e-m+fp/hard\libc_nano.a(lib_a-mlock.o)
                0x080093a8                __malloc_unlock
 .text._read_r  0x080093b4       0x24 d:/gcc arm/10 2021.10/bin/../lib/gcc/arm-none-eabi/10.3.1/../../../../arm-none-eabi/lib/thumb/v7e-m+fp/hard\libc_nano.a(lib_a-readr.o)
                0x080093b4                _read_r
 .text._raise_r
                0x080093d8       0x50 d:/gcc arm/10 2021.10/bin/../lib/gcc/arm-none-eabi/10.3.1/../../../../arm-none-eabi/lib/thumb/v7e-m+fp/hard\libc_nano.a(lib_a-signal.o)
                0x080093d8                _raise_r
 .text.raise    0x08009428       0x10 d:/gcc arm/10 2021.10/bin/../lib/gcc/arm-none-eabi/10.3.1/../../../../arm-none-eabi/lib/thumb/v7e-m+fp/hard\libc_nano.a(lib_a-signal.o)
                0x08009428                raise
 .text._kill_r  0x08009438       0x24 d:/gcc arm/10 2021.10/bin/../lib/gcc/arm-none-eabi/10.3.1/../../../../arm-none-eabi/lib/thumb/v7e-m+fp/hard\libc_nano.a(lib_a-signalr.o)
                0x08009438                _kill_r
 .text._getpid_r
                0x0800945c        0x4 d:/gcc arm/10 2021.10/bin/../lib/gcc/arm-none-eabi/10.3.1/../../../../arm-none-eabi/lib/thumb/v7e-m+fp/hard\libc_nano.a(lib_a-signalr.o)
                0x0800945c                _getpid_r
 .text._close   0x08009460       0x10 d:/gcc arm/10 2021.10/bin/../lib/gcc/arm-none-eabi/10.3.1/../../../../arm-none-eabi/lib/thumb/v7e-m+fp/hard\libnosys.a(close.o)
                0x08009460                _close
 .text._fstat   0x08009470       0x10 d:/gcc arm/10 2021.10/bin/../lib/gcc/arm-none-eabi/10.3.1/../../../../arm-none-eabi/lib/thumb/v7e-m+fp/hard\libnosys.a(fstat.o)
                0x08009470                _fstat
 .text._getpid  0x08009480       0x10 d:/gcc arm/10 2021.10/bin/../lib/gcc/arm-none-eabi/10.3.1/../../../../arm-none-eabi/lib/thumb/v7e-m+fp/hard\libnosys.a(getpid.o)
                0x08009480                _getpid
 .text._isatty  0x08009490       0x10 d:/gcc arm/10 2021.10/bin/../lib/gcc/arm-none-eabi/10.3.1/../../../../arm-none-eabi/lib/thumb/v7e-m+fp/hard\libnosys.a(isatty.o)
                0x08009490                _isatty
 .text._kill    0x080094a0       0x10 d:/gcc arm/10 2021.10/bin/../lib/gcc/arm-none-eabi/10.3.1/../../../../arm-none-eabi/lib/thumb/v7e-m+fp/hard\libnosys.a(kill.o)
                0x080094a0                _kill
 .text._lseek   0x080094b0       0x10 d:/gcc arm/10 2021.10/bin/../lib/gcc/arm-none-eabi/10.3.1/../../../../arm-none-eabi/lib/thumb/v7e-m+fp/hard\libnosys.a(lseek.o)
                0x080094b0                _lseek
 .text._read    0x080094c0       0x10 d:/gcc arm/10 2021.10/bin/../lib/gcc/arm-none-eabi/10.3.1/../../../../arm-none-eabi/lib/thumb/v7e-m+fp/hard\libnosys.a(read.o)
                0x080094c0                _read
 .text._sbrk    0x080094d0       0x1c d:/gcc arm/10 2021.10/bin/../lib/gcc/arm-none-eabi/10.3.1/../../../../arm-none-eabi/lib/thumb/v7e-m+fp/hard\libnosys.a(sbrk.o)
                0x080094d0                _sbrk
 .text._write   0x080094ec       0x10 d:/gcc arm/10 2021.10/bin/../lib/gcc/arm-none-eabi/10.3.1/../../../../arm-none-eabi/lib/thumb/v7e-m+fp/hard\libnosys.a(write.o)
                0x080094ec                _write
 .text._exit    0x080094fc        0x4 d:/gcc arm/10 2021.10/bin/../lib/gcc/arm-none-eabi/10.3.1/../../../../arm-none-eabi/lib/thumb/v7e-m+fp/hard\libnosys.a(_exit.o)
                0x080094fc                _exit
 .text.calloc   0x08009500       0x10 d:/gcc arm/10 2021.10/bin/../lib/gcc/arm-none-eabi/10.3.1/../../../../arm-none-eabi/lib/thumb/v7e-m+fp/hard\libc_nano.a(lib_a-calloc.o)
                0x08009500                calloc
 .text.gmtime   0x08009510       0x3c d:/gcc arm/10 2021.10/bin/../lib/gcc/arm-none-eabi/10.3.1/../../../../arm-none-eabi/lib/thumb/v7e-m+fp/hard\libc_nano.a(lib_a-gmtime.o)
                0x08009510                gmtime
 .text.gmtime_r
                0x0800954c      0x158 d:/gcc arm/10 2021.10/bin/../lib/gcc/arm-none-eabi/10.3.1/../../../../arm-none-eabi/lib/thumb/v7e-m+fp/hard\libc_nano.a(lib_a-gmtime_r.o)
                0x0800954c                gmtime_r
 .text._calloc_r
                0x080096a4       0x2c d:/gcc arm/10 2021.10/bin/../lib/gcc/arm-none-eabi/10.3.1/../../../../arm-none-eabi/lib/thumb/v7e-m+fp/hard\libc_nano.a(lib_a-nano-callocr.o)
                0x080096a4                _calloc_r
 *(.glue_7)
 .glue_7        0x080096d0        0x0 linker stubs
 *(.glue_7t)
 .glue_7t       0x080096d0        0x0 linker stubs
 *(.eh_frame)
 *(.init)
 .init          0x080096d0        0x4 d:/gcc arm/10 2021.10/bin/../lib/gcc/arm-none-eabi/10.3.1/thumb/v7e-m+fp/hard/crti.o
                0x080096d0                _init
 .init          0x080096d4        0x8 d:/gcc arm/10 2021.10/bin/../lib/gcc/arm-none-eabi/10.3.1/thumb/v7e-m+fp/hard/crtn.o
 *(.fini)
 .fini          0x080096dc        0x4 d:/gcc arm/10 2021.10/bin/../lib/gcc/arm-none-eabi/10.3.1/thumb/v7e-m+fp/hard/crti.o
                0x080096dc                _fini
 .fini          0x080096e0        0x8 d:/gcc arm/10 2021.10/bin/../lib/gcc/arm-none-eabi/10.3.1/thumb/v7e-m+fp/hard/crtn.o
                0x080096e8                . = ALIGN (0x4)
                0x080096e8                _etext = .

.vfp11_veneer   0x080096e8        0x0
 .vfp11_veneer  0x080096e8        0x0 linker stubs

.v4_bx          0x080096e8        0x0
 .v4_bx         0x080096e8        0x0 linker stubs

.iplt           0x080096e8        0x0
 .iplt          0x080096e8        0x0 build/w5500.o

.rodata         0x080096e8     0x19e0
                0x080096e8                . = ALIGN (0x4)
 *(.rodata)
 .rodata        0x080096e8       0x10 build/w5500_spi.o
 .rodata        0x080096f8      0x200 mbedTLS/library\libmbedcrypto.a(gcm.o)
 .rodata        0x080098f8      0x600 mbedTLS/library\libmbedcrypto.a(cipher_wrap.o)
                0x080098f8                mbedtls_cipher_definitions
 .rodata        0x08009ef8      0x430 mbedTLS/library\libmbedcrypto.a(aria.o)
 .rodata        0x0800a328      0x4e8 mbedTLS/library\libmbedcrypto.a(camellia.o)
 *(.rodata*)
 .rodata.encrypt_payload.str1.4
                0x0800a810       0x21 build/cipher_coap.o
 *fill*         0x0800a831        0x3 
 .rodata.main.str1.4
                0x0800a834        0x8 build/main.o
 .rodata.check_cable_presence.str1.4
                0x0800a83c       0x89 build/w5500_phy.o
 *fill*         0x0800a8c5        0x3 
 .rodata.check_phy_status.str1.4
                0x0800a8c8      0x147 build/w5500_phy.o
 *fill*         0x0800aa0f        0x1 
 .rodata.w5500_init.str1.4
                0x0800aa10       0x4a build/w5500_spi.o
 *fill*         0x0800aa5a        0x2 
 .rodata._global_impure_ptr
                0x0800aa5c        0x4 d:/gcc arm/10 2021.10/bin/../lib/gcc/arm-none-eabi/10.3.1/../../../../arm-none-eabi/lib/thumb/v7e-m+fp/hard\libc_nano.a(lib_a-impure.o)
                0x0800aa5c                _global_impure_ptr
 .rodata.srand.str1.1
                0x0800aa60       0x95 d:/gcc arm/10 2021.10/bin/../lib/gcc/arm-none-eabi/10.3.1/../../../../arm-none-eabi/lib/thumb/v7e-m+fp/hard\libc_nano.a(lib_a-rand.o)
 .rodata.__assert_func.str1.1
                0x0800aaf5       0x3c d:/gcc arm/10 2021.10/bin/../lib/gcc/arm-none-eabi/10.3.1/../../../../arm-none-eabi/lib/thumb/v7e-m+fp/hard\libc_nano.a(lib_a-assert.o)
                                 0x3d (size before relaxing)
 *fill*         0x0800ab31        0x3 
 .rodata.__sf_fake_stderr
                0x0800ab34       0x20 d:/gcc arm/10 2021.10/bin/../lib/gcc/arm-none-eabi/10.3.1/../../../../arm-none-eabi/lib/thumb/v7e-m+fp/hard\libc_nano.a(lib_a-findfp.o)
                0x0800ab34                __sf_fake_stderr
 .rodata.__sf_fake_stdin
                0x0800ab54       0x20 d:/gcc arm/10 2021.10/bin/../lib/gcc/arm-none-eabi/10.3.1/../../../../arm-none-eabi/lib/thumb/v7e-m+fp/hard\libc_nano.a(lib_a-findfp.o)
                0x0800ab54                __sf_fake_stdin
 .rodata.__sf_fake_stdout
                0x0800ab74       0x20 d:/gcc arm/10 2021.10/bin/../lib/gcc/arm-none-eabi/10.3.1/../../../../arm-none-eabi/lib/thumb/v7e-m+fp/hard\libc_nano.a(lib_a-findfp.o)
                0x0800ab74                __sf_fake_stdout
 .rodata._vfprintf_r.str1.1
                0x0800ab94       0x11 d:/gcc arm/10 2021.10/bin/../lib/gcc/arm-none-eabi/10.3.1/../../../../arm-none-eabi/lib/thumb/v7e-m+fp/hard\libc_nano.a(lib_a-nano-vfprintf.o)
 .rodata._printf_i.str1.1
                0x0800aba5       0x22 d:/gcc arm/10 2021.10/bin/../lib/gcc/arm-none-eabi/10.3.1/../../../../arm-none-eabi/lib/thumb/v7e-m+fp/hard\libc_nano.a(lib_a-nano-vfprintf_i.o)
 *fill*         0x0800abc7        0x1 
 .rodata.str1.4
                0x0800abc8      0x480 mbedTLS/library\libmbedcrypto.a(cipher_wrap.o)
 .rodata.gmtime.str1.1
                0x0800b048       0x7e d:/gcc arm/10 2021.10/bin/../lib/gcc/arm-none-eabi/10.3.1/../../../../arm-none-eabi/lib/thumb/v7e-m+fp/hard\libc_nano.a(lib_a-gmtime.o)
                                 0x95 (size before relaxing)
                0x0800b0c8                . = ALIGN (0x4)
 *fill*         0x0800b0c6        0x2 
                0x0800b0d0                _sidata = LOADADDR (.data)

.ARM.exidx      0x0800b0c8        0x8
 .ARM.exidx     0x0800b0c8        0x8 d:/gcc arm/10 2021.10/bin/../lib/gcc/arm-none-eabi/10.3.1/thumb/v7e-m+fp/hard\libgcc.a(_udivmoddi4.o)

.rel.dyn        0x0800b0d0        0x0
 .rel.iplt      0x0800b0d0        0x0 build/w5500.o

.data           0x20000000       0xc4 load address 0x0800b0d0
                0x20000000                . = ALIGN (0x4)
                0x20000000                _sdata = .
 *(.data)
 .data          0x20000000        0x4 mbedTLS/library\libmbedcrypto.a(platform_util.o)
 .data          0x20000004       0x28 mbedTLS/library\libmbedcrypto.a(cipher_wrap.o)
                0x20000004                mbedtls_cipher_base_lookup_table
 *(.data*)
 .data.SystemCoreClock
                0x2000002c        0x4 build/system_stm32f4xx.o
                0x2000002c                SystemCoreClock
 .data.sock_any_port
                0x20000030        0x2 build/socket.o
 *fill*         0x20000032        0x2 
 .data.WIZCHIP  0x20000034       0x2c build/wizchip_conf.o
                0x20000034                WIZCHIP
 .data._impure_ptr
                0x20000060        0x4 d:/gcc arm/10 2021.10/bin/../lib/gcc/arm-none-eabi/10.3.1/../../../../arm-none-eabi/lib/thumb/v7e-m+fp/hard\libc_nano.a(lib_a-impure.o)
                0x20000060                _impure_ptr
 .data.impure_data
                0x20000064       0x60 d:/gcc arm/10 2021.10/bin/../lib/gcc/arm-none-eabi/10.3.1/../../../../arm-none-eabi/lib/thumb/v7e-m+fp/hard\libc_nano.a(lib_a-impure.o)
                0x200000c4                . = ALIGN (0x4)
                0x200000c4                _edata = .

.igot.plt       0x200000c4        0x0 load address 0x0800b194
 .igot.plt      0x200000c4        0x0 build/w5500.o
                0x200000c4                . = ALIGN (0x4)

.bss            0x200000c4     0x2484 load address 0x0800b194
                0x200000c4                _sbss = .
                0x200000c4                __bss_start__ = _sbss
 *(.bss)
 .bss           0x200000c4        0x4 mbedTLS/library\libmbedcrypto.a(cipher.o)
 .bss           0x200000c8      0x114 mbedTLS/library\libmbedcrypto.a(cipher_wrap.o)
                0x200000c8                mbedtls_cipher_supported
 .bss           0x200001dc     0x222c mbedTLS/library\libmbedcrypto.a(aes.o)
 *(.bss*)
 .bss.ticks     0x20002408        0x4 build/clock.o
                0x20002408                ticks
 .bss.flag_recv
                0x2000240c        0x1 build/main.o
                0x2000240c                flag_recv
 *fill*         0x2000240d        0x1 
 .bss.response_len
                0x2000240e        0x2 build/main.o
                0x2000240e                response_len
 .bss.response_msg
                0x20002410      0x100 build/main.o
                0x20002410                response_msg
 .bss.sock_io_mode
                0x20002510        0x2 build/socket.o
 .bss.sock_is_sending
                0x20002512        0x2 build/socket.o
 .bss.sock_pack_info
                0x20002514        0x8 build/socket.o
                0x20002514                sock_pack_info
 .bss.sock_remained_size
                0x2000251c       0x10 build/socket.o
 .bss._DHCP_    0x2000252c        0x1 build/wizchip_conf.o
 *fill*         0x2000252d        0x3 
 .bss._DNS_     0x20002530        0x4 build/wizchip_conf.o
 .bss.__lock___malloc_recursive_mutex
                0x20002534        0x1 d:/gcc arm/10 2021.10/bin/../lib/gcc/arm-none-eabi/10.3.1/../../../../arm-none-eabi/lib/thumb/v7e-m+fp/hard\libc_nano.a(lib_a-lock.o)
                0x20002534                __lock___malloc_recursive_mutex
 .bss.__lock___sfp_recursive_mutex
                0x20002535        0x1 d:/gcc arm/10 2021.10/bin/../lib/gcc/arm-none-eabi/10.3.1/../../../../arm-none-eabi/lib/thumb/v7e-m+fp/hard\libc_nano.a(lib_a-lock.o)
                0x20002535                __lock___sfp_recursive_mutex
 .bss.__lock___sinit_recursive_mutex
                0x20002536        0x1 d:/gcc arm/10 2021.10/bin/../lib/gcc/arm-none-eabi/10.3.1/../../../../arm-none-eabi/lib/thumb/v7e-m+fp/hard\libc_nano.a(lib_a-lock.o)
                0x20002536                __lock___sinit_recursive_mutex
 *fill*         0x20002537        0x1 
 .bss.__malloc_free_list
                0x20002538        0x4 d:/gcc arm/10 2021.10/bin/../lib/gcc/arm-none-eabi/10.3.1/../../../../arm-none-eabi/lib/thumb/v7e-m+fp/hard\libc_nano.a(lib_a-nano-mallocr.o)
                0x20002538                __malloc_free_list
 .bss.__malloc_sbrk_start
                0x2000253c        0x4 d:/gcc arm/10 2021.10/bin/../lib/gcc/arm-none-eabi/10.3.1/../../../../arm-none-eabi/lib/thumb/v7e-m+fp/hard\libc_nano.a(lib_a-nano-mallocr.o)
                0x2000253c                __malloc_sbrk_start
 .bss.errno     0x20002540        0x4 d:/gcc arm/10 2021.10/bin/../lib/gcc/arm-none-eabi/10.3.1/../../../../arm-none-eabi/lib/thumb/v7e-m+fp/hard\libc_nano.a(lib_a-reent.o)
                0x20002540                errno
 .bss.heap_end.0
                0x20002544        0x4 d:/gcc arm/10 2021.10/bin/../lib/gcc/arm-none-eabi/10.3.1/../../../../arm-none-eabi/lib/thumb/v7e-m+fp/hard\libnosys.a(sbrk.o)
 *(COMMON)
                0x20002548                . = ALIGN (0x4)
                0x20002548                _ebss = .
                0x20002548                __bss_end__ = _ebss

._user_heap_stack
                0x20002548      0x600 load address 0x0800b194
                0x20002548                . = ALIGN (0x8)
                0x20002548                PROVIDE (end = .)
                [!provide]                PROVIDE (_end = .)
                0x20002748                . = (. + _Min_Heap_Size)
 *fill*         0x20002548      0x200 
                0x20002b48                . = (. + _Min_Stack_Size)
 *fill*         0x20002748      0x400 
                0x20002b48                . = ALIGN (0x8)

/DISCARD/
 libmbedcrypto.a(*)

.ARM.attributes
                0x00000000       0x30
 *(.ARM.attributes)
 .ARM.attributes
                0x00000000       0x1e d:/gcc arm/10 2021.10/bin/../lib/gcc/arm-none-eabi/10.3.1/thumb/v7e-m+fp/hard/crti.o
 .ARM.attributes
                0x0000001e       0x34 build/w5500.o
 .ARM.attributes
                0x00000052       0x34 build/system_stm32f4xx.o
 .ARM.attributes
                0x00000086       0x34 build/blink.o
 .ARM.attributes
                0x000000ba       0x34 build/cipher_coap.o
 .ARM.attributes
                0x000000ee       0x34 build/clock.o
 .ARM.attributes
                0x00000122       0x34 build/main.o
 .ARM.attributes
                0x00000156       0x34 build/w5500_run.o
 .ARM.attributes
                0x0000018a       0x34 build/socket.o
 .ARM.attributes
                0x000001be       0x34 build/w5500_host_config.o
 .ARM.attributes
                0x000001f2       0x34 build/w5500_phy.o
 .ARM.attributes
                0x00000226       0x34 build/w5500_spi.o
 .ARM.attributes
                0x0000025a       0x34 build/wizchip_conf.o
 .ARM.attributes
                0x0000028e       0x34 build/coap.o
 .ARM.attributes
                0x000002c2       0x34 build/coap_port.o
 .ARM.attributes
                0x000002f6       0x21 build/startup_stm32f401xc.o
 .ARM.attributes
                0x00000317       0x34 d:/gcc arm/10 2021.10/bin/../lib/gcc/arm-none-eabi/10.3.1/../../../../arm-none-eabi/lib/thumb/v7e-m+fp/hard\libc_nano.a(lib_a-impure.o)
 .ARM.attributes
                0x0000034b       0x34 d:/gcc arm/10 2021.10/bin/../lib/gcc/arm-none-eabi/10.3.1/../../../../arm-none-eabi/lib/thumb/v7e-m+fp/hard\libc_nano.a(lib_a-init.o)
 .ARM.attributes
                0x0000037f       0x34 d:/gcc arm/10 2021.10/bin/../lib/gcc/arm-none-eabi/10.3.1/../../../../arm-none-eabi/lib/thumb/v7e-m+fp/hard\libc_nano.a(lib_a-memcpy-stub.o)
 .ARM.attributes
                0x000003b3       0x34 d:/gcc arm/10 2021.10/bin/../lib/gcc/arm-none-eabi/10.3.1/../../../../arm-none-eabi/lib/thumb/v7e-m+fp/hard\libc_nano.a(lib_a-memset.o)
 .ARM.attributes
                0x000003e7       0x34 d:/gcc arm/10 2021.10/bin/../lib/gcc/arm-none-eabi/10.3.1/../../../../arm-none-eabi/lib/thumb/v7e-m+fp/hard\libc_nano.a(lib_a-printf.o)
 .ARM.attributes
                0x0000041b       0x34 d:/gcc arm/10 2021.10/bin/../lib/gcc/arm-none-eabi/10.3.1/../../../../arm-none-eabi/lib/thumb/v7e-m+fp/hard\libc_nano.a(lib_a-puts.o)
 .ARM.attributes
                0x0000044f       0x34 d:/gcc arm/10 2021.10/bin/../lib/gcc/arm-none-eabi/10.3.1/../../../../arm-none-eabi/lib/thumb/v7e-m+fp/hard\libc_nano.a(lib_a-rand.o)
 .ARM.attributes
                0x00000483       0x17 d:/gcc arm/10 2021.10/bin/../lib/gcc/arm-none-eabi/10.3.1/../../../../arm-none-eabi/lib/thumb/v7e-m+fp/hard\libc_nano.a(lib_a-strlen.o)
 .ARM.attributes
                0x0000049a       0x34 d:/gcc arm/10 2021.10/bin/../lib/gcc/arm-none-eabi/10.3.1/../../../../arm-none-eabi/lib/thumb/v7e-m+fp/hard\libc_nano.a(lib_a-wbuf.o)
 .ARM.attributes
                0x000004ce       0x34 d:/gcc arm/10 2021.10/bin/../lib/gcc/arm-none-eabi/10.3.1/../../../../arm-none-eabi/lib/thumb/v7e-m+fp/hard\libc_nano.a(lib_a-wsetup.o)
 .ARM.attributes
                0x00000502       0x34 d:/gcc arm/10 2021.10/bin/../lib/gcc/arm-none-eabi/10.3.1/../../../../arm-none-eabi/lib/thumb/v7e-m+fp/hard\libc_nano.a(lib_a-assert.o)
 .ARM.attributes
                0x00000536       0x34 d:/gcc arm/10 2021.10/bin/../lib/gcc/arm-none-eabi/10.3.1/../../../../arm-none-eabi/lib/thumb/v7e-m+fp/hard\libc_nano.a(lib_a-fflush.o)
 .ARM.attributes
                0x0000056a       0x34 d:/gcc arm/10 2021.10/bin/../lib/gcc/arm-none-eabi/10.3.1/../../../../arm-none-eabi/lib/thumb/v7e-m+fp/hard\libc_nano.a(lib_a-findfp.o)
 .ARM.attributes
                0x0000059e       0x34 d:/gcc arm/10 2021.10/bin/../lib/gcc/arm-none-eabi/10.3.1/../../../../arm-none-eabi/lib/thumb/v7e-m+fp/hard\libc_nano.a(lib_a-fprintf.o)
 .ARM.attributes
                0x000005d2       0x34 d:/gcc arm/10 2021.10/bin/../lib/gcc/arm-none-eabi/10.3.1/../../../../arm-none-eabi/lib/thumb/v7e-m+fp/hard\libc_nano.a(lib_a-fwalk.o)
 .ARM.attributes
                0x00000606       0x34 d:/gcc arm/10 2021.10/bin/../lib/gcc/arm-none-eabi/10.3.1/../../../../arm-none-eabi/lib/thumb/v7e-m+fp/hard\libc_nano.a(lib_a-lock.o)
 .ARM.attributes
                0x0000063a       0x34 d:/gcc arm/10 2021.10/bin/../lib/gcc/arm-none-eabi/10.3.1/../../../../arm-none-eabi/lib/thumb/v7e-m+fp/hard\libc_nano.a(lib_a-makebuf.o)
 .ARM.attributes
                0x0000066e       0x34 d:/gcc arm/10 2021.10/bin/../lib/gcc/arm-none-eabi/10.3.1/../../../../arm-none-eabi/lib/thumb/v7e-m+fp/hard\libc_nano.a(lib_a-malloc.o)
 .ARM.attributes
                0x000006a2       0x34 d:/gcc arm/10 2021.10/bin/../lib/gcc/arm-none-eabi/10.3.1/../../../../arm-none-eabi/lib/thumb/v7e-m+fp/hard\libc_nano.a(lib_a-nano-freer.o)
 .ARM.attributes
                0x000006d6       0x34 d:/gcc arm/10 2021.10/bin/../lib/gcc/arm-none-eabi/10.3.1/../../../../arm-none-eabi/lib/thumb/v7e-m+fp/hard\libc_nano.a(lib_a-nano-mallocr.o)
 .ARM.attributes
                0x0000070a       0x34 d:/gcc arm/10 2021.10/bin/../lib/gcc/arm-none-eabi/10.3.1/../../../../arm-none-eabi/lib/thumb/v7e-m+fp/hard\libc_nano.a(lib_a-nano-vfprintf.o)
 .ARM.attributes
                0x0000073e       0x34 d:/gcc arm/10 2021.10/bin/../lib/gcc/arm-none-eabi/10.3.1/../../../../arm-none-eabi/lib/thumb/v7e-m+fp/hard\libc_nano.a(lib_a-nano-vfprintf_i.o)
 .ARM.attributes
                0x00000772       0x34 d:/gcc arm/10 2021.10/bin/../lib/gcc/arm-none-eabi/10.3.1/../../../../arm-none-eabi/lib/thumb/v7e-m+fp/hard\libc_nano.a(lib_a-sbrkr.o)
 .ARM.attributes
                0x000007a6       0x34 d:/gcc arm/10 2021.10/bin/../lib/gcc/arm-none-eabi/10.3.1/../../../../arm-none-eabi/lib/thumb/v7e-m+fp/hard\libc_nano.a(lib_a-stdio.o)
 .ARM.attributes
                0x000007da       0x34 d:/gcc arm/10 2021.10/bin/../lib/gcc/arm-none-eabi/10.3.1/../../../../arm-none-eabi/lib/thumb/v7e-m+fp/hard\libc_nano.a(lib_a-writer.o)
 .ARM.attributes
                0x0000080e       0x34 d:/gcc arm/10 2021.10/bin/../lib/gcc/arm-none-eabi/10.3.1/../../../../arm-none-eabi/lib/thumb/v7e-m+fp/hard\libc_nano.a(lib_a-abort.o)
 .ARM.attributes
                0x00000842       0x34 d:/gcc arm/10 2021.10/bin/../lib/gcc/arm-none-eabi/10.3.1/../../../../arm-none-eabi/lib/thumb/v7e-m+fp/hard\libc_nano.a(lib_a-closer.o)
 .ARM.attributes
                0x00000876       0x34 d:/gcc arm/10 2021.10/bin/../lib/gcc/arm-none-eabi/10.3.1/../../../../arm-none-eabi/lib/thumb/v7e-m+fp/hard\libc_nano.a(lib_a-fstatr.o)
 .ARM.attributes
                0x000008aa       0x34 d:/gcc arm/10 2021.10/bin/../lib/gcc/arm-none-eabi/10.3.1/../../../../arm-none-eabi/lib/thumb/v7e-m+fp/hard\libc_nano.a(lib_a-isattyr.o)
 .ARM.attributes
                0x000008de       0x34 d:/gcc arm/10 2021.10/bin/../lib/gcc/arm-none-eabi/10.3.1/../../../../arm-none-eabi/lib/thumb/v7e-m+fp/hard\libc_nano.a(lib_a-lseekr.o)
 .ARM.attributes
                0x00000912       0x1c d:/gcc arm/10 2021.10/bin/../lib/gcc/arm-none-eabi/10.3.1/../../../../arm-none-eabi/lib/thumb/v7e-m+fp/hard\libc_nano.a(lib_a-memchr.o)
 .ARM.attributes
                0x0000092e       0x34 d:/gcc arm/10 2021.10/bin/../lib/gcc/arm-none-eabi/10.3.1/../../../../arm-none-eabi/lib/thumb/v7e-m+fp/hard\libc_nano.a(lib_a-memmove.o)
 .ARM.attributes
                0x00000962       0x34 d:/gcc arm/10 2021.10/bin/../lib/gcc/arm-none-eabi/10.3.1/../../../../arm-none-eabi/lib/thumb/v7e-m+fp/hard\libc_nano.a(lib_a-mlock.o)
 .ARM.attributes
                0x00000996       0x34 d:/gcc arm/10 2021.10/bin/../lib/gcc/arm-none-eabi/10.3.1/../../../../arm-none-eabi/lib/thumb/v7e-m+fp/hard\libc_nano.a(lib_a-readr.o)
 .ARM.attributes
                0x000009ca       0x34 d:/gcc arm/10 2021.10/bin/../lib/gcc/arm-none-eabi/10.3.1/../../../../arm-none-eabi/lib/thumb/v7e-m+fp/hard\libc_nano.a(lib_a-reent.o)
 .ARM.attributes
                0x000009fe       0x34 d:/gcc arm/10 2021.10/bin/../lib/gcc/arm-none-eabi/10.3.1/../../../../arm-none-eabi/lib/thumb/v7e-m+fp/hard\libc_nano.a(lib_a-signal.o)
 .ARM.attributes
                0x00000a32       0x34 d:/gcc arm/10 2021.10/bin/../lib/gcc/arm-none-eabi/10.3.1/../../../../arm-none-eabi/lib/thumb/v7e-m+fp/hard\libc_nano.a(lib_a-signalr.o)
 .ARM.attributes
                0x00000a66       0x34 d:/gcc arm/10 2021.10/bin/../lib/gcc/arm-none-eabi/10.3.1/../../../../arm-none-eabi/lib/thumb/v7e-m+fp/hard\libnosys.a(close.o)
 .ARM.attributes
                0x00000a9a       0x34 d:/gcc arm/10 2021.10/bin/../lib/gcc/arm-none-eabi/10.3.1/../../../../arm-none-eabi/lib/thumb/v7e-m+fp/hard\libnosys.a(fstat.o)
 .ARM.attributes
                0x00000ace       0x34 d:/gcc arm/10 2021.10/bin/../lib/gcc/arm-none-eabi/10.3.1/../../../../arm-none-eabi/lib/thumb/v7e-m+fp/hard\libnosys.a(getpid.o)
 .ARM.attributes
                0x00000b02       0x34 d:/gcc arm/10 2021.10/bin/../lib/gcc/arm-none-eabi/10.3.1/../../../../arm-none-eabi/lib/thumb/v7e-m+fp/hard\libnosys.a(isatty.o)
 .ARM.attributes
                0x00000b36       0x34 d:/gcc arm/10 2021.10/bin/../lib/gcc/arm-none-eabi/10.3.1/../../../../arm-none-eabi/lib/thumb/v7e-m+fp/hard\libnosys.a(kill.o)
 .ARM.attributes
                0x00000b6a       0x34 d:/gcc arm/10 2021.10/bin/../lib/gcc/arm-none-eabi/10.3.1/../../../../arm-none-eabi/lib/thumb/v7e-m+fp/hard\libnosys.a(lseek.o)
 .ARM.attributes
                0x00000b9e       0x34 d:/gcc arm/10 2021.10/bin/../lib/gcc/arm-none-eabi/10.3.1/../../../../arm-none-eabi/lib/thumb/v7e-m+fp/hard\libnosys.a(read.o)
 .ARM.attributes
                0x00000bd2       0x34 d:/gcc arm/10 2021.10/bin/../lib/gcc/arm-none-eabi/10.3.1/../../../../arm-none-eabi/lib/thumb/v7e-m+fp/hard\libnosys.a(sbrk.o)
 .ARM.attributes
                0x00000c06       0x34 d:/gcc arm/10 2021.10/bin/../lib/gcc/arm-none-eabi/10.3.1/../../../../arm-none-eabi/lib/thumb/v7e-m+fp/hard\libnosys.a(write.o)
 .ARM.attributes
                0x00000c3a       0x34 d:/gcc arm/10 2021.10/bin/../lib/gcc/arm-none-eabi/10.3.1/../../../../arm-none-eabi/lib/thumb/v7e-m+fp/hard\libnosys.a(_exit.o)
 .ARM.attributes
                0x00000c6e       0x34 mbedTLS/library\libmbedcrypto.a(gcm.o)
 .ARM.attributes
                0x00000ca2       0x34 mbedTLS/library\libmbedcrypto.a(platform_util.o)
 .ARM.attributes
                0x00000cd6       0x34 mbedTLS/library\libmbedcrypto.a(cipher.o)
 .ARM.attributes
                0x00000d0a       0x34 mbedTLS/library\libmbedcrypto.a(cipher_wrap.o)
 .ARM.attributes
                0x00000d3e       0x34 mbedTLS/library\libmbedcrypto.a(constant_time.o)
 .ARM.attributes
                0x00000d72       0x34 mbedTLS/library\libmbedcrypto.a(aes.o)
 .ARM.attributes
                0x00000da6       0x34 mbedTLS/library\libmbedcrypto.a(aria.o)
 .ARM.attributes
                0x00000dda       0x34 mbedTLS/library\libmbedcrypto.a(camellia.o)
 .ARM.attributes
                0x00000e0e       0x34 mbedTLS/library\libmbedcrypto.a(ccm.o)
 .ARM.attributes
                0x00000e42       0x34 d:/gcc arm/10 2021.10/bin/../lib/gcc/arm-none-eabi/10.3.1/../../../../arm-none-eabi/lib/thumb/v7e-m+fp/hard\libc_nano.a(lib_a-calloc.o)
 .ARM.attributes
                0x00000e76       0x34 d:/gcc arm/10 2021.10/bin/../lib/gcc/arm-none-eabi/10.3.1/../../../../arm-none-eabi/lib/thumb/v7e-m+fp/hard\libc_nano.a(lib_a-gmtime.o)
 .ARM.attributes
                0x00000eaa       0x34 d:/gcc arm/10 2021.10/bin/../lib/gcc/arm-none-eabi/10.3.1/../../../../arm-none-eabi/lib/thumb/v7e-m+fp/hard\libc_nano.a(lib_a-gmtime_r.o)
 .ARM.attributes
                0x00000ede       0x34 d:/gcc arm/10 2021.10/bin/../lib/gcc/arm-none-eabi/10.3.1/../../../../arm-none-eabi/lib/thumb/v7e-m+fp/hard\libc_nano.a(lib_a-nano-callocr.o)
 .ARM.attributes
                0x00000f12       0x1c d:/gcc arm/10 2021.10/bin/../lib/gcc/arm-none-eabi/10.3.1/../../../../arm-none-eabi/lib/thumb/v7e-m+fp/hard\libc_nano.a(lib_a-strcmp.o)
 .ARM.attributes
                0x00000f2e       0x1e d:/gcc arm/10 2021.10/bin/../lib/gcc/arm-none-eabi/10.3.1/thumb/v7e-m+fp/hard\libgcc.a(_aeabi_ldivmod.o)
 .ARM.attributes
                0x00000f4c       0x34 d:/gcc arm/10 2021.10/bin/../lib/gcc/arm-none-eabi/10.3.1/thumb/v7e-m+fp/hard\libgcc.a(_udivmoddi4.o)
 .ARM.attributes
                0x00000f80       0x1e d:/gcc arm/10 2021.10/bin/../lib/gcc/arm-none-eabi/10.3.1/thumb/v7e-m+fp/hard\libgcc.a(_dvmd_tls.o)
 .ARM.attributes
                0x00000f9e       0x1e d:/gcc arm/10 2021.10/bin/../lib/gcc/arm-none-eabi/10.3.1/thumb/v7e-m+fp/hard/crtn.o
OUTPUT(build/tee_boot.elf elf32-littlearm)
LOAD linker stubs
LOAD mbedTLS/library\libmbedcrypto.a

.debug_info     0x00000000    0x19f12
 .debug_info    0x00000000      0x99c build/w5500.o
 .debug_info    0x0000099c      0x5de build/system_stm32f4xx.o
 .debug_info    0x00000f7a      0x40c build/blink.o
 .debug_info    0x00001386      0xb06 build/cipher_coap.o
 .debug_info    0x00001e8c      0x100 build/clock.o
 .debug_info    0x00001f8c      0x7bf build/main.o
 .debug_info    0x0000274b      0x302 build/w5500_run.o
 .debug_info    0x00002a4d     0x1442 build/socket.o
 .debug_info    0x00003e8f      0xdca build/w5500_host_config.o
 .debug_info    0x00004c59      0x684 build/w5500_phy.o
 .debug_info    0x000052dd      0xf07 build/w5500_spi.o
 .debug_info    0x000061e4     0x1d2d build/wizchip_conf.o
 .debug_info    0x00007f11     0x114e build/coap.o
 .debug_info    0x0000905f      0xcfb build/coap_port.o
 .debug_info    0x00009d5a     0x24cd mbedTLS/library\libmbedcrypto.a(gcm.o)
 .debug_info    0x0000c227      0x383 mbedTLS/library\libmbedcrypto.a(platform_util.o)
 .debug_info    0x0000c5aa     0x342b mbedTLS/library\libmbedcrypto.a(cipher.o)
 .debug_info    0x0000f9d5     0x29e7 mbedTLS/library\libmbedcrypto.a(cipher_wrap.o)
 .debug_info    0x000123bc      0x725 mbedTLS/library\libmbedcrypto.a(constant_time.o)
 .debug_info    0x00012ae1     0x22f8 mbedTLS/library\libmbedcrypto.a(aes.o)
 .debug_info    0x00014dd9     0x1b3b mbedTLS/library\libmbedcrypto.a(aria.o)
 .debug_info    0x00016914      0xead mbedTLS/library\libmbedcrypto.a(camellia.o)
 .debug_info    0x000177c1     0x2751 mbedTLS/library\libmbedcrypto.a(ccm.o)

.debug_abbrev   0x00000000     0x4373
 .debug_abbrev  0x00000000      0x295 build/w5500.o
 .debug_abbrev  0x00000295      0x11b build/system_stm32f4xx.o
 .debug_abbrev  0x000003b0      0x119 build/blink.o
 .debug_abbrev  0x000004c9      0x291 build/cipher_coap.o
 .debug_abbrev  0x0000075a       0xb0 build/clock.o
 .debug_abbrev  0x0000080a      0x1cc build/main.o
 .debug_abbrev  0x000009d6      0x195 build/w5500_run.o
 .debug_abbrev  0x00000b6b      0x25c build/socket.o
 .debug_abbrev  0x00000dc7      0x2a2 build/w5500_host_config.o
 .debug_abbrev  0x00001069      0x153 build/w5500_phy.o
 .debug_abbrev  0x000011bc      0x356 build/w5500_spi.o
 .debug_abbrev  0x00001512      0x4e0 build/wizchip_conf.o
 .debug_abbrev  0x000019f2      0x3db build/coap.o
 .debug_abbrev  0x00001dcd      0x2b2 build/coap_port.o
 .debug_abbrev  0x0000207f      0x508 mbedTLS/library\libmbedcrypto.a(gcm.o)
 .debug_abbrev  0x00002587      0x1d8 mbedTLS/library\libmbedcrypto.a(platform_util.o)
 .debug_abbrev  0x0000275f      0x648 mbedTLS/library\libmbedcrypto.a(cipher.o)
 .debug_abbrev  0x00002da7      0x42b mbedTLS/library\libmbedcrypto.a(cipher_wrap.o)
 .debug_abbrev  0x000031d2      0x2ab mbedTLS/library\libmbedcrypto.a(constant_time.o)
 .debug_abbrev  0x0000347d      0x404 mbedTLS/library\libmbedcrypto.a(aes.o)
 .debug_abbrev  0x00003881      0x33f mbedTLS/library\libmbedcrypto.a(aria.o)
 .debug_abbrev  0x00003bc0      0x2f3 mbedTLS/library\libmbedcrypto.a(camellia.o)
 .debug_abbrev  0x00003eb3      0x4c0 mbedTLS/library\libmbedcrypto.a(ccm.o)

.debug_loc      0x00000000    0x1d367
 .debug_loc     0x00000000      0x7b9 build/w5500.o
 .debug_loc     0x000007b9      0x118 build/system_stm32f4xx.o
 .debug_loc     0x000008d1       0x6b build/blink.o
 .debug_loc     0x0000093c      0x734 build/cipher_coap.o
 .debug_loc     0x00001070       0x15 build/clock.o
 .debug_loc     0x00001085       0x88 build/main.o
 .debug_loc     0x0000110d      0x14a build/w5500_run.o
 .debug_loc     0x00001257     0x1b51 build/socket.o
 .debug_loc     0x00002da8      0x137 build/w5500_host_config.o
 .debug_loc     0x00002edf      0x12f build/w5500_phy.o
 .debug_loc     0x0000300e      0x24e build/w5500_spi.o
 .debug_loc     0x0000325c     0x1c6b build/wizchip_conf.o
 .debug_loc     0x00004ec7     0x1ca4 build/coap.o
 .debug_loc     0x00006b6b      0x73b build/coap_port.o
 .debug_loc     0x000072a6     0x300f mbedTLS/library\libmbedcrypto.a(gcm.o)
 .debug_loc     0x0000a2b5      0x2b1 mbedTLS/library\libmbedcrypto.a(platform_util.o)
 .debug_loc     0x0000a566     0x3a79 mbedTLS/library\libmbedcrypto.a(cipher.o)
 .debug_loc     0x0000dfdf     0x149d mbedTLS/library\libmbedcrypto.a(cipher_wrap.o)
 .debug_loc     0x0000f47c      0x990 mbedTLS/library\libmbedcrypto.a(constant_time.o)
 .debug_loc     0x0000fe0c     0x456f mbedTLS/library\libmbedcrypto.a(aes.o)
 .debug_loc     0x0001437b     0x380c mbedTLS/library\libmbedcrypto.a(aria.o)
 .debug_loc     0x00017b87     0x1f7a mbedTLS/library\libmbedcrypto.a(camellia.o)
 .debug_loc     0x00019b01     0x3866 mbedTLS/library\libmbedcrypto.a(ccm.o)

.debug_aranges  0x00000000      0x5a0
 .debug_aranges
                0x00000000       0x60 build/w5500.o
 .debug_aranges
                0x00000060       0x28 build/system_stm32f4xx.o
 .debug_aranges
                0x00000088       0x28 build/blink.o
 .debug_aranges
                0x000000b0       0x38 build/cipher_coap.o
 .debug_aranges
                0x000000e8       0x28 build/clock.o
 .debug_aranges
                0x00000110       0x20 build/main.o
 .debug_aranges
                0x00000130       0x28 build/w5500_run.o
 .debug_aranges
                0x00000158       0x80 build/socket.o
 .debug_aranges
                0x000001d8       0x38 build/w5500_host_config.o
 .debug_aranges
                0x00000210       0x30 build/w5500_phy.o
 .debug_aranges
                0x00000240       0x60 build/w5500_spi.o
 .debug_aranges
                0x000002a0      0x118 build/wizchip_conf.o
 .debug_aranges
                0x000003b8       0x78 build/coap.o
 .debug_aranges
                0x00000430       0x50 build/coap_port.o
 .debug_aranges
                0x00000480       0x20 mbedTLS/library\libmbedcrypto.a(gcm.o)
 .debug_aranges
                0x000004a0       0x20 mbedTLS/library\libmbedcrypto.a(platform_util.o)
 .debug_aranges
                0x000004c0       0x20 mbedTLS/library\libmbedcrypto.a(cipher.o)
 .debug_aranges
                0x000004e0       0x20 mbedTLS/library\libmbedcrypto.a(cipher_wrap.o)
 .debug_aranges
                0x00000500       0x20 mbedTLS/library\libmbedcrypto.a(constant_time.o)
 .debug_aranges
                0x00000520       0x20 mbedTLS/library\libmbedcrypto.a(aes.o)
 .debug_aranges
                0x00000540       0x20 mbedTLS/library\libmbedcrypto.a(aria.o)
 .debug_aranges
                0x00000560       0x20 mbedTLS/library\libmbedcrypto.a(camellia.o)
 .debug_aranges
                0x00000580       0x20 mbedTLS/library\libmbedcrypto.a(ccm.o)

.debug_ranges   0x00000000     0x3580
 .debug_ranges  0x00000000       0x50 build/w5500.o
 .debug_ranges  0x00000050       0x18 build/system_stm32f4xx.o
 .debug_ranges  0x00000068       0x18 build/blink.o
 .debug_ranges  0x00000080       0x40 build/cipher_coap.o
 .debug_ranges  0x000000c0       0x18 build/clock.o
 .debug_ranges  0x000000d8       0x50 build/main.o
 .debug_ranges  0x00000128       0x18 build/w5500_run.o
 .debug_ranges  0x00000140       0x88 build/socket.o
 .debug_ranges  0x000001c8       0x28 build/w5500_host_config.o
 .debug_ranges  0x000001f0       0x20 build/w5500_phy.o
 .debug_ranges  0x00000210      0x108 build/w5500_spi.o
 .debug_ranges  0x00000318      0x180 build/wizchip_conf.o
 .debug_ranges  0x00000498      0x218 build/coap.o
 .debug_ranges  0x000006b0       0xa0 build/coap_port.o
 .debug_ranges  0x00000750      0xcc8 mbedTLS/library\libmbedcrypto.a(gcm.o)
 .debug_ranges  0x00001418       0x18 mbedTLS/library\libmbedcrypto.a(platform_util.o)
 .debug_ranges  0x00001430      0x630 mbedTLS/library\libmbedcrypto.a(cipher.o)
 .debug_ranges  0x00001a60       0x18 mbedTLS/library\libmbedcrypto.a(cipher_wrap.o)
 .debug_ranges  0x00001a78      0x128 mbedTLS/library\libmbedcrypto.a(constant_time.o)
 .debug_ranges  0x00001ba0      0xae8 mbedTLS/library\libmbedcrypto.a(aes.o)
 .debug_ranges  0x00002688      0x938 mbedTLS/library\libmbedcrypto.a(aria.o)
 .debug_ranges  0x00002fc0      0x218 mbedTLS/library\libmbedcrypto.a(camellia.o)
 .debug_ranges  0x000031d8      0x3a8 mbedTLS/library\libmbedcrypto.a(ccm.o)

.debug_line     0x00000000    0x10633
 .debug_line    0x00000000      0x4f2 build/w5500.o
 .debug_line    0x000004f2      0x1f5 build/system_stm32f4xx.o
 .debug_line    0x000006e7      0x14b build/blink.o
 .debug_line    0x00000832      0x33e build/cipher_coap.o
 .debug_line    0x00000b70      0x107 build/clock.o
 .debug_line    0x00000c77      0x215 build/main.o
 .debug_line    0x00000e8c      0x18f build/w5500_run.o
 .debug_line    0x0000101b     0x136a build/socket.o
 .debug_line    0x00002385      0x27f build/w5500_host_config.o
 .debug_line    0x00002604      0x295 build/w5500_phy.o
 .debug_line    0x00002899      0x589 build/w5500_spi.o
 .debug_line    0x00002e22     0x1034 build/wizchip_conf.o
 .debug_line    0x00003e56      0xe0a build/coap.o
 .debug_line    0x00004c60      0x573 build/coap_port.o
 .debug_line    0x000051d3     0x2003 mbedTLS/library\libmbedcrypto.a(gcm.o)
 .debug_line    0x000071d6      0x220 mbedTLS/library\libmbedcrypto.a(platform_util.o)
 .debug_line    0x000073f6     0x19fc mbedTLS/library\libmbedcrypto.a(cipher.o)
 .debug_line    0x00008df2      0x5ef mbedTLS/library\libmbedcrypto.a(cipher_wrap.o)
 .debug_line    0x000093e1      0x685 mbedTLS/library\libmbedcrypto.a(constant_time.o)
 .debug_line    0x00009a66     0x29cf mbedTLS/library\libmbedcrypto.a(aes.o)
 .debug_line    0x0000c435     0x201b mbedTLS/library\libmbedcrypto.a(aria.o)
 .debug_line    0x0000e450      0xfe2 mbedTLS/library\libmbedcrypto.a(camellia.o)
 .debug_line    0x0000f432     0x1201 mbedTLS/library\libmbedcrypto.a(ccm.o)

.debug_str      0x00000000     0x4dd3
 .debug_str     0x00000000      0x23d build/w5500.o
                                0x2d9 (size before relaxing)
 .debug_str     0x0000023d      0x203 build/system_stm32f4xx.o
                                0x36d (size before relaxing)
 .debug_str     0x00000440       0x69 build/blink.o
                                0x2cf (size before relaxing)
 .debug_str     0x000004a9      0x4dc build/cipher_coap.o
                                0x678 (size before relaxing)
 .debug_str     0x00000985       0x2b build/clock.o
                                0x198 (size before relaxing)
 .debug_str     0x000009b0      0x48d build/main.o
                                0x6cb (size before relaxing)
 .debug_str     0x00000e3d       0xcc build/w5500_run.o
                                0x266 (size before relaxing)
 .debug_str     0x00000f09      0x257 build/socket.o
                                0x496 (size before relaxing)
 .debug_str     0x00001160      0x4d4 build/w5500_host_config.o
                                0x711 (size before relaxing)
 .debug_str     0x00001634      0x19e build/w5500_phy.o
                                0x3ee (size before relaxing)
 .debug_str     0x000017d2      0x183 build/w5500_spi.o
                                0x9ce (size before relaxing)
 .debug_str     0x00001955      0x419 build/wizchip_conf.o
                                0x8f2 (size before relaxing)
 .debug_str     0x00001d6e      0x6e7 build/coap.o
                                0x8ce (size before relaxing)
 .debug_str     0x00002455       0xfb build/coap_port.o
                                0x643 (size before relaxing)
 .debug_str     0x00002550      0x4a4 mbedTLS/library\libmbedcrypto.a(gcm.o)
                                0x883 (size before relaxing)
 .debug_str     0x000029f4       0x7c mbedTLS/library\libmbedcrypto.a(platform_util.o)
                                0x254 (size before relaxing)
 .debug_str     0x00002a70     0x1195 mbedTLS/library\libmbedcrypto.a(cipher.o)
                               0x1857 (size before relaxing)
 .debug_str     0x00003c05      0xdfd mbedTLS/library\libmbedcrypto.a(cipher_wrap.o)
                               0x1eb6 (size before relaxing)
 .debug_str     0x00004a02       0x9c mbedTLS/library\libmbedcrypto.a(constant_time.o)
                                0x2fe (size before relaxing)
 .debug_str     0x00004a9e      0x160 mbedTLS/library\libmbedcrypto.a(aes.o)
                                0x5ad (size before relaxing)
 .debug_str     0x00004bfe       0x66 mbedTLS/library\libmbedcrypto.a(aria.o)
                                0x387 (size before relaxing)
 .debug_str     0x00004c64       0x57 mbedTLS/library\libmbedcrypto.a(camellia.o)
                                0x3b9 (size before relaxing)
 .debug_str     0x00004cbb      0x118 mbedTLS/library\libmbedcrypto.a(ccm.o)
                                0x85d (size before relaxing)

.comment        0x00000000       0x49
 .comment       0x00000000       0x49 build/w5500.o
                                 0x4a (size before relaxing)
 .comment       0x00000049       0x4a build/system_stm32f4xx.o
 .comment       0x00000049       0x4a build/blink.o
 .comment       0x00000049       0x4a build/cipher_coap.o
 .comment       0x00000049       0x4a build/clock.o
 .comment       0x00000049       0x4a build/main.o
 .comment       0x00000049       0x4a build/w5500_run.o
 .comment       0x00000049       0x4a build/socket.o
 .comment       0x00000049       0x4a build/w5500_host_config.o
 .comment       0x00000049       0x4a build/w5500_phy.o
 .comment       0x00000049       0x4a build/w5500_spi.o
 .comment       0x00000049       0x4a build/wizchip_conf.o
 .comment       0x00000049       0x4a build/coap.o
 .comment       0x00000049       0x4a build/coap_port.o
 .comment       0x00000049       0x4a mbedTLS/library\libmbedcrypto.a(gcm.o)
 .comment       0x00000049       0x4a mbedTLS/library\libmbedcrypto.a(platform_util.o)
 .comment       0x00000049       0x4a mbedTLS/library\libmbedcrypto.a(cipher.o)
 .comment       0x00000049       0x4a mbedTLS/library\libmbedcrypto.a(cipher_wrap.o)
 .comment       0x00000049       0x4a mbedTLS/library\libmbedcrypto.a(constant_time.o)
 .comment       0x00000049       0x4a mbedTLS/library\libmbedcrypto.a(aes.o)
 .comment       0x00000049       0x4a mbedTLS/library\libmbedcrypto.a(aria.o)
 .comment       0x00000049       0x4a mbedTLS/library\libmbedcrypto.a(camellia.o)
 .comment       0x00000049       0x4a mbedTLS/library\libmbedcrypto.a(ccm.o)

.debug_frame    0x00000000     0x2c6c
 .debug_frame   0x00000000      0x16c build/w5500.o
 .debug_frame   0x0000016c       0x30 build/system_stm32f4xx.o
 .debug_frame   0x0000019c       0x44 build/blink.o
 .debug_frame   0x000001e0       0xbc build/cipher_coap.o
 .debug_frame   0x0000029c       0x30 build/clock.o
 .debug_frame   0x000002cc       0x28 build/main.o
 .debug_frame   0x000002f4       0x40 build/w5500_run.o
 .debug_frame   0x00000334      0x278 build/socket.o
 .debug_frame   0x000005ac       0x80 build/w5500_host_config.o
 .debug_frame   0x0000062c       0x88 build/w5500_phy.o
 .debug_frame   0x000006b4       0xc4 build/w5500_spi.o
 .debug_frame   0x00000778      0x33c build/wizchip_conf.o
 .debug_frame   0x00000ab4      0x188 build/coap.o
 .debug_frame   0x00000c3c      0x108 build/coap_port.o
 .debug_frame   0x00000d44       0x2c d:/gcc arm/10 2021.10/bin/../lib/gcc/arm-none-eabi/10.3.1/../../../../arm-none-eabi/lib/thumb/v7e-m+fp/hard\libc_nano.a(lib_a-init.o)
 .debug_frame   0x00000d70       0x28 d:/gcc arm/10 2021.10/bin/../lib/gcc/arm-none-eabi/10.3.1/../../../../arm-none-eabi/lib/thumb/v7e-m+fp/hard\libc_nano.a(lib_a-memcpy-stub.o)
 .debug_frame   0x00000d98       0x20 d:/gcc arm/10 2021.10/bin/../lib/gcc/arm-none-eabi/10.3.1/../../../../arm-none-eabi/lib/thumb/v7e-m+fp/hard\libc_nano.a(lib_a-memset.o)
 .debug_frame   0x00000db8       0x74 d:/gcc arm/10 2021.10/bin/../lib/gcc/arm-none-eabi/10.3.1/../../../../arm-none-eabi/lib/thumb/v7e-m+fp/hard\libc_nano.a(lib_a-printf.o)
 .debug_frame   0x00000e2c       0x3c d:/gcc arm/10 2021.10/bin/../lib/gcc/arm-none-eabi/10.3.1/../../../../arm-none-eabi/lib/thumb/v7e-m+fp/hard\libc_nano.a(lib_a-puts.o)
 .debug_frame   0x00000e68       0x44 d:/gcc arm/10 2021.10/bin/../lib/gcc/arm-none-eabi/10.3.1/../../../../arm-none-eabi/lib/thumb/v7e-m+fp/hard\libc_nano.a(lib_a-rand.o)
 .debug_frame   0x00000eac       0x40 d:/gcc arm/10 2021.10/bin/../lib/gcc/arm-none-eabi/10.3.1/../../../../arm-none-eabi/lib/thumb/v7e-m+fp/hard\libc_nano.a(lib_a-wbuf.o)
 .debug_frame   0x00000eec       0x2c d:/gcc arm/10 2021.10/bin/../lib/gcc/arm-none-eabi/10.3.1/../../../../arm-none-eabi/lib/thumb/v7e-m+fp/hard\libc_nano.a(lib_a-wsetup.o)
 .debug_frame   0x00000f18       0x40 d:/gcc arm/10 2021.10/bin/../lib/gcc/arm-none-eabi/10.3.1/../../../../arm-none-eabi/lib/thumb/v7e-m+fp/hard\libc_nano.a(lib_a-assert.o)
 .debug_frame   0x00000f58       0x5c d:/gcc arm/10 2021.10/bin/../lib/gcc/arm-none-eabi/10.3.1/../../../../arm-none-eabi/lib/thumb/v7e-m+fp/hard\libc_nano.a(lib_a-fflush.o)
 .debug_frame   0x00000fb4      0x14c d:/gcc arm/10 2021.10/bin/../lib/gcc/arm-none-eabi/10.3.1/../../../../arm-none-eabi/lib/thumb/v7e-m+fp/hard\libc_nano.a(lib_a-findfp.o)
 .debug_frame   0x00001100       0x64 d:/gcc arm/10 2021.10/bin/../lib/gcc/arm-none-eabi/10.3.1/../../../../arm-none-eabi/lib/thumb/v7e-m+fp/hard\libc_nano.a(lib_a-fprintf.o)
 .debug_frame   0x00001164       0x54 d:/gcc arm/10 2021.10/bin/../lib/gcc/arm-none-eabi/10.3.1/../../../../arm-none-eabi/lib/thumb/v7e-m+fp/hard\libc_nano.a(lib_a-fwalk.o)
 .debug_frame   0x000011b8       0xb0 d:/gcc arm/10 2021.10/bin/../lib/gcc/arm-none-eabi/10.3.1/../../../../arm-none-eabi/lib/thumb/v7e-m+fp/hard\libc_nano.a(lib_a-lock.o)
 .debug_frame   0x00001268       0x58 d:/gcc arm/10 2021.10/bin/../lib/gcc/arm-none-eabi/10.3.1/../../../../arm-none-eabi/lib/thumb/v7e-m+fp/hard\libc_nano.a(lib_a-makebuf.o)
 .debug_frame   0x000012c0       0x30 d:/gcc arm/10 2021.10/bin/../lib/gcc/arm-none-eabi/10.3.1/../../../../arm-none-eabi/lib/thumb/v7e-m+fp/hard\libc_nano.a(lib_a-malloc.o)
 .debug_frame   0x000012f0       0x38 d:/gcc arm/10 2021.10/bin/../lib/gcc/arm-none-eabi/10.3.1/../../../../arm-none-eabi/lib/thumb/v7e-m+fp/hard\libc_nano.a(lib_a-nano-freer.o)
 .debug_frame   0x00001328       0x4c d:/gcc arm/10 2021.10/bin/../lib/gcc/arm-none-eabi/10.3.1/../../../../arm-none-eabi/lib/thumb/v7e-m+fp/hard\libc_nano.a(lib_a-nano-mallocr.o)
 .debug_frame   0x00001374       0xac d:/gcc arm/10 2021.10/bin/../lib/gcc/arm-none-eabi/10.3.1/../../../../arm-none-eabi/lib/thumb/v7e-m+fp/hard\libc_nano.a(lib_a-nano-vfprintf.o)
 .debug_frame   0x00001420       0x60 d:/gcc arm/10 2021.10/bin/../lib/gcc/arm-none-eabi/10.3.1/../../../../arm-none-eabi/lib/thumb/v7e-m+fp/hard\libc_nano.a(lib_a-nano-vfprintf_i.o)
 .debug_frame   0x00001480       0x2c d:/gcc arm/10 2021.10/bin/../lib/gcc/arm-none-eabi/10.3.1/../../../../arm-none-eabi/lib/thumb/v7e-m+fp/hard\libc_nano.a(lib_a-sbrkr.o)
 .debug_frame   0x000014ac       0x88 d:/gcc arm/10 2021.10/bin/../lib/gcc/arm-none-eabi/10.3.1/../../../../arm-none-eabi/lib/thumb/v7e-m+fp/hard\libc_nano.a(lib_a-stdio.o)
 .debug_frame   0x00001534       0x2c d:/gcc arm/10 2021.10/bin/../lib/gcc/arm-none-eabi/10.3.1/../../../../arm-none-eabi/lib/thumb/v7e-m+fp/hard\libc_nano.a(lib_a-writer.o)
 .debug_frame   0x00001560       0x28 d:/gcc arm/10 2021.10/bin/../lib/gcc/arm-none-eabi/10.3.1/../../../../arm-none-eabi/lib/thumb/v7e-m+fp/hard\libc_nano.a(lib_a-abort.o)
 .debug_frame   0x00001588       0x2c d:/gcc arm/10 2021.10/bin/../lib/gcc/arm-none-eabi/10.3.1/../../../../arm-none-eabi/lib/thumb/v7e-m+fp/hard\libc_nano.a(lib_a-closer.o)
 .debug_frame   0x000015b4       0x2c d:/gcc arm/10 2021.10/bin/../lib/gcc/arm-none-eabi/10.3.1/../../../../arm-none-eabi/lib/thumb/v7e-m+fp/hard\libc_nano.a(lib_a-fstatr.o)
 .debug_frame   0x000015e0       0x2c d:/gcc arm/10 2021.10/bin/../lib/gcc/arm-none-eabi/10.3.1/../../../../arm-none-eabi/lib/thumb/v7e-m+fp/hard\libc_nano.a(lib_a-isattyr.o)
 .debug_frame   0x0000160c       0x2c d:/gcc arm/10 2021.10/bin/../lib/gcc/arm-none-eabi/10.3.1/../../../../arm-none-eabi/lib/thumb/v7e-m+fp/hard\libc_nano.a(lib_a-lseekr.o)
 .debug_frame   0x00001638       0x28 d:/gcc arm/10 2021.10/bin/../lib/gcc/arm-none-eabi/10.3.1/../../../../arm-none-eabi/lib/thumb/v7e-m+fp/hard\libc_nano.a(lib_a-memmove.o)
 .debug_frame   0x00001660       0x30 d:/gcc arm/10 2021.10/bin/../lib/gcc/arm-none-eabi/10.3.1/../../../../arm-none-eabi/lib/thumb/v7e-m+fp/hard\libc_nano.a(lib_a-mlock.o)
 .debug_frame   0x00001690       0x2c d:/gcc arm/10 2021.10/bin/../lib/gcc/arm-none-eabi/10.3.1/../../../../arm-none-eabi/lib/thumb/v7e-m+fp/hard\libc_nano.a(lib_a-readr.o)
 .debug_frame   0x000016bc       0x5c d:/gcc arm/10 2021.10/bin/../lib/gcc/arm-none-eabi/10.3.1/../../../../arm-none-eabi/lib/thumb/v7e-m+fp/hard\libc_nano.a(lib_a-reent.o)
 .debug_frame   0x00001718       0xcc d:/gcc arm/10 2021.10/bin/../lib/gcc/arm-none-eabi/10.3.1/../../../../arm-none-eabi/lib/thumb/v7e-m+fp/hard\libc_nano.a(lib_a-signal.o)
 .debug_frame   0x000017e4       0x3c d:/gcc arm/10 2021.10/bin/../lib/gcc/arm-none-eabi/10.3.1/../../../../arm-none-eabi/lib/thumb/v7e-m+fp/hard\libc_nano.a(lib_a-signalr.o)
 .debug_frame   0x00001820       0x20 d:/gcc arm/10 2021.10/bin/../lib/gcc/arm-none-eabi/10.3.1/../../../../arm-none-eabi/lib/thumb/v7e-m+fp/hard\libnosys.a(close.o)
 .debug_frame   0x00001840       0x20 d:/gcc arm/10 2021.10/bin/../lib/gcc/arm-none-eabi/10.3.1/../../../../arm-none-eabi/lib/thumb/v7e-m+fp/hard\libnosys.a(fstat.o)
 .debug_frame   0x00001860       0x20 d:/gcc arm/10 2021.10/bin/../lib/gcc/arm-none-eabi/10.3.1/../../../../arm-none-eabi/lib/thumb/v7e-m+fp/hard\libnosys.a(getpid.o)
 .debug_frame   0x00001880       0x20 d:/gcc arm/10 2021.10/bin/../lib/gcc/arm-none-eabi/10.3.1/../../../../arm-none-eabi/lib/thumb/v7e-m+fp/hard\libnosys.a(isatty.o)
 .debug_frame   0x000018a0       0x20 d:/gcc arm/10 2021.10/bin/../lib/gcc/arm-none-eabi/10.3.1/../../../../arm-none-eabi/lib/thumb/v7e-m+fp/hard\libnosys.a(kill.o)
 .debug_frame   0x000018c0       0x20 d:/gcc arm/10 2021.10/bin/../lib/gcc/arm-none-eabi/10.3.1/../../../../arm-none-eabi/lib/thumb/v7e-m+fp/hard\libnosys.a(lseek.o)
 .debug_frame   0x000018e0       0x20 d:/gcc arm/10 2021.10/bin/../lib/gcc/arm-none-eabi/10.3.1/../../../../arm-none-eabi/lib/thumb/v7e-m+fp/hard\libnosys.a(read.o)
 .debug_frame   0x00001900       0x20 d:/gcc arm/10 2021.10/bin/../lib/gcc/arm-none-eabi/10.3.1/../../../../arm-none-eabi/lib/thumb/v7e-m+fp/hard\libnosys.a(sbrk.o)
 .debug_frame   0x00001920       0x20 d:/gcc arm/10 2021.10/bin/../lib/gcc/arm-none-eabi/10.3.1/../../../../arm-none-eabi/lib/thumb/v7e-m+fp/hard\libnosys.a(write.o)
 .debug_frame   0x00001940       0x20 d:/gcc arm/10 2021.10/bin/../lib/gcc/arm-none-eabi/10.3.1/../../../../arm-none-eabi/lib/thumb/v7e-m+fp/hard\libnosys.a(_exit.o)
 .debug_frame   0x00001960      0x1e0 mbedTLS/library\libmbedcrypto.a(gcm.o)
 .debug_frame   0x00001b40       0x64 mbedTLS/library\libmbedcrypto.a(platform_util.o)
 .debug_frame   0x00001ba4      0x3c0 mbedTLS/library\libmbedcrypto.a(cipher.o)
 .debug_frame   0x00001f64      0x31c mbedTLS/library\libmbedcrypto.a(cipher_wrap.o)
 .debug_frame   0x00002280       0x70 mbedTLS/library\libmbedcrypto.a(constant_time.o)
 .debug_frame   0x000022f0      0x30c mbedTLS/library\libmbedcrypto.a(aes.o)
 .debug_frame   0x000025fc      0x154 mbedTLS/library\libmbedcrypto.a(aria.o)
 .debug_frame   0x00002750      0x150 mbedTLS/library\libmbedcrypto.a(camellia.o)
 .debug_frame   0x000028a0      0x280 mbedTLS/library\libmbedcrypto.a(ccm.o)
 .debug_frame   0x00002b20       0x20 d:/gcc arm/10 2021.10/bin/../lib/gcc/arm-none-eabi/10.3.1/../../../../arm-none-eabi/lib/thumb/v7e-m+fp/hard\libc_nano.a(lib_a-calloc.o)
 .debug_frame   0x00002b40       0x34 d:/gcc arm/10 2021.10/bin/../lib/gcc/arm-none-eabi/10.3.1/../../../../arm-none-eabi/lib/thumb/v7e-m+fp/hard\libc_nano.a(lib_a-gmtime.o)
 .debug_frame   0x00002b74       0x30 d:/gcc arm/10 2021.10/bin/../lib/gcc/arm-none-eabi/10.3.1/../../../../arm-none-eabi/lib/thumb/v7e-m+fp/hard\libc_nano.a(lib_a-gmtime_r.o)
 .debug_frame   0x00002ba4       0x30 d:/gcc arm/10 2021.10/bin/../lib/gcc/arm-none-eabi/10.3.1/../../../../arm-none-eabi/lib/thumb/v7e-m+fp/hard\libc_nano.a(lib_a-nano-callocr.o)
 .debug_frame   0x00002bd4       0x20 d:/gcc arm/10 2021.10/bin/../lib/gcc/arm-none-eabi/10.3.1/../../../../arm-none-eabi/lib/thumb/v7e-m+fp/hard\libc_nano.a(lib_a-strcmp.o)
 .debug_frame   0x00002bf4       0x44 d:/gcc arm/10 2021.10/bin/../lib/gcc/arm-none-eabi/10.3.1/thumb/v7e-m+fp/hard\libgcc.a(_aeabi_ldivmod.o)
 .debug_frame   0x00002c38       0x34 d:/gcc arm/10 2021.10/bin/../lib/gcc/arm-none-eabi/10.3.1/thumb/v7e-m+fp/hard\libgcc.a(_udivmoddi4.o)

.stab           0x00000000       0xcc
 .stab          0x00000000       0x24 d:/gcc arm/10 2021.10/bin/../lib/gcc/arm-none-eabi/10.3.1/../../../../arm-none-eabi/lib/thumb/v7e-m+fp/hard\libnosys.a(close.o)
 .stab          0x00000024       0x18 d:/gcc arm/10 2021.10/bin/../lib/gcc/arm-none-eabi/10.3.1/../../../../arm-none-eabi/lib/thumb/v7e-m+fp/hard\libnosys.a(fstat.o)
                                 0x24 (size before relaxing)
 .stab          0x0000003c       0x18 d:/gcc arm/10 2021.10/bin/../lib/gcc/arm-none-eabi/10.3.1/../../../../arm-none-eabi/lib/thumb/v7e-m+fp/hard\libnosys.a(getpid.o)
                                 0x24 (size before relaxing)
 .stab          0x00000054       0x18 d:/gcc arm/10 2021.10/bin/../lib/gcc/arm-none-eabi/10.3.1/../../../../arm-none-eabi/lib/thumb/v7e-m+fp/hard\libnosys.a(isatty.o)
                                 0x24 (size before relaxing)
 .stab          0x0000006c       0x18 d:/gcc arm/10 2021.10/bin/../lib/gcc/arm-none-eabi/10.3.1/../../../../arm-none-eabi/lib/thumb/v7e-m+fp/hard\libnosys.a(kill.o)
                                 0x24 (size before relaxing)
 .stab          0x00000084       0x18 d:/gcc arm/10 2021.10/bin/../lib/gcc/arm-none-eabi/10.3.1/../../../../arm-none-eabi/lib/thumb/v7e-m+fp/hard\libnosys.a(lseek.o)
                                 0x24 (size before relaxing)
 .stab          0x0000009c       0x18 d:/gcc arm/10 2021.10/bin/../lib/gcc/arm-none-eabi/10.3.1/../../../../arm-none-eabi/lib/thumb/v7e-m+fp/hard\libnosys.a(read.o)
                                 0x24 (size before relaxing)
 .stab          0x000000b4       0x18 d:/gcc arm/10 2021.10/bin/../lib/gcc/arm-none-eabi/10.3.1/../../../../arm-none-eabi/lib/thumb/v7e-m+fp/hard\libnosys.a(write.o)
                                 0x24 (size before relaxing)

.stabstr        0x00000000      0x1b9
 .stabstr       0x00000000      0x1b9 d:/gcc arm/10 2021.10/bin/../lib/gcc/arm-none-eabi/10.3.1/../../../../arm-none-eabi/lib/thumb/v7e-m+fp/hard\libnosys.a(close.o)

Cross Reference Table

Symbol                                            File
ADC_IRQHandler                                    build/startup_stm32f401xc.o
AHBPrescTable                                     build/system_stm32f4xx.o
APBPrescTable                                     build/system_stm32f4xx.o
Bootloader_Main                                   build/boot.o
BusFault_Handler                                  build/startup_stm32f401xc.o
DHCP_CHADDR                                       build/dhcp.o
DHCP_REAL_SIP                                     build/dhcp.o
DHCP_SIP                                          build/dhcp.o
DHCP_SOCKET                                       build/dhcp.o
DHCP_XID                                          build/dhcp.o
DHCP_allocated_dns                                build/dhcp.o
DHCP_allocated_gw                                 build/dhcp.o
DHCP_allocated_ip                                 build/dhcp.o
DHCP_allocated_sn                                 build/dhcp.o
DHCP_init                                         build/dhcp.o
                                                  build/w5500_host_config.o
DHCP_run                                          build/dhcp.o
                                                  build/w5500_host_config.o
DHCP_stop                                         build/dhcp.o
DHCP_time_handler                                 build/dhcp.o
DMA1_Stream0_IRQHandler                           build/startup_stm32f401xc.o
DMA1_Stream1_IRQHandler                           build/startup_stm32f401xc.o
DMA1_Stream2_IRQHandler                           build/startup_stm32f401xc.o
DMA1_Stream3_IRQHandler                           build/startup_stm32f401xc.o
DMA1_Stream4_IRQHandler                           build/startup_stm32f401xc.o
DMA1_Stream5_IRQHandler                           build/startup_stm32f401xc.o
DMA1_Stream6_IRQHandler                           build/startup_stm32f401xc.o
DMA1_Stream7_IRQHandler                           build/startup_stm32f401xc.o
DMA2_Stream0_IRQHandler                           build/startup_stm32f401xc.o
DMA2_Stream1_IRQHandler                           build/startup_stm32f401xc.o
DMA2_Stream2_IRQHandler                           build/startup_stm32f401xc.o
DMA2_Stream3_IRQHandler                           build/startup_stm32f401xc.o
DMA2_Stream4_IRQHandler                           build/startup_stm32f401xc.o
DMA2_Stream5_IRQHandler                           build/startup_stm32f401xc.o
DMA2_Stream6_IRQHandler                           build/startup_stm32f401xc.o
DMA2_Stream7_IRQHandler                           build/startup_stm32f401xc.o
DebugMon_Handler                                  build/startup_stm32f401xc.o
Default_Handler                                   build/startup_stm32f401xc.o
EXTI0_IRQHandler                                  build/startup_stm32f401xc.o
EXTI15_10_IRQHandler                              build/startup_stm32f401xc.o
EXTI1_IRQHandler                                  build/coap_port.o
EXTI2_IRQHandler                                  build/startup_stm32f401xc.o
EXTI3_IRQHandler                                  build/startup_stm32f401xc.o
EXTI4_IRQHandler                                  build/startup_stm32f401xc.o
EXTI9_5_IRQHandler                                build/startup_stm32f401xc.o
FLASH_IRQHandler                                  build/startup_stm32f401xc.o
FPU_IRQHandler                                    build/startup_stm32f401xc.o
HOST_NAME                                         build/dhcp.o
HardFault_Handler                                 build/startup_stm32f401xc.o
I2C1_ER_IRQHandler                                build/startup_stm32f401xc.o
I2C1_EV_IRQHandler                                build/startup_stm32f401xc.o
I2C2_ER_IRQHandler                                build/startup_stm32f401xc.o
I2C2_EV_IRQHandler                                build/startup_stm32f401xc.o
I2C3_ER_IRQHandler                                build/startup_stm32f401xc.o
I2C3_EV_IRQHandler                                build/startup_stm32f401xc.o
MemManage_Handler                                 build/startup_stm32f401xc.o
NMI_Handler                                       build/startup_stm32f401xc.o
NibbleToHex                                       build/dhcp.o
OLD_allocated_ip                                  build/dhcp.o
OTG_FS_IRQHandler                                 build/startup_stm32f401xc.o
OTG_FS_WKUP_IRQHandler                            build/startup_stm32f401xc.o
PVD_IRQHandler                                    build/startup_stm32f401xc.o
PendSV_Handler                                    build/startup_stm32f401xc.o
RCC_IRQHandler                                    build/startup_stm32f401xc.o
RTC_Alarm_IRQHandler                              build/startup_stm32f401xc.o
RTC_WKUP_IRQHandler                               build/startup_stm32f401xc.o
Reset_Handler                                     build/startup_stm32f401xc.o
SDIO_IRQHandler                                   build/startup_stm32f401xc.o
SPI1_IRQHandler                                   build/startup_stm32f401xc.o